Archive member included to satisfy reference by file (symbol)

c:/program files (x86)/atmel/studio/7.0/toolchain/arm/arm-gnu-toolchain/bin/../lib/gcc/arm-none-eabi/6.2.1/thumb/v6-m\libgcc.a(_udivsi3.o)
                              src/UART.o (__aeabi_uidiv)
c:/program files (x86)/atmel/studio/7.0/toolchain/arm/arm-gnu-toolchain/bin/../lib/gcc/arm-none-eabi/6.2.1/thumb/v6-m\libgcc.a(_dvmd_tls.o)
                              c:/program files (x86)/atmel/studio/7.0/toolchain/arm/arm-gnu-toolchain/bin/../lib/gcc/arm-none-eabi/6.2.1/thumb/v6-m\libgcc.a(_udivsi3.o) (__aeabi_idiv0)
c:/program files (x86)/atmel/studio/7.0/toolchain/arm/arm-gnu-toolchain/bin/../lib/gcc/arm-none-eabi/6.2.1/thumb/v6-m\libgcc.a(_muldi3.o)
                              src/ASF/sam0/drivers/sercom/sercom.o (__aeabi_lmul)
c:/program files (x86)/atmel/studio/7.0/toolchain/arm/arm-gnu-toolchain/bin/../lib/gcc/arm-none-eabi/6.2.1/../../../../arm-none-eabi/lib/thumb/v6-m\libc_nano.a(lib_a-exit.o)
                              c:/program files (x86)/atmel/studio/7.0/toolchain/arm/arm-gnu-toolchain/bin/../lib/gcc/arm-none-eabi/6.2.1/../../../../arm-none-eabi/lib/thumb/v6-m/crt0.o (exit)
c:/program files (x86)/atmel/studio/7.0/toolchain/arm/arm-gnu-toolchain/bin/../lib/gcc/arm-none-eabi/6.2.1/../../../../arm-none-eabi/lib/thumb/v6-m\libc_nano.a(lib_a-impure.o)
                              c:/program files (x86)/atmel/studio/7.0/toolchain/arm/arm-gnu-toolchain/bin/../lib/gcc/arm-none-eabi/6.2.1/../../../../arm-none-eabi/lib/thumb/v6-m\libc_nano.a(lib_a-exit.o) (_global_impure_ptr)
c:/program files (x86)/atmel/studio/7.0/toolchain/arm/arm-gnu-toolchain/bin/../lib/gcc/arm-none-eabi/6.2.1/../../../../arm-none-eabi/lib/thumb/v6-m\libc_nano.a(lib_a-init.o)
                              c:/program files (x86)/atmel/studio/7.0/toolchain/arm/arm-gnu-toolchain/bin/../lib/gcc/arm-none-eabi/6.2.1/../../../../arm-none-eabi/lib/thumb/v6-m/crt0.o (__libc_init_array)
c:/program files (x86)/atmel/studio/7.0/toolchain/arm/arm-gnu-toolchain/bin/../lib/gcc/arm-none-eabi/6.2.1/../../../../arm-none-eabi/lib/thumb/v6-m\libc_nano.a(lib_a-memcpy-stub.o)
                              src/ASF/sam0/drivers/adc/adc_sam_d_r_h/adc.o (memcpy)
c:/program files (x86)/atmel/studio/7.0/toolchain/arm/arm-gnu-toolchain/bin/../lib/gcc/arm-none-eabi/6.2.1/../../../../arm-none-eabi/lib/thumb/v6-m\libc_nano.a(lib_a-memset.o)
                              c:/program files (x86)/atmel/studio/7.0/toolchain/arm/arm-gnu-toolchain/bin/../lib/gcc/arm-none-eabi/6.2.1/../../../../arm-none-eabi/lib/thumb/v6-m/crt0.o (memset)

Allocating common symbols
Common symbol       size              file

Lora_RX_Count_Form_Module
                    0x4               src/WDT.o
NowStatus           0x1               src/WDT.o
user_rx_buffer      0x1               src/WDT.o
usart_instance2     0x24              src/WDT.o
tc_instance2        0x1c              src/WDT.o
LoRa_Rx_Flag        0x1               src/WDT.o
usart_instance1     0x24              src/WDT.o
UserKeyInBuf        0x1e              src/WDT.o
wdt_early_warning_callback
                    0x4               src/ASF/sam0/drivers/wdt/wdt_callback.o
DIP_SW_Value        0x1               src/WDT.o
TEST_CHAR           0x1               src/WDT.o
MyLoRaID            0x4               src/WDT.o
RSSIValue           0x4               src/WDT.o
UserKeyInBufCount   0x1               src/WDT.o
MyBufferCount       0x1               src/WDT.o
LastStatus          0x1               src/WDT.o
flag                0x1               src/WDT.o
Last_DIP_SW_Value   0x1               src/WDT.o
UserKeyInStauts     0x1               src/WDT.o
Lora_Delay_Count    0x4               src/WDT.o
rx_buffer           0x1               src/WDT.o
_tc_instances       0x20              src/ASF/sam0/drivers/tc/tc_interrupt.o
_sercom_instances   0x18              src/ASF/sam0/drivers/sercom/sercom_interrupt.o
NextStatus          0x1               src/WDT.o
_extint_dev         0x40              src/ASF/sam0/drivers/extint/extint_sam_d_r_h/extint.o
adc_result_buffer   0x100             src/WDT.o
tc_instance1        0x1c              src/WDT.o
MyLoRaFW            0x1               src/WDT.o
LoRa_TxRx_Mode_Flag
                    0x1               src/WDT.o
TACT_SW_Value       0x1               src/WDT.o
_current_channel    0x1               src/ASF/sam0/drivers/extint/extint_callback.o
Lora_TimeOut_Count  0x4               src/WDT.o
MyBuffer            0x1e              src/WDT.o
f_count             0x4               src/WDT.o
usart_instance3     0x24              src/WDT.o
LoRa_IRQ_Flag       0x1               src/WDT.o
UserRxCountMax      0x1               src/WDT.o
usart_instance4     0x24              src/WDT.o
adc_instance        0x8               src/WDT.o

Discarded input sections

 .text          0x00000000        0x0 c:/program files (x86)/atmel/studio/7.0/toolchain/arm/arm-gnu-toolchain/bin/../lib/gcc/arm-none-eabi/6.2.1/thumb/v6-m/crti.o
[...]
Memory Configuration

Name             Origin             Length             Attributes
rom              0x00000000         0x00040000         xr
ram              0x20000000         0x00008000         xrw
*default*        0x00000000         0xffffffff

Linker script and memory map

LOAD c:/program files (x86)/atmel/studio/7.0/toolchain/arm/arm-gnu-toolchain/bin/../lib/gcc/arm-none-eabi/6.2.1/thumb/v6-m/crti.o
LOAD c:/program files (x86)/atmel/studio/7.0/toolchain/arm/arm-gnu-toolchain/bin/../lib/gcc/arm-none-eabi/6.2.1/thumb/v6-m/crtbegin.o
LOAD c:/program files (x86)/atmel/studio/7.0/toolchain/arm/arm-gnu-toolchain/bin/../lib/gcc/arm-none-eabi/6.2.1/../../../../arm-none-eabi/lib/thumb/v6-m/crt0.o
LOAD src/WDT.o
LOAD src/ADC.o
LOAD src/ASF/sam0/drivers/adc/adc_sam_d_r_h/adc.o
LOAD src/ASF/sam0/drivers/extint/extint_callback.o
LOAD src/ASF/sam0/drivers/extint/extint_sam_d_r_h/extint.o
LOAD src/ASF/sam0/drivers/tc/tc_interrupt.o
LOAD src/ASF/sam0/drivers/tc/tc_sam_d_r_h/tc.o
LOAD src/ASF/sam0/drivers/wdt/wdt.o
LOAD src/ASF/sam0/drivers/wdt/wdt_callback.o
LOAD src/Ext_INT.o
LOAD src/LCM.o
LOAD src/Lora_Func.o
LOAD src/Print_Lora_Msg.o
LOAD src/Timer.o
LOAD src/UART.o
LOAD src/ASF/common2/services/delay/sam0/systick_counter.o
LOAD src/ASF/common/utils/interrupt/interrupt_sam_nvic.o
LOAD src/ASF/sam0/boards/samd20_xplained_pro/board_init.o
LOAD src/ASF/sam0/drivers/port/port.o
LOAD src/ASF/sam0/drivers/sercom/sercom.o
LOAD src/ASF/sam0/drivers/sercom/sercom_interrupt.o
LOAD src/ASF/sam0/drivers/sercom/usart/usart.o
LOAD src/ASF/sam0/drivers/sercom/usart/usart_interrupt.o
LOAD src/ASF/sam0/drivers/system/clock/clock_samd20/clock.o
LOAD src/ASF/sam0/drivers/system/clock/clock_samd20/gclk.o
LOAD src/ASF/sam0/drivers/system/interrupt/system_interrupt.o
LOAD src/ASF/sam0/drivers/system/pinmux/pinmux.o
LOAD src/ASF/sam0/drivers/system/system.o
LOAD src/ASF/sam0/utils/cmsis/samd20/source/gcc/startup_samd20.o
LOAD src/ASF/sam0/utils/cmsis/samd20/source/system_samd20.o
LOAD src/ASF/sam0/utils/syscalls/gcc/syscalls.o
LOAD src/Main.o
START GROUP
LOAD ../src/ASF/thirdparty/CMSIS/Lib/GCC\libarm_cortexM0l_math.a
LOAD c:/program files (x86)/atmel/studio/7.0/toolchain/arm/arm-gnu-toolchain/bin/../lib/gcc/arm-none-eabi/6.2.1/../../../../arm-none-eabi/lib/thumb/v6-m\libm.a
END GROUP
START GROUP
LOAD c:/program files (x86)/atmel/studio/7.0/toolchain/arm/arm-gnu-toolchain/bin/../lib/gcc/arm-none-eabi/6.2.1/thumb/v6-m\libgcc.a
LOAD c:/program files (x86)/atmel/studio/7.0/toolchain/arm/arm-gnu-toolchain/bin/../lib/gcc/arm-none-eabi/6.2.1/../../../../arm-none-eabi/lib/thumb/v6-m\libc_nano.a
END GROUP
START GROUP
LOAD c:/program files (x86)/atmel/studio/7.0/toolchain/arm/arm-gnu-toolchain/bin/../lib/gcc/arm-none-eabi/6.2.1/thumb/v6-m\libgcc.a
LOAD c:/program files (x86)/atmel/studio/7.0/toolchain/arm/arm-gnu-toolchain/bin/../lib/gcc/arm-none-eabi/6.2.1/../../../../arm-none-eabi/lib/thumb/v6-m\libc_nano.a
END GROUP
LOAD c:/program files (x86)/atmel/studio/7.0/toolchain/arm/arm-gnu-toolchain/bin/../lib/gcc/arm-none-eabi/6.2.1/thumb/v6-m/crtend.o
LOAD c:/program files (x86)/atmel/studio/7.0/toolchain/arm/arm-gnu-toolchain/bin/../lib/gcc/arm-none-eabi/6.2.1/thumb/v6-m/crtn.o
                0x00002000                STACK_SIZE = DEFINED (STACK_SIZE)?STACK_SIZE:DEFINED (__stack_size__)?__stack_size__:0x2000

.text           0x00000000     0x3468
                0x00000000                . = ALIGN (0x4)
                0x00000000                _sfixed = .
 *(.vectors .vectors.*)
 .vectors       0x00000000       0xa4 src/ASF/sam0/utils/cmsis/samd20/source/gcc/startup_samd20.o
                0x00000000                exception_table
 *(.text .text.* .gnu.linkonce.t.*)
 .text          0x000000a4       0x60 c:/program files (x86)/atmel/studio/7.0/toolchain/arm/arm-gnu-toolchain/bin/../lib/gcc/arm-none-eabi/6.2.1/thumb/v6-m/crtbegin.o
 .text.watchdog_early_warning_callback
                0x00000104        0x2 src/WDT.o
                0x00000104                watchdog_early_warning_callback
 *fill*         0x00000106        0x2 
 .text.configure_wdt
                0x00000108       0x2c src/WDT.o
                0x00000108                configure_wdt
 .text.configure_wdt_callbacks
                0x00000134       0x20 src/WDT.o
                0x00000134                configure_wdt_callbacks
 .text.extint_register_callback
                0x00000154       0x2c src/ASF/sam0/drivers/extint/extint_callback.o
                0x00000154                extint_register_callback
 .text.extint_chan_enable_callback
                0x00000180       0x20 src/ASF/sam0/drivers/extint/extint_callback.o
                0x00000180                extint_chan_enable_callback
 .text.EIC_Handler
                0x000001a0       0x54 src/ASF/sam0/drivers/extint/extint_callback.o
                0x000001a0                EIC_Handler
 .text._extint_enable
                0x000001f4       0x18 src/ASF/sam0/drivers/extint/extint_sam_d_r_h/extint.o
 .text._system_extint_init
                0x0000020c       0x6c src/ASF/sam0/drivers/extint/extint_sam_d_r_h/extint.o
                0x0000020c                _system_extint_init
 .text.extint_chan_get_config_defaults
                0x00000278       0x14 src/ASF/sam0/drivers/extint/extint_sam_d_r_h/extint.o
                0x00000278                extint_chan_get_config_defaults
 .text.extint_chan_set_config
                0x0000028c       0x78 src/ASF/sam0/drivers/extint/extint_sam_d_r_h/extint.o
                0x0000028c                extint_chan_set_config
 .text.tc_register_callback
                0x00000304       0x32 src/ASF/sam0/drivers/tc/tc_interrupt.o
                0x00000304                tc_register_callback
 *fill*         0x00000336        0x2 
 .text._tc_interrupt_handler
                0x00000338       0x64 src/ASF/sam0/drivers/tc/tc_interrupt.o
                0x00000338                _tc_interrupt_handler
 .text.TC0_Handler
                0x0000039c       0x10 src/ASF/sam0/drivers/tc/tc_interrupt.o
                0x0000039c                TC0_Handler
 .text.TC1_Handler
                0x000003ac       0x10 src/ASF/sam0/drivers/tc/tc_interrupt.o
                0x000003ac                TC1_Handler
 .text.TC2_Handler
                0x000003bc       0x10 src/ASF/sam0/drivers/tc/tc_interrupt.o
                0x000003bc                TC2_Handler
 .text.TC3_Handler
                0x000003cc       0x10 src/ASF/sam0/drivers/tc/tc_interrupt.o
                0x000003cc                TC3_Handler
 .text.TC4_Handler
                0x000003dc       0x10 src/ASF/sam0/drivers/tc/tc_interrupt.o
                0x000003dc                TC4_Handler
 .text.TC5_Handler
                0x000003ec       0x10 src/ASF/sam0/drivers/tc/tc_interrupt.o
                0x000003ec                TC5_Handler
 .text.TC6_Handler
                0x000003fc       0x10 src/ASF/sam0/drivers/tc/tc_interrupt.o
                0x000003fc                TC6_Handler
 .text.TC7_Handler
                0x0000040c       0x10 src/ASF/sam0/drivers/tc/tc_interrupt.o
                0x0000040c                TC7_Handler
 .text._tc_get_inst_index
                0x0000041c       0x3c src/ASF/sam0/drivers/tc/tc_sam_d_r_h/tc.o
                0x0000041c                _tc_get_inst_index
 .text.tc_init  0x00000458      0x24c src/ASF/sam0/drivers/tc/tc_sam_d_r_h/tc.o
                0x00000458                tc_init
 .text.wdt_set_config
                0x000006a4      0x100 src/ASF/sam0/drivers/wdt/wdt.o
                0x000006a4                wdt_set_config
 .text.wdt_reset_count
                0x000007a4       0x18 src/ASF/sam0/drivers/wdt/wdt.o
                0x000007a4                wdt_reset_count
 .text.wdt_register_callback
                0x000007bc       0x14 src/ASF/sam0/drivers/wdt/wdt_callback.o
                0x000007bc                wdt_register_callback
 .text.wdt_enable_callback
                0x000007d0       0x20 src/ASF/sam0/drivers/wdt/wdt_callback.o
                0x000007d0                wdt_enable_callback
 .text.WDT_Handler
                0x000007f0       0x1c src/ASF/sam0/drivers/wdt/wdt_callback.o
                0x000007f0                WDT_Handler
 .text.extint_detection_callback
                0x0000080c       0x14 src/Ext_INT.o
                0x0000080c                extint_detection_callback
 .text.configure_extint_channel
                0x00000820       0x30 src/Ext_INT.o
                0x00000820                configure_extint_channel
 .text.configure_extint_callbacks
                0x00000850       0x24 src/Ext_INT.o
                0x00000850                configure_extint_callbacks
 .text.lcd_4bit
                0x00000874       0x7c src/LCM.o
                0x00000874                lcd_4bit
 .text.lcd_command
                0x000008f0       0x1c src/LCM.o
                0x000008f0                lcd_command
 .text.lcd_init
                0x0000090c       0x40 src/LCM.o
                0x0000090c                lcd_init
 .text.UartToLora
                0x0000094c       0xc4 src/Lora_Func.o
                0x0000094c                UartToLora
 .text.Write_LoRa_TxBuffer
                0x00000a10       0x34 src/Lora_Func.o
                0x00000a10                Write_LoRa_TxBuffer
 .text.Read_LoRa_RxBuffer
                0x00000a44       0x34 src/Lora_Func.o
                0x00000a44                Read_LoRa_RxBuffer
 .text.Read_LoRa_RxCount
                0x00000a78       0x34 src/Lora_Func.o
                0x00000a78                Read_LoRa_RxCount
 .text.Write_LoRa_Mode_FQ
                0x00000aac       0x40 src/Lora_Func.o
                0x00000aac                Write_LoRa_Mode_FQ
 .text.Write_LoRa_Setting
                0x00000aec       0x34 src/Lora_Func.o
                0x00000aec                Write_LoRa_Setting
 .text.Read_LoRa_Setting
                0x00000b20       0x34 src/Lora_Func.o
                0x00000b20                Read_LoRa_Setting
 .text.Read_LoRa_ID
                0x00000b54       0x34 src/Lora_Func.o
                0x00000b54                Read_LoRa_ID
 .text.Reset_LoRa
                0x00000b88       0x34 src/Lora_Func.o
                0x00000b88                Reset_LoRa
 .text.Catch_Lora_RX_Count_Form_Module
                0x00000bbc       0x18 src/Lora_Func.o
                0x00000bbc                Catch_Lora_RX_Count_Form_Module
 .text.Lora_CMD_Func
                0x00000bd4      0x424 src/Lora_Func.o
                0x00000bd4                Lora_CMD_Func
 .text.Display_Rssi
                0x00000ff8       0xac src/Lora_Func.o
                0x00000ff8                Display_Rssi
 .text.Print_Read_LoRa_ID_Msg
                0x000010a4       0x44 src/Print_Lora_Msg.o
                0x000010a4                Print_Read_LoRa_ID_Msg
 .text.Print_Delay_LoRa_CMD_Msg
                0x000010e8       0x5c src/Print_Lora_Msg.o
                0x000010e8                Print_Delay_LoRa_CMD_Msg
 .text.Print_Time_Out_Msg
                0x00001144       0x54 src/Print_Lora_Msg.o
                0x00001144                Print_Time_Out_Msg
 .text.Print_Reset_LoRa_Msg
                0x00001198       0x48 src/Print_Lora_Msg.o
                0x00001198                Print_Reset_LoRa_Msg
 .text.Print_Read_LoRa_Setting_Msg
                0x000011e0       0x44 src/Print_Lora_Msg.o
                0x000011e0                Print_Read_LoRa_Setting_Msg
 .text.Print_Write_LoRa_Mode_FQ_Msg
                0x00001224       0x44 src/Print_Lora_Msg.o
                0x00001224                Print_Write_LoRa_Mode_FQ_Msg
 .text.Print_Write_LoRa_Setting_Msg
                0x00001268       0x44 src/Print_Lora_Msg.o
                0x00001268                Print_Write_LoRa_Setting_Msg
 .text.Print_Read_LoRa_RxCount_Msg
                0x000012ac       0x44 src/Print_Lora_Msg.o
                0x000012ac                Print_Read_LoRa_RxCount_Msg
 .text.Print_Read_LoRa_RxBuffer_Msg
                0x000012f0       0x44 src/Print_Lora_Msg.o
                0x000012f0                Print_Read_LoRa_RxBuffer_Msg
 .text.Print_Reset_IRQ_Flag_Msg
                0x00001334       0x50 src/Print_Lora_Msg.o
                0x00001334                Print_Reset_IRQ_Flag_Msg
 .text.Print_Write_LoRa_TxBuffer_Msg
                0x00001384       0x44 src/Print_Lora_Msg.o
                0x00001384                Print_Write_LoRa_TxBuffer_Msg
 .text.Print_Leave_LoRa_Tx_Mode_Msg
                0x000013c8       0x48 src/Print_Lora_Msg.o
                0x000013c8                Print_Leave_LoRa_Tx_Mode_Msg
 .text.Print_CRC_ERROR
                0x00001410       0x50 src/Print_Lora_Msg.o
                0x00001410                Print_CRC_ERROR
 .text.Print_CRC_OK
                0x00001460       0x48 src/Print_Lora_Msg.o
                0x00001460                Print_CRC_OK
 .text.Print_Line_Msg
                0x000014a8       0x30 src/Print_Lora_Msg.o
                0x000014a8                Print_Line_Msg
 .text.Print_Catch_LoRa_ID_Msg
                0x000014d8       0xb0 src/Print_Lora_Msg.o
                0x000014d8                Print_Catch_LoRa_ID_Msg
 .text.Print_Start_Msg
                0x00001588       0xa4 src/Print_Lora_Msg.o
                0x00001588                Print_Start_Msg
 .text.Print_RSSI_Msg
                0x0000162c       0x74 src/Print_Lora_Msg.o
                0x0000162c                Print_RSSI_Msg
 .text.Print_Lora_RX_Count_Form_Module_Msg
                0x000016a0       0x7c src/Print_Lora_Msg.o
                0x000016a0                Print_Lora_RX_Count_Form_Module_Msg
 .text.Print_Debug_Mode_ON_Msg
                0x0000171c       0x50 src/Print_Lora_Msg.o
                0x0000171c                Print_Debug_Mode_ON_Msg
 .text.Print_Debug_Mode_OFF_Msg
                0x0000176c       0x58 src/Print_Lora_Msg.o
                0x0000176c                Print_Debug_Mode_OFF_Msg
 .text.Print_Wait_TX_Finish_Msg
                0x000017c4       0x68 src/Print_Lora_Msg.o
                0x000017c4                Print_Wait_TX_Finish_Msg
 .text.tc_callback_to_to_period_100us
                0x0000182c       0x1c src/Timer.o
                0x0000182c                tc_callback_to_to_period_100us
 .text.configure_tc
                0x00001848       0x94 src/Timer.o
                0x00001848                configure_tc
 .text.configure_tc_callbacks
                0x000018dc       0x4c src/Timer.o
                0x000018dc                configure_tc_callbacks
 .text.timer_configure
                0x00001928       0x14 src/Timer.o
                0x00001928                timer_configure
 .text.Uart_Form_SX1272_callback
                0x0000193c       0x2c src/UART.o
                0x0000193c                Uart_Form_SX1272_callback
 .text.usart_read_callback
                0x00001968       0x40 src/UART.o
                0x00001968                usart_read_callback
 .text.configure_usart
                0x000019a8      0x164 src/UART.o
                0x000019a8                configure_usart
 .text.configure_usart_callbacks
                0x00001b0c       0x40 src/UART.o
                0x00001b0c                configure_usart_callbacks
 .text.uTXByte  0x00001b4c       0x10 src/UART.o
                0x00001b4c                uTXByte
 .text.hex_to_ascii
                0x00001b5c       0x10 src/UART.o
                0x00001b5c                hex_to_ascii
 .text.uart_send_ascii_byte
                0x00001b6c       0x2c src/UART.o
                0x00001b6c                uart_send_ascii_byte
 .text.uart_send_word
                0x00001b98       0x4c src/UART.o
                0x00001b98                uart_send_word
 .text.hex_to_bcd
                0x00001be4       0x70 src/UART.o
                0x00001be4                hex_to_bcd
 .text.delay_init
                0x00001c54       0x40 src/ASF/common2/services/delay/sam0/systick_counter.o
                0x00001c54                delay_init
 .text.delay_cycles_us
                0x00001c94       0x2c src/ASF/common2/services/delay/sam0/systick_counter.o
                0x00001c94                delay_cycles_us
 .text.cpu_irq_enter_critical
                0x00001cc0       0x40 src/ASF/common/utils/interrupt/interrupt_sam_nvic.o
                0x00001cc0                cpu_irq_enter_critical
 .text.cpu_irq_leave_critical
                0x00001d00       0x30 src/ASF/common/utils/interrupt/interrupt_sam_nvic.o
                0x00001d00                cpu_irq_leave_critical
 .text.system_board_init
                0x00001d30       0xdc src/ASF/sam0/boards/samd20_xplained_pro/board_init.o
                0x00001d30                board_init
                0x00001d30                system_board_init
 .text.port_pin_set_config
                0x00001e0c       0x24 src/ASF/sam0/drivers/port/port.o
                0x00001e0c                port_pin_set_config
 .text.long_division
                0x00001e30       0xba src/ASF/sam0/drivers/sercom/sercom.o
 .text._sercom_get_sync_baud_val
                0x00001eea       0x28 src/ASF/sam0/drivers/sercom/sercom.o
                0x00001eea                _sercom_get_sync_baud_val
 *fill*         0x00001f12        0x2 
 .text._sercom_get_async_baud_val
                0x00001f14       0x94 src/ASF/sam0/drivers/sercom/sercom.o
                0x00001f14                _sercom_get_async_baud_val
 .text.sercom_set_gclk_generator
                0x00001fa8       0x4c src/ASF/sam0/drivers/sercom/sercom.o
                0x00001fa8                sercom_set_gclk_generator
 .text._sercom_get_default_pad
                0x00001ff4      0x178 src/ASF/sam0/drivers/sercom/sercom.o
                0x00001ff4                _sercom_get_default_pad
 .text._sercom_get_sercom_inst_index
                0x0000216c       0x38 src/ASF/sam0/drivers/sercom/sercom.o
                0x0000216c                _sercom_get_sercom_inst_index
 .text._sercom_default_handler
                0x000021a4        0x2 src/ASF/sam0/drivers/sercom/sercom_interrupt.o
 *fill*         0x000021a6        0x2 
 .text._sercom_set_handler
                0x000021a8       0x3c src/ASF/sam0/drivers/sercom/sercom_interrupt.o
                0x000021a8                _sercom_set_handler
 .text._sercom_get_interrupt_vector
                0x000021e4       0x30 src/ASF/sam0/drivers/sercom/sercom_interrupt.o
                0x000021e4                _sercom_get_interrupt_vector
 .text.SERCOM0_Handler
                0x00002214       0x10 src/ASF/sam0/drivers/sercom/sercom_interrupt.o
                0x00002214                SERCOM0_Handler
 .text.SERCOM1_Handler
                0x00002224       0x10 src/ASF/sam0/drivers/sercom/sercom_interrupt.o
                0x00002224                SERCOM1_Handler
 .text.SERCOM2_Handler
                0x00002234       0x10 src/ASF/sam0/drivers/sercom/sercom_interrupt.o
                0x00002234                SERCOM2_Handler
 .text.SERCOM3_Handler
                0x00002244       0x10 src/ASF/sam0/drivers/sercom/sercom_interrupt.o
                0x00002244                SERCOM3_Handler
 .text.SERCOM4_Handler
                0x00002254       0x10 src/ASF/sam0/drivers/sercom/sercom_interrupt.o
                0x00002254                SERCOM4_Handler
 .text.SERCOM5_Handler
                0x00002264       0x10 src/ASF/sam0/drivers/sercom/sercom_interrupt.o
                0x00002264                SERCOM5_Handler
 .text.usart_init
                0x00002274      0x254 src/ASF/sam0/drivers/sercom/usart/usart.o
                0x00002274                usart_init
 .text.usart_write_wait
                0x000024c8       0x2e src/ASF/sam0/drivers/sercom/usart/usart.o
                0x000024c8                usart_write_wait
 *fill*         0x000024f6        0x2 
 .text._usart_read_buffer
                0x000024f8       0x3c src/ASF/sam0/drivers/sercom/usart/usart_interrupt.o
                0x000024f8                _usart_read_buffer
 .text.usart_register_callback
                0x00002534       0x16 src/ASF/sam0/drivers/sercom/usart/usart_interrupt.o
                0x00002534                usart_register_callback
 *fill*         0x0000254a        0x2 
 .text.usart_read_buffer_job
                0x0000254c       0x20 src/ASF/sam0/drivers/sercom/usart/usart_interrupt.o
                0x0000254c                usart_read_buffer_job
 .text._usart_interrupt_handler
                0x0000256c      0x124 src/ASF/sam0/drivers/sercom/usart/usart_interrupt.o
                0x0000256c                _usart_interrupt_handler
 .text.system_clock_source_get_hz
                0x00002690       0x7c src/ASF/sam0/drivers/system/clock/clock_samd20/clock.o
                0x00002690                system_clock_source_get_hz
 .text.system_clock_source_osc8m_set_config
                0x0000270c       0x3c src/ASF/sam0/drivers/system/clock/clock_samd20/clock.o
                0x0000270c                system_clock_source_osc8m_set_config
 .text.system_clock_source_enable
                0x00002748       0x90 src/ASF/sam0/drivers/system/clock/clock_samd20/clock.o
                0x00002748                system_clock_source_enable
 .text.system_clock_init
                0x000027d8       0xd4 src/ASF/sam0/drivers/system/clock/clock_samd20/clock.o
                0x000027d8                system_clock_init
 .text.system_gclk_init
                0x000028ac       0x24 src/ASF/sam0/drivers/system/clock/clock_samd20/gclk.o
                0x000028ac                system_gclk_init
 .text.system_gclk_gen_set_config
                0x000028d0       0xb8 src/ASF/sam0/drivers/system/clock/clock_samd20/gclk.o
                0x000028d0                system_gclk_gen_set_config
 .text.system_gclk_gen_enable
                0x00002988       0x44 src/ASF/sam0/drivers/system/clock/clock_samd20/gclk.o
                0x00002988                system_gclk_gen_enable
 .text.system_gclk_gen_get_hz
                0x000029cc       0x8c src/ASF/sam0/drivers/system/clock/clock_samd20/gclk.o
                0x000029cc                system_gclk_gen_get_hz
 .text.system_gclk_chan_enable
                0x00002a58       0x30 src/ASF/sam0/drivers/system/clock/clock_samd20/gclk.o
                0x00002a58                system_gclk_chan_enable
 .text.system_gclk_chan_disable
                0x00002a88       0x5c src/ASF/sam0/drivers/system/clock/clock_samd20/gclk.o
                0x00002a88                system_gclk_chan_disable
 .text.system_gclk_chan_set_config
                0x00002ae4       0x1c src/ASF/sam0/drivers/system/clock/clock_samd20/gclk.o
                0x00002ae4                system_gclk_chan_set_config
 .text.system_gclk_chan_lock
                0x00002b00       0x30 src/ASF/sam0/drivers/system/clock/clock_samd20/gclk.o
                0x00002b00                system_gclk_chan_lock
 .text.system_gclk_chan_get_hz
                0x00002b30       0x34 src/ASF/sam0/drivers/system/clock/clock_samd20/gclk.o
                0x00002b30                system_gclk_chan_get_hz
 .text._system_pinmux_config
                0x00002b64       0xa8 src/ASF/sam0/drivers/system/pinmux/pinmux.o
 .text.system_pinmux_pin_set_config
                0x00002c0c       0x30 src/ASF/sam0/drivers/system/pinmux/pinmux.o
                0x00002c0c                system_pinmux_pin_set_config
 .text._system_dummy_init
                0x00002c3c        0x2 src/ASF/sam0/drivers/system/system.o
                0x00002c3c                _system_events_init
                0x00002c3c                _system_dummy_init
                0x00002c3c                _system_divas_init
 *fill*         0x00002c3e        0x2 
 .text.system_init
                0x00002c40       0x2c src/ASF/sam0/drivers/system/system.o
                0x00002c40                system_init
 .text.Dummy_Handler
                0x00002c6c        0x2 src/ASF/sam0/utils/cmsis/samd20/source/gcc/startup_samd20.o
                0x00002c6c                HardFault_Handler
                0x00002c6c                AC_Handler
                0x00002c6c                SysTick_Handler
                0x00002c6c                PendSV_Handler
                0x00002c6c                NMI_Handler
                0x00002c6c                ADC_Handler
                0x00002c6c                RTC_Handler
                0x00002c6c                Dummy_Handler
                0x00002c6c                PM_Handler
                0x00002c6c                SVC_Handler
                0x00002c6c                EVSYS_Handler
                0x00002c6c                NVMCTRL_Handler
                0x00002c6c                DAC_Handler
                0x00002c6c                PTC_Handler
                0x00002c6c                SYSCTRL_Handler
 *fill*         0x00002c6e        0x2 
 .text.Reset_Handler
                0x00002c70       0x98 src/ASF/sam0/utils/cmsis/samd20/source/gcc/startup_samd20.o
                0x00002c70                Reset_Handler
 .text.main     0x00002d08      0x330 src/Main.o
                0x00002d08                main
 .text          0x00003038      0x114 c:/program files (x86)/atmel/studio/7.0/toolchain/arm/arm-gnu-toolchain/bin/../lib/gcc/arm-none-eabi/6.2.1/thumb/v6-m\libgcc.a(_udivsi3.o)
                0x00003038                __aeabi_uidiv
                0x00003038                __udivsi3
                0x00003144                __aeabi_uidivmod
 .text          0x0000314c        0x4 c:/program files (x86)/atmel/studio/7.0/toolchain/arm/arm-gnu-toolchain/bin/../lib/gcc/arm-none-eabi/6.2.1/thumb/v6-m\libgcc.a(_dvmd_tls.o)
                0x0000314c                __aeabi_idiv0
                0x0000314c                __aeabi_ldiv0
 .text          0x00003150       0x54 c:/program files (x86)/atmel/studio/7.0/toolchain/arm/arm-gnu-toolchain/bin/../lib/gcc/arm-none-eabi/6.2.1/thumb/v6-m\libgcc.a(_muldi3.o)
                0x00003150                __muldi3
                0x00003150                __aeabi_lmul
 .text.__libc_init_array
                0x000031a4       0x48 c:/program files (x86)/atmel/studio/7.0/toolchain/arm/arm-gnu-toolchain/bin/../lib/gcc/arm-none-eabi/6.2.1/../../../../arm-none-eabi/lib/thumb/v6-m\libc_nano.a(lib_a-init.o)
                0x000031a4                __libc_init_array
 .text.memcpy   0x000031ec       0x12 c:/program files (x86)/atmel/studio/7.0/toolchain/arm/arm-gnu-toolchain/bin/../lib/gcc/arm-none-eabi/6.2.1/../../../../arm-none-eabi/lib/thumb/v6-m\libc_nano.a(lib_a-memcpy-stub.o)
                0x000031ec                memcpy
 *(.glue_7t)
 .glue_7t       0x000031fe        0x0 linker stubs
 *(.glue_7)
 .glue_7        0x000031fe        0x0 linker stubs
 *(.rodata .rodata* .gnu.linkonce.r.*)
 *fill*         0x000031fe        0x2 
 .rodata        0x00003200       0x30 src/ASF/sam0/drivers/tc/tc_sam_d_r_h/tc.o
 .rodata.Lora_CMD_Func
                0x00003230      0x1b8 src/Lora_Func.o
 .rodata.tc_interrupt_vectors.10500
                0x000033e8        0x8 src/Timer.o
 .rodata        0x000033f0       0x18 src/ASF/sam0/drivers/sercom/sercom.o
 .rodata.system_clock_source_get_hz
                0x00003408       0x20 src/ASF/sam0/drivers/system/clock/clock_samd20/clock.o
 .rodata.system_clock_source_enable
                0x00003428       0x20 src/ASF/sam0/drivers/system/clock/clock_samd20/clock.o
 *(.ARM.extab* .gnu.linkonce.armextab.*)
                0x00003448                . = ALIGN (0x4)
 *(.init)
 .init          0x00003448        0x4 c:/program files (x86)/atmel/studio/7.0/toolchain/arm/arm-gnu-toolchain/bin/../lib/gcc/arm-none-eabi/6.2.1/thumb/v6-m/crti.o
                0x00003448                _init
 .init          0x0000344c        0x8 c:/program files (x86)/atmel/studio/7.0/toolchain/arm/arm-gnu-toolchain/bin/../lib/gcc/arm-none-eabi/6.2.1/thumb/v6-m/crtn.o
                0x00003454                . = ALIGN (0x4)
                0x00003454                __preinit_array_start = .
 *(.preinit_array)
                0x00003454                __preinit_array_end = .
                0x00003454                . = ALIGN (0x4)
                0x00003454                __init_array_start = .
 *(SORT(.init_array.*))
 *(.init_array)
 .init_array    0x00003454        0x4 c:/program files (x86)/atmel/studio/7.0/toolchain/arm/arm-gnu-toolchain/bin/../lib/gcc/arm-none-eabi/6.2.1/thumb/v6-m/crtbegin.o
                0x00003458                __init_array_end = .
                0x00003458                . = ALIGN (0x4)
 *crtbegin.o(.ctors)
 *(EXCLUDE_FILE(*crtend.o) .ctors)
 *(SORT(.ctors.*))
 *crtend.o(.ctors)
                0x00003458                . = ALIGN (0x4)
 *(.fini)
 .fini          0x00003458        0x4 c:/program files (x86)/atmel/studio/7.0/toolchain/arm/arm-gnu-toolchain/bin/../lib/gcc/arm-none-eabi/6.2.1/thumb/v6-m/crti.o
                0x00003458                _fini
 .fini          0x0000345c        0x8 c:/program files (x86)/atmel/studio/7.0/toolchain/arm/arm-gnu-toolchain/bin/../lib/gcc/arm-none-eabi/6.2.1/thumb/v6-m/crtn.o
                0x00003464                . = ALIGN (0x4)
                0x00003464                __fini_array_start = .
 *(.fini_array)
 .fini_array    0x00003464        0x4 c:/program files (x86)/atmel/studio/7.0/toolchain/arm/arm-gnu-toolchain/bin/../lib/gcc/arm-none-eabi/6.2.1/thumb/v6-m/crtbegin.o
 *(SORT(.fini_array.*))
                0x00003468                __fini_array_end = .
 *crtbegin.o(.dtors)
 *(EXCLUDE_FILE(*crtend.o) .dtors)
 *(SORT(.dtors.*))
 *crtend.o(.dtors)
                0x00003468                . = ALIGN (0x4)
                0x00003468                _efixed = .
                [!provide]                PROVIDE (__exidx_start, .)

.vfp11_veneer   0x00003468        0x0
 .vfp11_veneer  0x00003468        0x0 linker stubs

.v4_bx          0x00003468        0x0
 .v4_bx         0x00003468        0x0 linker stubs

.iplt           0x00003468        0x0
 .iplt          0x00003468        0x0 c:/program files (x86)/atmel/studio/7.0/toolchain/arm/arm-gnu-toolchain/bin/../lib/gcc/arm-none-eabi/6.2.1/thumb/v6-m/crtbegin.o

.eh_frame       0x00003468        0x0
 .eh_frame      0x00003468        0x0 c:/program files (x86)/atmel/studio/7.0/toolchain/arm/arm-gnu-toolchain/bin/../lib/gcc/arm-none-eabi/6.2.1/thumb/v6-m/crtbegin.o

.rel.dyn        0x00003468        0x0
 .rel.iplt      0x00003468        0x0 c:/program files (x86)/atmel/studio/7.0/toolchain/arm/arm-gnu-toolchain/bin/../lib/gcc/arm-none-eabi/6.2.1/thumb/v6-m/crtbegin.o

.jcr            0x00003468        0x0
 .jcr           0x00003468        0x0 c:/program files (x86)/atmel/studio/7.0/toolchain/arm/arm-gnu-toolchain/bin/../lib/gcc/arm-none-eabi/6.2.1/thumb/v6-m/crtbegin.o

.igot.plt       0x00003468        0x0
 .igot.plt      0x00003468        0x0 c:/program files (x86)/atmel/studio/7.0/toolchain/arm/arm-gnu-toolchain/bin/../lib/gcc/arm-none-eabi/6.2.1/thumb/v6-m/crtbegin.o

.ARM.exidx
 *(.ARM.exidx* .gnu.linkonce.armexidx.*)
                [!provide]                PROVIDE (__exidx_end, .)
                0x00003468                . = ALIGN (0x4)
                0x00003468                _etext = .

.relocate       0x20000000      0x1cc load address 0x00003468
                0x20000000                . = ALIGN (0x4)
                0x20000000                _srelocate = .
 *(.ramfunc .ramfunc.*)
 *(.data .data.*)
 .data.MyLoRaTmp
                0x20000000      0x1b0 src/Lora_Func.o
                0x20000000                MyLoRaTmp
 .data.MyLoRaTmpCount
                0x200001b0       0x10 src/Lora_Func.o
                0x200001b0                MyLoRaTmpCount
 .data.cycles_per_ms
                0x200001c0        0x4 src/ASF/common2/services/delay/sam0/systick_counter.o
 .data.cycles_per_us
                0x200001c4        0x4 src/ASF/common2/services/delay/sam0/systick_counter.o
 .data.g_interrupt_enabled
                0x200001c8        0x1 src/ASF/common/utils/interrupt/interrupt_sam_nvic.o
                0x200001c8                g_interrupt_enabled
                0x200001cc                . = ALIGN (0x4)
 *fill*         0x200001c9        0x3 
                0x200001cc                _erelocate = .

.bss            0x200001cc     0x41a0 load address 0x00003634
                0x200001cc                . = ALIGN (0x4)
                0x200001cc                _sbss = .
                0x200001cc                _szero = .
 *(.bss .bss.*)
 .bss           0x200001cc       0x1c c:/program files (x86)/atmel/studio/7.0/toolchain/arm/arm-gnu-toolchain/bin/../lib/gcc/arm-none-eabi/6.2.1/thumb/v6-m/crtbegin.o
 .bss.cpu_irq_critical_section_counter
                0x200001e8        0x4 src/ASF/common/utils/interrupt/interrupt_sam_nvic.o
 .bss.cpu_irq_prev_interrupt_state
                0x200001ec        0x1 src/ASF/common/utils/interrupt/interrupt_sam_nvic.o
 *fill*         0x200001ed        0x3 
 .bss._sercom_config
                0x200001f0        0x2 src/ASF/sam0/drivers/sercom/sercom.o
 .bss._handler_table_initialized
                0x200001f2        0x1 src/ASF/sam0/drivers/sercom/sercom_interrupt.o
 *fill*         0x200001f3        0x1 
 .bss._sercom_interrupt_handlers
                0x200001f4       0x18 src/ASF/sam0/drivers/sercom/sercom_interrupt.o
 .bss._system_clock_inst
                0x2000020c       0x14 src/ASF/sam0/drivers/system/clock/clock_samd20/clock.o
 .bss.dev       0x20000220     0x3e80 src/Main.o
                0x20000220                dev
 *(COMMON)
 COMMON         0x200040a0      0x24c src/WDT.o
                0x200040a0                Lora_RX_Count_Form_Module
                0x200040a4                NowStatus
                0x200040a8                user_rx_buffer
                0x200040ac                usart_instance2
                0x200040d0                tc_instance2
                0x200040ec                LoRa_Rx_Flag
                0x200040f0                usart_instance1
                0x20004114                UserKeyInBuf
                0x20004134                DIP_SW_Value
                0x20004135                TEST_CHAR
                0x20004138                MyLoRaID
                0x2000413c                RSSIValue
                0x20004140                UserKeyInBufCount
                0x20004141                MyBufferCount
                0x20004142                LastStatus
                0x20004144                flag
                0x20004145                Last_DIP_SW_Value
                0x20004146                UserKeyInStauts
                0x20004148                Lora_Delay_Count
                0x2000414c                rx_buffer
                0x2000414d                NextStatus
                0x20004150                adc_result_buffer
                0x20004250                tc_instance1
                0x2000426c                MyLoRaFW
                0x2000426d                LoRa_TxRx_Mode_Flag
                0x2000426e                TACT_SW_Value
                0x20004270                Lora_TimeOut_Count
                0x20004274                MyBuffer
                0x20004294                f_count
                0x20004298                usart_instance3
                0x200042bc                LoRa_IRQ_Flag
                0x200042bd                UserRxCountMax
                0x200042c0                usart_instance4
                0x200042e4                adc_instance
 COMMON         0x200042ec        0x1 src/ASF/sam0/drivers/extint/extint_callback.o
                0x200042ec                _current_channel
 *fill*         0x200042ed        0x3 
 COMMON         0x200042f0       0x40 src/ASF/sam0/drivers/extint/extint_sam_d_r_h/extint.o
                0x200042f0                _extint_dev
 COMMON         0x20004330       0x20 src/ASF/sam0/drivers/tc/tc_interrupt.o
                0x20004330                _tc_instances
 COMMON         0x20004350        0x4 src/ASF/sam0/drivers/wdt/wdt_callback.o
                0x20004350                wdt_early_warning_callback
 COMMON         0x20004354       0x18 src/ASF/sam0/drivers/sercom/sercom_interrupt.o
                0x20004354                _sercom_instances
                0x2000436c                . = ALIGN (0x4)
                0x2000436c                _ebss = .
                0x2000436c                _ezero = .

.stack          0x2000436c     0x2004 load address 0x000077d4
                0x20004370                . = ALIGN (0x8)
 *fill*         0x2000436c        0x4 
                0x20004370                _sstack = .
                0x20006370                . = (. + STACK_SIZE)
 *fill*         0x20004370     0x2000 
                0x20006370                . = ALIGN (0x8)
                0x20006370                _estack = .
                0x20006370                . = ALIGN (0x4)
                0x20006370                _end = .
OUTPUT(SHH_RSSI_RX.elf elf32-littlearm)

.ARM.attributes
                0x00000000       0x28
 .ARM.attributes
                0x00000000       0x1e c:/program files (x86)/atmel/studio/7.0/toolchain/arm/arm-gnu-toolchain/bin/../lib/gcc/arm-none-eabi/6.2.1/thumb/v6-m/crti.o
 .ARM.attributes
                0x0000001e       0x2c c:/program files (x86)/atmel/studio/7.0/toolchain/arm/arm-gnu-toolchain/bin/../lib/gcc/arm-none-eabi/6.2.1/thumb/v6-m/crtbegin.o
 .ARM.attributes
                0x0000004a       0x32 src/WDT.o
 .ARM.attributes
                0x0000007c       0x32 src/ASF/sam0/drivers/extint/extint_callback.o
 .ARM.attributes
                0x000000ae       0x32 src/ASF/sam0/drivers/extint/extint_sam_d_r_h/extint.o
 .ARM.attributes
                0x000000e0       0x32 src/ASF/sam0/drivers/tc/tc_interrupt.o
 .ARM.attributes
                0x00000112       0x32 src/ASF/sam0/drivers/tc/tc_sam_d_r_h/tc.o
 .ARM.attributes
                0x00000144       0x32 src/ASF/sam0/drivers/wdt/wdt.o
 .ARM.attributes
                0x00000176       0x32 src/ASF/sam0/drivers/wdt/wdt_callback.o
 .ARM.attributes
                0x000001a8       0x32 src/Ext_INT.o
 .ARM.attributes
                0x000001da       0x32 src/LCM.o
 .ARM.attributes
                0x0000020c       0x32 src/Lora_Func.o
 .ARM.attributes
                0x0000023e       0x32 src/Print_Lora_Msg.o
 .ARM.attributes
                0x00000270       0x32 src/Timer.o
 .ARM.attributes
                0x000002a2       0x32 src/UART.o
 .ARM.attributes
                0x000002d4       0x32 src/ASF/common2/services/delay/sam0/systick_counter.o
 .ARM.attributes
                0x00000306       0x32 src/ASF/common/utils/interrupt/interrupt_sam_nvic.o
 .ARM.attributes
                0x00000338       0x32 src/ASF/sam0/boards/samd20_xplained_pro/board_init.o
 .ARM.attributes
                0x0000036a       0x32 src/ASF/sam0/drivers/port/port.o
 .ARM.attributes
                0x0000039c       0x32 src/ASF/sam0/drivers/sercom/sercom.o
 .ARM.attributes
                0x000003ce       0x32 src/ASF/sam0/drivers/sercom/sercom_interrupt.o
 .ARM.attributes
                0x00000400       0x32 src/ASF/sam0/drivers/sercom/usart/usart.o
 .ARM.attributes
                0x00000432       0x32 src/ASF/sam0/drivers/sercom/usart/usart_interrupt.o
 .ARM.attributes
                0x00000464       0x32 src/ASF/sam0/drivers/system/clock/clock_samd20/clock.o
 .ARM.attributes
                0x00000496       0x32 src/ASF/sam0/drivers/system/clock/clock_samd20/gclk.o
 .ARM.attributes
                0x000004c8       0x32 src/ASF/sam0/drivers/system/pinmux/pinmux.o
 .ARM.attributes
                0x000004fa       0x32 src/ASF/sam0/drivers/system/system.o
 .ARM.attributes
                0x0000052c       0x32 src/ASF/sam0/utils/cmsis/samd20/source/gcc/startup_samd20.o
 .ARM.attributes
                0x0000055e       0x32 src/Main.o
 .ARM.attributes
                0x00000590       0x1e c:/program files (x86)/atmel/studio/7.0/toolchain/arm/arm-gnu-toolchain/bin/../lib/gcc/arm-none-eabi/6.2.1/thumb/v6-m\libgcc.a(_udivsi3.o)
 .ARM.attributes
                0x000005ae       0x1e c:/program files (x86)/atmel/studio/7.0/toolchain/arm/arm-gnu-toolchain/bin/../lib/gcc/arm-none-eabi/6.2.1/thumb/v6-m\libgcc.a(_dvmd_tls.o)
 .ARM.attributes
                0x000005cc       0x2c c:/program files (x86)/atmel/studio/7.0/toolchain/arm/arm-gnu-toolchain/bin/../lib/gcc/arm-none-eabi/6.2.1/thumb/v6-m\libgcc.a(_muldi3.o)
 .ARM.attributes
                0x000005f8       0x2c c:/program files (x86)/atmel/studio/7.0/toolchain/arm/arm-gnu-toolchain/bin/../lib/gcc/arm-none-eabi/6.2.1/../../../../arm-none-eabi/lib/thumb/v6-m\libc_nano.a(lib_a-init.o)
 .ARM.attributes
                0x00000624       0x2c c:/program files (x86)/atmel/studio/7.0/toolchain/arm/arm-gnu-toolchain/bin/../lib/gcc/arm-none-eabi/6.2.1/../../../../arm-none-eabi/lib/thumb/v6-m\libc_nano.a(lib_a-memcpy-stub.o)
 .ARM.attributes
                0x00000650       0x1e c:/program files (x86)/atmel/studio/7.0/toolchain/arm/arm-gnu-toolchain/bin/../lib/gcc/arm-none-eabi/6.2.1/thumb/v6-m/crtn.o

.comment        0x00000000       0x59
 .comment       0x00000000       0x59 src/WDT.o
                                 0x5a (size before relaxing)
 .comment       0x00000059       0x5a src/ASF/sam0/drivers/extint/extint_callback.o
 .comment       0x00000059       0x5a src/ASF/sam0/drivers/extint/extint_sam_d_r_h/extint.o
 .comment       0x00000059       0x5a src/ASF/sam0/drivers/tc/tc_interrupt.o
 .comment       0x00000059       0x5a src/ASF/sam0/drivers/tc/tc_sam_d_r_h/tc.o
 .comment       0x00000059       0x5a src/ASF/sam0/drivers/wdt/wdt.o
 .comment       0x00000059       0x5a src/ASF/sam0/drivers/wdt/wdt_callback.o
 .comment       0x00000059       0x5a src/Ext_INT.o
 .comment       0x00000059       0x5a src/LCM.o
 .comment       0x00000059       0x5a src/Lora_Func.o
 .comment       0x00000059       0x5a src/Print_Lora_Msg.o
 .comment       0x00000059       0x5a src/Timer.o
 .comment       0x00000059       0x5a src/UART.o
 .comment       0x00000059       0x5a src/ASF/common2/services/delay/sam0/systick_counter.o
 .comment       0x00000059       0x5a src/ASF/common/utils/interrupt/interrupt_sam_nvic.o
 .comment       0x00000059       0x5a src/ASF/sam0/boards/samd20_xplained_pro/board_init.o
 .comment       0x00000059       0x5a src/ASF/sam0/drivers/port/port.o
 .comment       0x00000059       0x5a src/ASF/sam0/drivers/sercom/sercom.o
 .comment       0x00000059       0x5a src/ASF/sam0/drivers/sercom/sercom_interrupt.o
 .comment       0x00000059       0x5a src/ASF/sam0/drivers/sercom/usart/usart.o
 .comment       0x00000059       0x5a src/ASF/sam0/drivers/sercom/usart/usart_interrupt.o
 .comment       0x00000059       0x5a src/ASF/sam0/drivers/system/clock/clock_samd20/clock.o
 .comment       0x00000059       0x5a src/ASF/sam0/drivers/system/clock/clock_samd20/gclk.o
 .comment       0x00000059       0x5a src/ASF/sam0/drivers/system/pinmux/pinmux.o
 .comment       0x00000059       0x5a src/ASF/sam0/drivers/system/system.o
 .comment       0x00000059       0x5a src/ASF/sam0/utils/cmsis/samd20/source/gcc/startup_samd20.o
 .comment       0x00000059       0x5a src/Main.o

.debug_info     0x00000000    0x4940f
 .debug_info    0x00000000     0x4168 src/WDT.o
 .debug_info    0x00004168     0x1991 src/ASF/sam0/drivers/extint/extint_callback.o
 .debug_info    0x00005af9     0x2a08 src/ASF/sam0/drivers/extint/extint_sam_d_r_h/extint.o
 .debug_info    0x00008501     0x1c0f src/ASF/sam0/drivers/tc/tc_interrupt.o
 .debug_info    0x0000a110     0x2e8d src/ASF/sam0/drivers/tc/tc_sam_d_r_h/tc.o
 .debug_info    0x0000cf9d     0x1a17 src/ASF/sam0/drivers/wdt/wdt.o
 .debug_info    0x0000e9b4     0x1278 src/ASF/sam0/drivers/wdt/wdt_callback.o
 .debug_info    0x0000fc2c     0x4111 src/Ext_INT.o
 .debug_info    0x00013d3d     0x4afa src/LCM.o
 .debug_info    0x00018837     0x50de src/Lora_Func.o
 .debug_info    0x0001d915     0x57fb src/Print_Lora_Msg.o
 .debug_info    0x00023110     0x47cb src/Timer.o
 .debug_info    0x000278db     0x540c src/UART.o
 .debug_info    0x0002cce7      0xb81 src/ASF/common2/services/delay/sam0/systick_counter.o
 .debug_info    0x0002d868      0xafb src/ASF/common/utils/interrupt/interrupt_sam_nvic.o
 .debug_info    0x0002e363     0x17a4 src/ASF/sam0/boards/samd20_xplained_pro/board_init.o
 .debug_info    0x0002fb07     0x12ac src/ASF/sam0/drivers/port/port.o
 .debug_info    0x00030db3     0x265c src/ASF/sam0/drivers/sercom/sercom.o
 .debug_info    0x0003340f     0x2450 src/ASF/sam0/drivers/sercom/sercom_interrupt.o
 .debug_info    0x0003585f     0x42ab src/ASF/sam0/drivers/sercom/usart/usart.o
 .debug_info    0x00039b0a     0x287b src/ASF/sam0/drivers/sercom/usart/usart_interrupt.o
 .debug_info    0x0003c385     0x3d82 src/ASF/sam0/drivers/system/clock/clock_samd20/clock.o
 .debug_info    0x00040107     0x1ddc src/ASF/sam0/drivers/system/clock/clock_samd20/gclk.o
 .debug_info    0x00041ee3     0x136a src/ASF/sam0/drivers/system/pinmux/pinmux.o
 .debug_info    0x0004324d      0xa67 src/ASF/sam0/drivers/system/system.o
 .debug_info    0x00043cb4      0x9c9 src/ASF/sam0/utils/cmsis/samd20/source/gcc/startup_samd20.o
 .debug_info    0x0004467d     0x4d92 src/Main.o

.debug_abbrev   0x00000000     0x5a9c
 .debug_abbrev  0x00000000      0x31e src/WDT.o
 .debug_abbrev  0x0000031e      0x333 src/ASF/sam0/drivers/extint/extint_callback.o
 .debug_abbrev  0x00000651      0x4a7 src/ASF/sam0/drivers/extint/extint_sam_d_r_h/extint.o
 .debug_abbrev  0x00000af8      0x2ff src/ASF/sam0/drivers/tc/tc_interrupt.o
 .debug_abbrev  0x00000df7      0x434 src/ASF/sam0/drivers/tc/tc_sam_d_r_h/tc.o
 .debug_abbrev  0x0000122b      0x358 src/ASF/sam0/drivers/wdt/wdt.o
 .debug_abbrev  0x00001583      0x309 src/ASF/sam0/drivers/wdt/wdt_callback.o
 .debug_abbrev  0x0000188c      0x2e6 src/Ext_INT.o
 .debug_abbrev  0x00001b72      0x377 src/LCM.o
 .debug_abbrev  0x00001ee9      0x424 src/Lora_Func.o
 .debug_abbrev  0x0000230d      0x2fd src/Print_Lora_Msg.o
 .debug_abbrev  0x0000260a      0x3e8 src/Timer.o
 .debug_abbrev  0x000029f2      0x496 src/UART.o
 .debug_abbrev  0x00002e88      0x24b src/ASF/common2/services/delay/sam0/systick_counter.o
 .debug_abbrev  0x000030d3      0x22c src/ASF/common/utils/interrupt/interrupt_sam_nvic.o
 .debug_abbrev  0x000032ff      0x2dc src/ASF/sam0/boards/samd20_xplained_pro/board_init.o
 .debug_abbrev  0x000035db      0x298 src/ASF/sam0/drivers/port/port.o
 .debug_abbrev  0x00003873      0x378 src/ASF/sam0/drivers/sercom/sercom.o
 .debug_abbrev  0x00003beb      0x2d8 src/ASF/sam0/drivers/sercom/sercom_interrupt.o
 .debug_abbrev  0x00003ec3      0x480 src/ASF/sam0/drivers/sercom/usart/usart.o
 .debug_abbrev  0x00004343      0x416 src/ASF/sam0/drivers/sercom/usart/usart_interrupt.o
 .debug_abbrev  0x00004759      0x4a1 src/ASF/sam0/drivers/system/clock/clock_samd20/clock.o
 .debug_abbrev  0x00004bfa      0x3f1 src/ASF/sam0/drivers/system/clock/clock_samd20/gclk.o
 .debug_abbrev  0x00004feb      0x332 src/ASF/sam0/drivers/system/pinmux/pinmux.o
 .debug_abbrev  0x0000531d      0x1e1 src/ASF/sam0/drivers/system/system.o
 .debug_abbrev  0x000054fe      0x1e4 src/ASF/sam0/utils/cmsis/samd20/source/gcc/startup_samd20.o
 .debug_abbrev  0x000056e2      0x3ba src/Main.o

.debug_loc      0x00000000     0x6790
 .debug_loc     0x00000000       0x5f src/WDT.o
 .debug_loc     0x0000005f      0x2ac src/ASF/sam0/drivers/extint/extint_callback.o
 .debug_loc     0x0000030b      0x43d src/ASF/sam0/drivers/extint/extint_sam_d_r_h/extint.o
 .debug_loc     0x00000748      0x228 src/ASF/sam0/drivers/tc/tc_interrupt.o
 .debug_loc     0x00000970      0xdf1 src/ASF/sam0/drivers/tc/tc_sam_d_r_h/tc.o
 .debug_loc     0x00001761      0x10d src/ASF/sam0/drivers/wdt/wdt.o
 .debug_loc     0x0000186e       0xf3 src/ASF/sam0/drivers/wdt/wdt_callback.o
 .debug_loc     0x00001961       0x4c src/Ext_INT.o
 .debug_loc     0x000019ad      0x405 src/LCM.o
 .debug_loc     0x00001db2      0x3ca src/Lora_Func.o
 .debug_loc     0x0000217c      0x31e src/Print_Lora_Msg.o
 .debug_loc     0x0000249a      0x11a src/Timer.o
 .debug_loc     0x000025b4      0x561 src/UART.o
 .debug_loc     0x00002b15       0xe4 src/ASF/common2/services/delay/sam0/systick_counter.o
 .debug_loc     0x00002bf9      0x417 src/ASF/sam0/boards/samd20_xplained_pro/board_init.o
 .debug_loc     0x00003010      0x13d src/ASF/sam0/drivers/port/port.o
 .debug_loc     0x0000314d      0x9d5 src/ASF/sam0/drivers/sercom/sercom.o
 .debug_loc     0x00003b22      0x161 src/ASF/sam0/drivers/sercom/sercom_interrupt.o
 .debug_loc     0x00003c83      0xc56 src/ASF/sam0/drivers/sercom/usart/usart.o
 .debug_loc     0x000048d9      0x6b6 src/ASF/sam0/drivers/sercom/usart/usart_interrupt.o
 .debug_loc     0x00004f8f      0xe88 src/ASF/sam0/drivers/system/clock/clock_samd20/clock.o
 .debug_loc     0x00005e17      0x504 src/ASF/sam0/drivers/system/clock/clock_samd20/gclk.o
 .debug_loc     0x0000631b      0x322 src/ASF/sam0/drivers/system/pinmux/pinmux.o
 .debug_loc     0x0000663d       0x20 src/ASF/sam0/drivers/system/system.o
 .debug_loc     0x0000665d       0x40 src/ASF/sam0/utils/cmsis/samd20/source/gcc/startup_samd20.o
 .debug_loc     0x0000669d       0xf3 src/Main.o

.debug_aranges  0x00000000      0x7d8
 .debug_aranges
                0x00000000       0x30 src/WDT.o
 .debug_aranges
                0x00000030       0x48 src/ASF/sam0/drivers/extint/extint_callback.o
 .debug_aranges
                0x00000078       0x50 src/ASF/sam0/drivers/extint/extint_sam_d_r_h/extint.o
 .debug_aranges
                0x000000c8       0x70 src/ASF/sam0/drivers/tc/tc_interrupt.o
 .debug_aranges
                0x00000138       0x58 src/ASF/sam0/drivers/tc/tc_sam_d_r_h/tc.o
 .debug_aranges
                0x00000190       0x28 src/ASF/sam0/drivers/wdt/wdt.o
 .debug_aranges
                0x000001b8       0x40 src/ASF/sam0/drivers/wdt/wdt_callback.o
 .debug_aranges
                0x000001f8       0x30 src/Ext_INT.o
 .debug_aranges
                0x00000228       0x30 src/LCM.o
 .debug_aranges
                0x00000258       0x80 src/Lora_Func.o
 .debug_aranges
                0x000002d8       0xd0 src/Print_Lora_Msg.o
 .debug_aranges
                0x000003a8       0x38 src/Timer.o
 .debug_aranges
                0x000003e0       0x68 src/UART.o
 .debug_aranges
                0x00000448       0x30 src/ASF/common2/services/delay/sam0/systick_counter.o
 .debug_aranges
                0x00000478       0x28 src/ASF/common/utils/interrupt/interrupt_sam_nvic.o
 .debug_aranges
                0x000004a0       0x20 src/ASF/sam0/boards/samd20_xplained_pro/board_init.o
 .debug_aranges
                0x000004c0       0x28 src/ASF/sam0/drivers/port/port.o
 .debug_aranges
                0x000004e8       0x48 src/ASF/sam0/drivers/sercom/sercom.o
 .debug_aranges
                0x00000530       0x60 src/ASF/sam0/drivers/sercom/sercom_interrupt.o
 .debug_aranges
                0x00000590       0x40 src/ASF/sam0/drivers/sercom/usart/usart.o
 .debug_aranges
                0x000005d0       0x70 src/ASF/sam0/drivers/sercom/usart/usart_interrupt.o
 .debug_aranges
                0x00000640       0x70 src/ASF/sam0/drivers/system/clock/clock_samd20/clock.o
 .debug_aranges
                0x000006b0       0x80 src/ASF/sam0/drivers/system/clock/clock_samd20/gclk.o
 .debug_aranges
                0x00000730       0x38 src/ASF/sam0/drivers/system/pinmux/pinmux.o
 .debug_aranges
                0x00000768       0x28 src/ASF/sam0/drivers/system/system.o
 .debug_aranges
                0x00000790       0x28 src/ASF/sam0/utils/cmsis/samd20/source/gcc/startup_samd20.o
 .debug_aranges
                0x000007b8       0x20 src/Main.o

.debug_ranges   0x00000000      0x7f8
 .debug_ranges  0x00000000       0x20 src/WDT.o
 .debug_ranges  0x00000020       0x90 src/ASF/sam0/drivers/extint/extint_callback.o
 .debug_ranges  0x000000b0       0x40 src/ASF/sam0/drivers/extint/extint_sam_d_r_h/extint.o
 .debug_ranges  0x000000f0       0x60 src/ASF/sam0/drivers/tc/tc_interrupt.o
 .debug_ranges  0x00000150       0x90 src/ASF/sam0/drivers/tc/tc_sam_d_r_h/tc.o
 .debug_ranges  0x000001e0       0x18 src/ASF/sam0/drivers/wdt/wdt.o
 .debug_ranges  0x000001f8       0x30 src/ASF/sam0/drivers/wdt/wdt_callback.o
 .debug_ranges  0x00000228       0x20 src/Ext_INT.o
 .debug_ranges  0x00000248       0x20 src/LCM.o
 .debug_ranges  0x00000268       0x70 src/Lora_Func.o
 .debug_ranges  0x000002d8       0xc0 src/Print_Lora_Msg.o
 .debug_ranges  0x00000398       0x28 src/Timer.o
 .debug_ranges  0x000003c0       0x58 src/UART.o
 .debug_ranges  0x00000418       0x50 src/ASF/common2/services/delay/sam0/systick_counter.o
 .debug_ranges  0x00000468       0x18 src/ASF/common/utils/interrupt/interrupt_sam_nvic.o
 .debug_ranges  0x00000480       0x10 src/ASF/sam0/boards/samd20_xplained_pro/board_init.o
 .debug_ranges  0x00000490       0x18 src/ASF/sam0/drivers/port/port.o
 .debug_ranges  0x000004a8       0x50 src/ASF/sam0/drivers/sercom/sercom.o
 .debug_ranges  0x000004f8       0x50 src/ASF/sam0/drivers/sercom/sercom_interrupt.o
 .debug_ranges  0x00000548      0x100 src/ASF/sam0/drivers/sercom/usart/usart.o
 .debug_ranges  0x00000648       0x60 src/ASF/sam0/drivers/sercom/usart/usart_interrupt.o
 .debug_ranges  0x000006a8       0x60 src/ASF/sam0/drivers/system/clock/clock_samd20/clock.o
 .debug_ranges  0x00000708       0x88 src/ASF/sam0/drivers/system/clock/clock_samd20/gclk.o
 .debug_ranges  0x00000790       0x28 src/ASF/sam0/drivers/system/pinmux/pinmux.o
 .debug_ranges  0x000007b8       0x18 src/ASF/sam0/drivers/system/system.o
 .debug_ranges  0x000007d0       0x18 src/ASF/sam0/utils/cmsis/samd20/source/gcc/startup_samd20.o
 .debug_ranges  0x000007e8       0x10 src/Main.o

.debug_macro    0x00000000    0x176a4
 .debug_macro   0x00000000      0x605 src/WDT.o
 .debug_macro   0x00000605      0x8ce src/WDT.o
 .debug_macro   0x00000ed3      0x16d src/WDT.o
 .debug_macro   0x00001040      0x64b src/WDT.o
 .debug_macro   0x0000168b       0x22 src/WDT.o
 .debug_macro   0x000016ad       0x87 src/WDT.o
 .debug_macro   0x00001734       0x51 src/WDT.o
 .debug_macro   0x00001785       0xef src/WDT.o
 .debug_macro   0x00001874       0x6a src/WDT.o
 .debug_macro   0x000018de      0x1df src/WDT.o
 .debug_macro   0x00001abd       0x10 src/WDT.o
 .debug_macro   0x00001acd       0x76 src/WDT.o
 .debug_macro   0x00001b43       0x16 src/WDT.o
 .debug_macro   0x00001b59      0x6e5 src/WDT.o
 .debug_macro   0x0000223e      0xde2 src/WDT.o
 .debug_macro   0x00003020       0x22 src/WDT.o
 .debug_macro   0x00003042       0x40 src/WDT.o
 .debug_macro   0x00003082       0x3a src/WDT.o
 .debug_macro   0x000030bc       0x1f src/WDT.o
 .debug_macro   0x000030db      0x250 src/WDT.o
 .debug_macro   0x0000332b      0x682 src/WDT.o
 .debug_macro   0x000039ad      0x8c1 src/WDT.o
 .debug_macro   0x0000426e      0x229 src/WDT.o
 .debug_macro   0x00004497      0x5bf src/WDT.o
 .debug_macro   0x00004a56      0x9fb src/WDT.o
 .debug_macro   0x00005451      0x5b8 src/WDT.o
 .debug_macro   0x00005a09      0x4b6 src/WDT.o
 .debug_macro   0x00005ebf      0x74c src/WDT.o
 .debug_macro   0x0000660b       0x5e src/WDT.o
 .debug_macro   0x00006669      0x5e2 src/WDT.o
 .debug_macro   0x00006c4b      0x3b8 src/WDT.o
 .debug_macro   0x00007003      0xc55 src/WDT.o
 .debug_macro   0x00007c58      0xd29 src/WDT.o
 .debug_macro   0x00008981      0x7b8 src/WDT.o
 .debug_macro   0x00009139      0x6c2 src/WDT.o
 .debug_macro   0x000097fb      0x351 src/WDT.o
 .debug_macro   0x00009b4c       0x7c src/WDT.o
 .debug_macro   0x00009bc8       0x9a src/WDT.o
 .debug_macro   0x00009c62       0x46 src/WDT.o
 .debug_macro   0x00009ca8       0xb2 src/WDT.o
 .debug_macro   0x00009d5a       0x6a src/WDT.o
 .debug_macro   0x00009dc4      0x287 src/WDT.o
 .debug_macro   0x0000a04b       0x82 src/WDT.o
 .debug_macro   0x0000a0cd       0xb8 src/WDT.o
 .debug_macro   0x0000a185       0x1c src/WDT.o
 .debug_macro   0x0000a1a1       0x1c src/WDT.o
 .debug_macro   0x0000a1bd       0x1c src/WDT.o
 .debug_macro   0x0000a1d9       0x82 src/WDT.o
 .debug_macro   0x0000a25b      0x164 src/WDT.o
 .debug_macro   0x0000a3bf       0xdc src/WDT.o
 .debug_macro   0x0000a49b      0x104 src/WDT.o
 .debug_macro   0x0000a59f      0x104 src/WDT.o
 .debug_macro   0x0000a6a3      0x104 src/WDT.o
 .debug_macro   0x0000a7a7      0x104 src/WDT.o
 .debug_macro   0x0000a8ab      0x104 src/WDT.o
 .debug_macro   0x0000a9af      0x104 src/WDT.o
 .debug_macro   0x0000aab3       0xfa src/WDT.o
 .debug_macro   0x0000abad       0xbe src/WDT.o
 .debug_macro   0x0000ac6b       0xbe src/WDT.o
 .debug_macro   0x0000ad29       0xbe src/WDT.o
 .debug_macro   0x0000ade7       0xbe src/WDT.o
 .debug_macro   0x0000aea5       0xbe src/WDT.o
 .debug_macro   0x0000af63       0xbe src/WDT.o
 .debug_macro   0x0000b021       0xbe src/WDT.o
 .debug_macro   0x0000b0df       0xbe src/WDT.o
 .debug_macro   0x0000b19d       0x40 src/WDT.o
 .debug_macro   0x0000b1dd      0x2e3 src/WDT.o
 .debug_macro   0x0000b4c0     0x19c4 src/WDT.o
 .debug_macro   0x0000ce84       0x4a src/WDT.o
 .debug_macro   0x0000cece       0x52 src/WDT.o
 .debug_macro   0x0000cf20       0x35 src/WDT.o
 .debug_macro   0x0000cf55       0x9c src/WDT.o
 .debug_macro   0x0000cff1       0x16 src/WDT.o
 .debug_macro   0x0000d007       0x35 src/WDT.o
 .debug_macro   0x0000d03c      0x330 src/WDT.o
 .debug_macro   0x0000d36c       0x10 src/WDT.o
 .debug_macro   0x0000d37c       0x52 src/WDT.o
 .debug_macro   0x0000d3ce       0x1f src/WDT.o
 .debug_macro   0x0000d3ed       0x43 src/WDT.o
 .debug_macro   0x0000d430       0x20 src/WDT.o
 .debug_macro   0x0000d450      0x187 src/WDT.o
 .debug_macro   0x0000d5d7       0x10 src/WDT.o
 .debug_macro   0x0000d5e7       0x1c src/WDT.o
 .debug_macro   0x0000d603       0x52 src/WDT.o
 .debug_macro   0x0000d655       0x40 src/WDT.o
 .debug_macro   0x0000d695       0x10 src/WDT.o
 .debug_macro   0x0000d6a5       0x40 src/WDT.o
 .debug_macro   0x0000d6e5       0xd7 src/WDT.o
 .debug_macro   0x0000d7bc       0x16 src/WDT.o
 .debug_macro   0x0000d7d2      0x18b src/WDT.o
 .debug_macro   0x0000d95d       0x16 src/WDT.o
 .debug_macro   0x0000d973       0x16 src/WDT.o
 .debug_macro   0x0000d989       0x29 src/WDT.o
 .debug_macro   0x0000d9b2       0x51 src/WDT.o
 .debug_macro   0x0000da03       0x3f src/WDT.o
 .debug_macro   0x0000da42      0x3df src/WDT.o
 .debug_macro   0x0000de21       0x11 src/WDT.o
 .debug_macro   0x0000de32       0x16 src/WDT.o
 .debug_macro   0x0000de48       0x19 src/WDT.o
 .debug_macro   0x0000de61       0x1c src/WDT.o
 .debug_macro   0x0000de7d       0x16 src/WDT.o
 .debug_macro   0x0000de93       0x18 src/WDT.o
 .debug_macro   0x0000deab      0x2c6 src/WDT.o
 .debug_macro   0x0000e171      0x80c src/WDT.o
 .debug_macro   0x0000e97d       0x18 src/WDT.o
 .debug_macro   0x0000e995       0x2e src/WDT.o
 .debug_macro   0x0000e9c3       0xb2 src/WDT.o
 .debug_macro   0x0000ea75       0x10 src/WDT.o
 .debug_macro   0x0000ea85       0x1f src/WDT.o
 .debug_macro   0x0000eaa4       0x6c src/WDT.o
 .debug_macro   0x0000eb10      0x12b src/WDT.o
 .debug_macro   0x0000ec3b      0x4c9 src/ASF/sam0/drivers/extint/extint_callback.o
 .debug_macro   0x0000f104       0x12 src/ASF/sam0/drivers/extint/extint_callback.o
 .debug_macro   0x0000f116      0x524 src/ASF/sam0/drivers/extint/extint_sam_d_r_h/extint.o
 .debug_macro   0x0000f63a       0x16 src/ASF/sam0/drivers/extint/extint_sam_d_r_h/extint.o
 .debug_macro   0x0000f650      0x513 src/ASF/sam0/drivers/tc/tc_interrupt.o
 .debug_macro   0x0000fb63       0x19 src/ASF/sam0/drivers/tc/tc_interrupt.o
 .debug_macro   0x0000fb7c       0x51 src/ASF/sam0/drivers/tc/tc_interrupt.o
 .debug_macro   0x0000fbcd      0x52e src/ASF/sam0/drivers/tc/tc_sam_d_r_h/tc.o
 .debug_macro   0x000100fb      0x503 src/ASF/sam0/drivers/wdt/wdt.o
 .debug_macro   0x000105fe      0x51c src/ASF/sam0/drivers/wdt/wdt_callback.o
 .debug_macro   0x00010b1a      0x607 src/Ext_INT.o
 .debug_macro   0x00011121      0x607 src/LCM.o
 .debug_macro   0x00011728      0x606 src/Lora_Func.o
 .debug_macro   0x00011d2e      0x607 src/Print_Lora_Msg.o
 .debug_macro   0x00012335      0x607 src/Timer.o
 .debug_macro   0x0001293c      0x607 src/UART.o
 .debug_macro   0x00012f43      0x4e0 src/ASF/common2/services/delay/sam0/systick_counter.o
 .debug_macro   0x00013423       0x16 src/ASF/common2/services/delay/sam0/systick_counter.o
 .debug_macro   0x00013439      0x4a4 src/ASF/common/utils/interrupt/interrupt_sam_nvic.o
 .debug_macro   0x000138dd      0x4e0 src/ASF/sam0/boards/samd20_xplained_pro/board_init.o
 .debug_macro   0x00013dbd       0x12 src/ASF/sam0/boards/samd20_xplained_pro/board_init.o
 .debug_macro   0x00013dcf      0x4be src/ASF/sam0/drivers/port/port.o
 .debug_macro   0x0001428d      0x532 src/ASF/sam0/drivers/sercom/sercom.o
 .debug_macro   0x000147bf      0x52f src/ASF/sam0/drivers/sercom/sercom_interrupt.o
 .debug_macro   0x00014cee      0x543 src/ASF/sam0/drivers/sercom/usart/usart.o
 .debug_macro   0x00015231       0x19 src/ASF/sam0/drivers/sercom/usart/usart.o
 .debug_macro   0x0001524a      0x543 src/ASF/sam0/drivers/sercom/usart/usart_interrupt.o
 .debug_macro   0x0001578d      0x5b9 src/ASF/sam0/drivers/system/clock/clock_samd20/clock.o
 .debug_macro   0x00015d46      0x21a src/ASF/sam0/drivers/system/clock/clock_samd20/clock.o
 .debug_macro   0x00015f60      0x4db src/ASF/sam0/drivers/system/clock/clock_samd20/gclk.o
 .debug_macro   0x0001643b      0x4b6 src/ASF/sam0/drivers/system/pinmux/pinmux.o
 .debug_macro   0x000168f1      0x4e8 src/ASF/sam0/drivers/system/system.o
 .debug_macro   0x00016dd9      0x28b src/ASF/sam0/utils/cmsis/samd20/source/gcc/startup_samd20.o
 .debug_macro   0x00017064       0x3a src/ASF/sam0/utils/cmsis/samd20/source/gcc/startup_samd20.o
 .debug_macro   0x0001709e      0x606 src/Main.o

.debug_line     0x00000000    0x133bf
 .debug_line    0x00000000      0xd0c src/WDT.o
 .debug_line    0x00000d0c      0x966 src/ASF/sam0/drivers/extint/extint_callback.o
 .debug_line    0x00001672      0xbbb src/ASF/sam0/drivers/extint/extint_sam_d_r_h/extint.o
 .debug_line    0x0000222d      0xa61 src/ASF/sam0/drivers/tc/tc_interrupt.o
 .debug_line    0x00002c8e      0xd22 src/ASF/sam0/drivers/tc/tc_sam_d_r_h/tc.o
 .debug_line    0x000039b0      0xa4f src/ASF/sam0/drivers/wdt/wdt.o
 .debug_line    0x000043ff      0xab7 src/ASF/sam0/drivers/wdt/wdt_callback.o
 .debug_line    0x00004eb6      0xd09 src/Ext_INT.o
 .debug_line    0x00005bbf      0xd54 src/LCM.o
 .debug_line    0x00006913      0xed2 src/Lora_Func.o
 .debug_line    0x000077e5      0xf7a src/Print_Lora_Msg.o
 .debug_line    0x0000875f      0xd6d src/Timer.o
 .debug_line    0x000094cc      0xe5e src/UART.o
 .debug_line    0x0000a32a      0x94f src/ASF/common2/services/delay/sam0/systick_counter.o
 .debug_line    0x0000ac79      0x864 src/ASF/common/utils/interrupt/interrupt_sam_nvic.o
 .debug_line    0x0000b4dd      0x9bb src/ASF/sam0/boards/samd20_xplained_pro/board_init.o
 .debug_line    0x0000be98      0x890 src/ASF/sam0/drivers/port/port.o
 .debug_line    0x0000c728      0xb5f src/ASF/sam0/drivers/sercom/sercom.o
 .debug_line    0x0000d287      0xb02 src/ASF/sam0/drivers/sercom/sercom_interrupt.o
 .debug_line    0x0000dd89      0xc7e src/ASF/sam0/drivers/sercom/usart/usart.o
 .debug_line    0x0000ea07      0xc35 src/ASF/sam0/drivers/sercom/usart/usart_interrupt.o
 .debug_line    0x0000f63c      0xbc2 src/ASF/sam0/drivers/system/clock/clock_samd20/clock.o
 .debug_line    0x000101fe      0xc01 src/ASF/sam0/drivers/system/clock/clock_samd20/gclk.o
 .debug_line    0x00010dff      0x8c0 src/ASF/sam0/drivers/system/pinmux/pinmux.o
 .debug_line    0x000116bf      0x97c src/ASF/sam0/drivers/system/system.o
 .debug_line    0x0001203b      0x5dc src/ASF/sam0/utils/cmsis/samd20/source/gcc/startup_samd20.o
 .debug_line    0x00012617      0xda8 src/Main.o

.debug_str      0x00000000    0x62d4a
 .debug_str     0x00000000    0x5cd41 src/WDT.o
                              0x5d361 (size before relaxing)
 .debug_str     0x0005cd41      0x49a src/ASF/sam0/drivers/extint/extint_callback.o
                              0x58253 (size before relaxing)
 .debug_str     0x0005d1db      0xb7b src/ASF/sam0/drivers/extint/extint_sam_d_r_h/extint.o
                              0x591a8 (size before relaxing)
 .debug_str     0x0005dd56       0xf3 src/ASF/sam0/drivers/tc/tc_interrupt.o
                              0x587ab (size before relaxing)
 .debug_str     0x0005de49      0x53e src/ASF/sam0/drivers/tc/tc_sam_d_r_h/tc.o
                              0x5901c (size before relaxing)
 .debug_str     0x0005e387      0x118 src/ASF/sam0/drivers/wdt/wdt.o
                              0x583d9 (size before relaxing)
 .debug_str     0x0005e49f       0x9a src/ASF/sam0/drivers/wdt/wdt_callback.o
                              0x585f6 (size before relaxing)
 .debug_str     0x0005e539       0x72 src/Ext_INT.o
                              0x5d2dc (size before relaxing)
 .debug_str     0x0005e5ab      0x229 src/LCM.o
                              0x5d2fc (size before relaxing)
 .debug_str     0x0005e7d4      0x4bd src/Lora_Func.o
                              0x5d790 (size before relaxing)
 .debug_str     0x0005ec91       0xb8 src/Print_Lora_Msg.o
                              0x5d32e (size before relaxing)
 .debug_str     0x0005ed49      0x162 src/Timer.o
                              0x5da6d (size before relaxing)
 .debug_str     0x0005eeab      0x3f1 src/UART.o
                              0x5dbcc (size before relaxing)
 .debug_str     0x0005f29c       0xa6 src/ASF/common2/services/delay/sam0/systick_counter.o
                              0x57c47 (size before relaxing)
 .debug_str     0x0005f342       0x94 src/ASF/common/utils/interrupt/interrupt_sam_nvic.o
                              0x57a52 (size before relaxing)
 .debug_str     0x0005f3d6      0x126 src/ASF/sam0/boards/samd20_xplained_pro/board_init.o
                              0x5abc0 (size before relaxing)
 .debug_str     0x0005f4fc       0x5e src/ASF/sam0/drivers/port/port.o
                              0x57e58 (size before relaxing)
 .debug_str     0x0005f55a      0x3a9 src/ASF/sam0/drivers/sercom/sercom.o
                              0x58f7b (size before relaxing)
 .debug_str     0x0005f903      0x17b src/ASF/sam0/drivers/sercom/sercom_interrupt.o
                              0x58db4 (size before relaxing)
 .debug_str     0x0005fa7e      0x3f8 src/ASF/sam0/drivers/sercom/usart/usart.o
                              0x59962 (size before relaxing)
 .debug_str     0x0005fe76      0x1b4 src/ASF/sam0/drivers/sercom/usart/usart_interrupt.o
                              0x58e19 (size before relaxing)
 .debug_str     0x0006002a     0x267a src/ASF/sam0/drivers/system/clock/clock_samd20/clock.o
                              0x5ac62 (size before relaxing)
 .debug_str     0x000626a4      0x1a1 src/ASF/sam0/drivers/system/clock/clock_samd20/gclk.o
                              0x58685 (size before relaxing)
 .debug_str     0x00062845       0xf4 src/ASF/sam0/drivers/system/pinmux/pinmux.o
                              0x57e49 (size before relaxing)
 .debug_str     0x00062939       0x47 src/ASF/sam0/drivers/system/system.o
                              0x57aee (size before relaxing)
 .debug_str     0x00062980      0x391 src/ASF/sam0/utils/cmsis/samd20/source/gcc/startup_samd20.o
                              0x42f1c (size before relaxing)
 .debug_str     0x00062d11       0x39 src/Main.o
                              0x5d676 (size before relaxing)

.debug_frame    0x00000000     0x12bc
 .debug_frame   0x00000000       0x50 src/WDT.o
 .debug_frame   0x00000050       0x7c src/ASF/sam0/drivers/extint/extint_callback.o
 .debug_frame   0x000000cc       0xb8 src/ASF/sam0/drivers/extint/extint_sam_d_r_h/extint.o
 .debug_frame   0x00000184      0x10c src/ASF/sam0/drivers/tc/tc_interrupt.o
 .debug_frame   0x00000290       0xb4 src/ASF/sam0/drivers/tc/tc_sam_d_r_h/tc.o
 .debug_frame   0x00000344       0x3c src/ASF/sam0/drivers/wdt/wdt.o
 .debug_frame   0x00000380       0x68 src/ASF/sam0/drivers/wdt/wdt_callback.o
 .debug_frame   0x000003e8       0x54 src/Ext_INT.o
 .debug_frame   0x0000043c       0x60 src/LCM.o
 .debug_frame   0x0000049c      0x15c src/Lora_Func.o
 .debug_frame   0x000005f8      0x2a0 src/Print_Lora_Msg.o
 .debug_frame   0x00000898       0x70 src/Timer.o
 .debug_frame   0x00000908      0x108 src/UART.o
 .debug_frame   0x00000a10       0x64 src/ASF/common2/services/delay/sam0/systick_counter.o
 .debug_frame   0x00000a74       0x30 src/ASF/common/utils/interrupt/interrupt_sam_nvic.o
 .debug_frame   0x00000aa4       0x38 src/ASF/sam0/boards/samd20_xplained_pro/board_init.o
 .debug_frame   0x00000adc       0x44 src/ASF/sam0/drivers/port/port.o
 .debug_frame   0x00000b20       0xbc src/ASF/sam0/drivers/sercom/sercom.o
 .debug_frame   0x00000bdc       0xe8 src/ASF/sam0/drivers/sercom/sercom_interrupt.o
 .debug_frame   0x00000cc4       0xac src/ASF/sam0/drivers/sercom/usart/usart.o
 .debug_frame   0x00000d70      0x110 src/ASF/sam0/drivers/sercom/usart/usart_interrupt.o
 .debug_frame   0x00000e80      0x138 src/ASF/sam0/drivers/system/clock/clock_samd20/clock.o
 .debug_frame   0x00000fb8      0x148 src/ASF/sam0/drivers/system/clock/clock_samd20/gclk.o
 .debug_frame   0x00001100       0x74 src/ASF/sam0/drivers/system/pinmux/pinmux.o
 .debug_frame   0x00001174       0x38 src/ASF/sam0/drivers/system/system.o
 .debug_frame   0x000011ac       0x38 src/ASF/sam0/utils/cmsis/samd20/source/gcc/startup_samd20.o
 .debug_frame   0x000011e4       0x30 src/Main.o
 .debug_frame   0x00001214       0x20 c:/program files (x86)/atmel/studio/7.0/toolchain/arm/arm-gnu-toolchain/bin/../lib/gcc/arm-none-eabi/6.2.1/thumb/v6-m\libgcc.a(_udivsi3.o)
 .debug_frame   0x00001234       0x34 c:/program files (x86)/atmel/studio/7.0/toolchain/arm/arm-gnu-toolchain/bin/../lib/gcc/arm-none-eabi/6.2.1/thumb/v6-m\libgcc.a(_muldi3.o)
 .debug_frame   0x00001268       0x2c c:/program files (x86)/atmel/studio/7.0/toolchain/arm/arm-gnu-toolchain/bin/../lib/gcc/arm-none-eabi/6.2.1/../../../../arm-none-eabi/lib/thumb/v6-m\libc_nano.a(lib_a-init.o)
 .debug_frame   0x00001294       0x28 c:/program files (x86)/atmel/studio/7.0/toolchain/arm/arm-gnu-toolchain/bin/../lib/gcc/arm-none-eabi/6.2.1/../../../../arm-none-eabi/lib/thumb/v6-m\libc_nano.a(lib_a-memcpy-stub.o)

Cross Reference Table

Symbol                                            File
AC_Handler                                        src/ASF/sam0/utils/cmsis/samd20/source/gcc/startup_samd20.o
ADC_Handler                                       src/ASF/sam0/utils/cmsis/samd20/source/gcc/startup_samd20.o
Catch_Lora_RX_Count_Form_Module                   src/Lora_Func.o
DAC_Handler                                       src/ASF/sam0/utils/cmsis/samd20/source/gcc/startup_samd20.o
DIP_SW_Value                                      src/Main.o
                                                  src/UART.o
                                                  src/Timer.o
                                                  src/Print_Lora_Msg.o
                                                  src/Lora_Func.o
                                                  src/LCM.o
                                                  src/Ext_INT.o
                                                  src/ADC.o
                                                  src/WDT.o
Display_Rssi                                      src/Lora_Func.o
                                                  src/Main.o
Dummy_Handler                                     src/ASF/sam0/utils/cmsis/samd20/source/gcc/startup_samd20.o
EIC_Handler                                       src/ASF/sam0/drivers/extint/extint_callback.o
EVSYS_Handler                                     src/ASF/sam0/utils/cmsis/samd20/source/gcc/startup_samd20.o
HardFault_Handler                                 src/ASF/sam0/utils/cmsis/samd20/source/gcc/startup_samd20.o
LastStatus                                        src/Main.o
                                                  src/UART.o
                                                  src/Timer.o
                                                  src/Print_Lora_Msg.o
                                                  src/Lora_Func.o
                                                  src/LCM.o
                                                  src/Ext_INT.o
                                                  src/ADC.o
                                                  src/WDT.o
Last_DIP_SW_Value                                 src/Main.o
                                                  src/UART.o
                                                  src/Timer.o
                                                  src/Print_Lora_Msg.o
                                                  src/Lora_Func.o
                                                  src/LCM.o
                                                  src/Ext_INT.o
                                                  src/ADC.o
                                                  src/WDT.o
LoRa_IRQ_Flag                                     src/Main.o
                                                  src/UART.o
                                                  src/Timer.o
                                                  src/Print_Lora_Msg.o
                                                  src/Lora_Func.o
                                                  src/LCM.o
                                                  src/Ext_INT.o
                                                  src/ADC.o
                                                  src/WDT.o
LoRa_Rx_Flag                                      src/Main.o
                                                  src/UART.o
                                                  src/Timer.o
                                                  src/Print_Lora_Msg.o
                                                  src/Lora_Func.o
                                                  src/LCM.o
                                                  src/Ext_INT.o
                                                  src/ADC.o
                                                  src/WDT.o
LoRa_TxRx_Mode_Flag                               src/Main.o
                                                  src/UART.o
                                                  src/Timer.o
                                                  src/Print_Lora_Msg.o
                                                  src/Lora_Func.o
                                                  src/LCM.o
                                                  src/Ext_INT.o
                                                  src/ADC.o
                                                  src/WDT.o
Lora_CMD_Func                                     src/Lora_Func.o
                                                  src/Main.o
Lora_Delay_Count                                  src/Main.o
                                                  src/UART.o
                                                  src/Timer.o
                                                  src/Print_Lora_Msg.o
                                                  src/Lora_Func.o
                                                  src/LCM.o
                                                  src/Ext_INT.o
                                                  src/ADC.o
                                                  src/WDT.o
Lora_RX_Count_Form_Module                         src/Main.o
                                                  src/UART.o
                                                  src/Timer.o
                                                  src/Print_Lora_Msg.o
                                                  src/Lora_Func.o
                                                  src/LCM.o
                                                  src/Ext_INT.o
                                                  src/ADC.o
                                                  src/WDT.o
Lora_TimeOut_Count                                src/Main.o
                                                  src/UART.o
                                                  src/Timer.o
                                                  src/Print_Lora_Msg.o
                                                  src/Lora_Func.o
                                                  src/LCM.o
                                                  src/Ext_INT.o
                                                  src/ADC.o
                                                  src/WDT.o
MyBuffer                                          src/Main.o
                                                  src/UART.o
                                                  src/Timer.o
                                                  src/Print_Lora_Msg.o
                                                  src/Lora_Func.o
                                                  src/LCM.o
                                                  src/Ext_INT.o
                                                  src/ADC.o
                                                  src/WDT.o
MyBufferCount                                     src/Main.o
                                                  src/UART.o
                                                  src/Timer.o
                                                  src/Print_Lora_Msg.o
                                                  src/Lora_Func.o
                                                  src/LCM.o
                                                  src/Ext_INT.o
                                                  src/ADC.o
                                                  src/WDT.o
MyLoRaFW                                          src/Main.o
                                                  src/UART.o
                                                  src/Timer.o
                                                  src/Print_Lora_Msg.o
                                                  src/Lora_Func.o
                                                  src/LCM.o
                                                  src/Ext_INT.o
                                                  src/ADC.o
                                                  src/WDT.o
MyLoRaID                                          src/Main.o
                                                  src/UART.o
                                                  src/Timer.o
                                                  src/Print_Lora_Msg.o
                                                  src/Lora_Func.o
                                                  src/LCM.o
                                                  src/Ext_INT.o
                                                  src/ADC.o
                                                  src/WDT.o
MyLoRaTmp                                         src/Lora_Func.o
                                                  src/Main.o
                                                  src/UART.o
                                                  src/Timer.o
                                                  src/Print_Lora_Msg.o
                                                  src/LCM.o
                                                  src/Ext_INT.o
                                                  src/ADC.o
                                                  src/WDT.o
MyLoRaTmpCount                                    src/Lora_Func.o
                                                  src/Main.o
                                                  src/UART.o
                                                  src/Timer.o
                                                  src/Print_Lora_Msg.o
                                                  src/LCM.o
                                                  src/Ext_INT.o
                                                  src/ADC.o
                                                  src/WDT.o
MyXORFunc                                         src/Lora_Func.o
NMI_Handler                                       src/ASF/sam0/utils/cmsis/samd20/source/gcc/startup_samd20.o
NVMCTRL_Handler                                   src/ASF/sam0/utils/cmsis/samd20/source/gcc/startup_samd20.o
NextStatus                                        src/Main.o
                                                  src/UART.o
                                                  src/Timer.o
                                                  src/Print_Lora_Msg.o
                                                  src/Lora_Func.o
                                                  src/LCM.o
                                                  src/Ext_INT.o
                                                  src/ADC.o
                                                  src/WDT.o
NowStatus                                         src/Main.o
                                                  src/UART.o
                                                  src/Timer.o
                                                  src/Print_Lora_Msg.o
                                                  src/Lora_Func.o
                                                  src/LCM.o
                                                  src/Ext_INT.o
                                                  src/ADC.o
                                                  src/WDT.o
PM_Handler                                        src/ASF/sam0/utils/cmsis/samd20/source/gcc/startup_samd20.o
PTC_Handler                                       src/ASF/sam0/utils/cmsis/samd20/source/gcc/startup_samd20.o
PendSV_Handler                                    src/ASF/sam0/utils/cmsis/samd20/source/gcc/startup_samd20.o
Print_CRC_ERROR                                   src/Print_Lora_Msg.o
                                                  src/Lora_Func.o
Print_CRC_OK                                      src/Print_Lora_Msg.o
                                                  src/Lora_Func.o
Print_Catch_LoRa_ID_Msg                           src/Print_Lora_Msg.o
                                                  src/Main.o
                                                  src/Lora_Func.o
Print_Debug_Mode_OFF_Msg                          src/Print_Lora_Msg.o
                                                  src/Main.o
Print_Debug_Mode_ON_Msg                           src/Print_Lora_Msg.o
                                                  src/Main.o
Print_Delay_LoRa_CMD_Msg                          src/Print_Lora_Msg.o
                                                  src/Lora_Func.o
Print_Leave_LoRa_Tx_Mode_Msg                      src/Print_Lora_Msg.o
                                                  src/Lora_Func.o
Print_Line_Msg                                    src/Print_Lora_Msg.o
                                                  src/Main.o
Print_Lora_RX_Count_Form_Module_Msg               src/Print_Lora_Msg.o
                                                  src/Main.o
Print_NOP_Msg                                     src/Print_Lora_Msg.o
Print_RSSI_Msg                                    src/Print_Lora_Msg.o
                                                  src/Main.o
Print_Read_LoRa_ID_Msg                            src/Print_Lora_Msg.o
                                                  src/Lora_Func.o
Print_Read_LoRa_RxBuffer_Msg                      src/Print_Lora_Msg.o
                                                  src/Lora_Func.o
Print_Read_LoRa_RxCount_Msg                       src/Print_Lora_Msg.o
                                                  src/Lora_Func.o
Print_Read_LoRa_Setting_Msg                       src/Print_Lora_Msg.o
                                                  src/Lora_Func.o
Print_Reset_IRQ_Flag_Msg                          src/Print_Lora_Msg.o
                                                  src/Lora_Func.o
Print_Reset_LoRa_Msg                              src/Print_Lora_Msg.o
                                                  src/Lora_Func.o
Print_Start_Msg                                   src/Print_Lora_Msg.o
                                                  src/Main.o
Print_Time_Out_Msg                                src/Print_Lora_Msg.o
                                                  src/Lora_Func.o
Print_Wait_TX_Finish_Msg                          src/Print_Lora_Msg.o
                                                  src/Lora_Func.o
Print_Write_LoRa_Mode_FQ_Msg                      src/Print_Lora_Msg.o
                                                  src/Lora_Func.o
Print_Write_LoRa_Setting_Msg                      src/Print_Lora_Msg.o
                                                  src/Lora_Func.o
Print_Write_LoRa_TxBuffer_Msg                     src/Print_Lora_Msg.o
                                                  src/Lora_Func.o
RSSIValue                                         src/Main.o
                                                  src/UART.o
                                                  src/Timer.o
                                                  src/Print_Lora_Msg.o
                                                  src/Lora_Func.o
                                                  src/LCM.o
                                                  src/Ext_INT.o
                                                  src/ADC.o
                                                  src/WDT.o
RTC_Handler                                       src/ASF/sam0/utils/cmsis/samd20/source/gcc/startup_samd20.o
Read_LoRa_ID                                      src/Lora_Func.o
Read_LoRa_RxBuffer                                src/Lora_Func.o
Read_LoRa_RxCount                                 src/Lora_Func.o
Read_LoRa_Setting                                 src/Lora_Func.o
Reset_Handler                                     src/ASF/sam0/utils/cmsis/samd20/source/gcc/startup_samd20.o
Reset_LoRa                                        src/Lora_Func.o
SERCOM0_Handler                                   src/ASF/sam0/drivers/sercom/sercom_interrupt.o
SERCOM1_Handler                                   src/ASF/sam0/drivers/sercom/sercom_interrupt.o
SERCOM2_Handler                                   src/ASF/sam0/drivers/sercom/sercom_interrupt.o
SERCOM3_Handler                                   src/ASF/sam0/drivers/sercom/sercom_interrupt.o
SERCOM4_Handler                                   src/ASF/sam0/drivers/sercom/sercom_interrupt.o
SERCOM5_Handler                                   src/ASF/sam0/drivers/sercom/sercom_interrupt.o
SVC_Handler                                       src/ASF/sam0/utils/cmsis/samd20/source/gcc/startup_samd20.o
SYSCTRL_Handler                                   src/ASF/sam0/utils/cmsis/samd20/source/gcc/startup_samd20.o
Sensor_Data                                       src/Main.o
SysTick_Handler                                   src/ASF/sam0/utils/cmsis/samd20/source/gcc/startup_samd20.o
SystemCoreClock                                   src/ASF/sam0/utils/cmsis/samd20/source/system_samd20.o
SystemCoreClockUpdate                             src/ASF/sam0/utils/cmsis/samd20/source/system_samd20.o
SystemInit                                        src/ASF/sam0/utils/cmsis/samd20/source/system_samd20.o
TACT_SW_Value                                     src/Main.o
                                                  src/UART.o
                                                  src/Timer.o
                                                  src/Print_Lora_Msg.o
                                                  src/Lora_Func.o
                                                  src/LCM.o
                                                  src/Ext_INT.o
                                                  src/ADC.o
                                                  src/WDT.o
TC0_Handler                                       src/ASF/sam0/drivers/tc/tc_interrupt.o
TC1_Handler                                       src/ASF/sam0/drivers/tc/tc_interrupt.o
TC2_Handler                                       src/ASF/sam0/drivers/tc/tc_interrupt.o
TC3_Handler                                       src/ASF/sam0/drivers/tc/tc_interrupt.o
TC4_Handler                                       src/ASF/sam0/drivers/tc/tc_interrupt.o
TC5_Handler                                       src/ASF/sam0/drivers/tc/tc_interrupt.o
TC6_Handler                                       src/ASF/sam0/drivers/tc/tc_interrupt.o
TC7_Handler                                       src/ASF/sam0/drivers/tc/tc_interrupt.o
TEST_CHAR                                         src/Main.o
                                                  src/UART.o
                                                  src/Timer.o
                                                  src/Print_Lora_Msg.o
                                                  src/Lora_Func.o
                                                  src/LCM.o
                                                  src/Ext_INT.o
                                                  src/ADC.o
                                                  src/WDT.o
UartToLora                                        src/Lora_Func.o
Uart_Form_SX1272_callback                         src/UART.o
UserKeyInBuf                                      src/Main.o
                                                  src/UART.o
                                                  src/Timer.o
                                                  src/Print_Lora_Msg.o
                                                  src/Lora_Func.o
                                                  src/LCM.o
                                                  src/Ext_INT.o
                                                  src/ADC.o
                                                  src/WDT.o
UserKeyInBufCount                                 src/Main.o
                                                  src/UART.o
                                                  src/Timer.o
                                                  src/Print_Lora_Msg.o
                                                  src/Lora_Func.o
                                                  src/LCM.o
                                                  src/Ext_INT.o
                                                  src/ADC.o
                                                  src/WDT.o
UserKeyInStauts                                   src/Main.o
                                                  src/UART.o
                                                  src/Timer.o
                                                  src/Print_Lora_Msg.o
                                                  src/Lora_Func.o
                                                  src/LCM.o
                                                  src/Ext_INT.o
                                                  src/ADC.o
                                                  src/WDT.o
UserRxCountMax                                    src/Main.o
                                                  src/UART.o
                                                  src/Timer.o
                                                  src/Print_Lora_Msg.o
                                                  src/Lora_Func.o
                                                  src/LCM.o
                                                  src/Ext_INT.o
                                                  src/ADC.o
                                                  src/WDT.o
WDT_Handler                                       src/ASF/sam0/drivers/wdt/wdt_callback.o
Write_LoRa_Mode_FQ                                src/Lora_Func.o
Write_LoRa_Setting                                src/Lora_Func.o
Write_LoRa_TxBuffer                               src/Lora_Func.o
_Jv_RegisterClasses                               c:/program files (x86)/atmel/studio/7.0/toolchain/arm/arm-gnu-toolchain/bin/../lib/gcc/arm-none-eabi/6.2.1/thumb/v6-m/crtbegin.o
__aeabi_idiv0                                     c:/program files (x86)/atmel/studio/7.0/toolchain/arm/arm-gnu-toolchain/bin/../lib/gcc/arm-none-eabi/6.2.1/thumb/v6-m\libgcc.a(_dvmd_tls.o)
                                                  c:/program files (x86)/atmel/studio/7.0/toolchain/arm/arm-gnu-toolchain/bin/../lib/gcc/arm-none-eabi/6.2.1/thumb/v6-m\libgcc.a(_udivsi3.o)
__aeabi_ldiv0                                     c:/program files (x86)/atmel/studio/7.0/toolchain/arm/arm-gnu-toolchain/bin/../lib/gcc/arm-none-eabi/6.2.1/thumb/v6-m\libgcc.a(_dvmd_tls.o)
__aeabi_lmul                                      c:/program files (x86)/atmel/studio/7.0/toolchain/arm/arm-gnu-toolchain/bin/../lib/gcc/arm-none-eabi/6.2.1/thumb/v6-m\libgcc.a(_muldi3.o)
                                                  src/ASF/sam0/drivers/sercom/sercom.o
__aeabi_uidiv                                     c:/program files (x86)/atmel/studio/7.0/toolchain/arm/arm-gnu-toolchain/bin/../lib/gcc/arm-none-eabi/6.2.1/thumb/v6-m\libgcc.a(_udivsi3.o)
                                                  src/ASF/sam0/drivers/system/clock/clock_samd20/gclk.o
                                                  src/ASF/common2/services/delay/sam0/systick_counter.o
                                                  src/UART.o
__aeabi_uidivmod                                  c:/program files (x86)/atmel/studio/7.0/toolchain/arm/arm-gnu-toolchain/bin/../lib/gcc/arm-none-eabi/6.2.1/thumb/v6-m\libgcc.a(_udivsi3.o)
                                                  src/UART.o
__bss_end__                                       c:/program files (x86)/atmel/studio/7.0/toolchain/arm/arm-gnu-toolchain/bin/../lib/gcc/arm-none-eabi/6.2.1/../../../../arm-none-eabi/lib/thumb/v6-m/crt0.o
__bss_start__                                     c:/program files (x86)/atmel/studio/7.0/toolchain/arm/arm-gnu-toolchain/bin/../lib/gcc/arm-none-eabi/6.2.1/../../../../arm-none-eabi/lib/thumb/v6-m/crt0.o
__call_exitprocs                                  c:/program files (x86)/atmel/studio/7.0/toolchain/arm/arm-gnu-toolchain/bin/../lib/gcc/arm-none-eabi/6.2.1/../../../../arm-none-eabi/lib/thumb/v6-m\libc_nano.a(lib_a-exit.o)
__deregister_frame_info                           c:/program files (x86)/atmel/studio/7.0/toolchain/arm/arm-gnu-toolchain/bin/../lib/gcc/arm-none-eabi/6.2.1/thumb/v6-m/crtbegin.o
__dso_handle                                      c:/program files (x86)/atmel/studio/7.0/toolchain/arm/arm-gnu-toolchain/bin/../lib/gcc/arm-none-eabi/6.2.1/thumb/v6-m/crtbegin.o
__init_array_end                                  c:/program files (x86)/atmel/studio/7.0/toolchain/arm/arm-gnu-toolchain/bin/../lib/gcc/arm-none-eabi/6.2.1/../../../../arm-none-eabi/lib/thumb/v6-m\libc_nano.a(lib_a-init.o)
__init_array_start                                c:/program files (x86)/atmel/studio/7.0/toolchain/arm/arm-gnu-toolchain/bin/../lib/gcc/arm-none-eabi/6.2.1/../../../../arm-none-eabi/lib/thumb/v6-m\libc_nano.a(lib_a-init.o)