Archive member included to satisfy reference by file (symbol)

c:/program files (x86)/atmel/studio/7.0/toolchain/arm/arm-gnu-toolchain/bin/../lib/gcc/arm-none-eabi/6.2.1/thumb/v6-m\libgcc.a(_udivsi3.o)
                              src/ASF/sam0/drivers/nvm/nvm.o (__aeabi_uidiv)
c:/program files (x86)/atmel/studio/7.0/toolchain/arm/arm-gnu-toolchain/bin/../lib/gcc/arm-none-eabi/6.2.1/thumb/v6-m\libgcc.a(_dvmd_tls.o)
                              c:/program files (x86)/atmel/studio/7.0/toolchain/arm/arm-gnu-toolchain/bin/../lib/gcc/arm-none-eabi/6.2.1/thumb/v6-m\libgcc.a(_udivsi3.o) (__aeabi_idiv0)
c:/program files (x86)/atmel/studio/7.0/toolchain/arm/arm-gnu-toolchain/bin/../lib/gcc/arm-none-eabi/6.2.1/thumb/v6-m\libgcc.a(_muldi3.o)
                              src/ASF/sam0/drivers/sercom/sercom.o (__aeabi_lmul)
c:/program files (x86)/atmel/studio/7.0/toolchain/arm/arm-gnu-toolchain/bin/../lib/gcc/arm-none-eabi/6.2.1/../../../../arm-none-eabi/lib/thumb/v6-m\libc_nano.a(lib_a-exit.o)
                              c:/program files (x86)/atmel/studio/7.0/toolchain/arm/arm-gnu-toolchain/bin/../lib/gcc/arm-none-eabi/6.2.1/../../../../arm-none-eabi/lib/thumb/v6-m/crt0.o (exit)
c:/program files (x86)/atmel/studio/7.0/toolchain/arm/arm-gnu-toolchain/bin/../lib/gcc/arm-none-eabi/6.2.1/../../../../arm-none-eabi/lib/thumb/v6-m\libc_nano.a(lib_a-impure.o)
                              c:/program files (x86)/atmel/studio/7.0/toolchain/arm/arm-gnu-toolchain/bin/../lib/gcc/arm-none-eabi/6.2.1/../../../../arm-none-eabi/lib/thumb/v6-m\libc_nano.a(lib_a-exit.o) (_global_impure_ptr)
c:/program files (x86)/atmel/studio/7.0/toolchain/arm/arm-gnu-toolchain/bin/../lib/gcc/arm-none-eabi/6.2.1/../../../../arm-none-eabi/lib/thumb/v6-m\libc_nano.a(lib_a-init.o)
                              c:/program files (x86)/atmel/studio/7.0/toolchain/arm/arm-gnu-toolchain/bin/../lib/gcc/arm-none-eabi/6.2.1/../../../../arm-none-eabi/lib/thumb/v6-m/crt0.o (__libc_init_array)
c:/program files (x86)/atmel/studio/7.0/toolchain/arm/arm-gnu-toolchain/bin/../lib/gcc/arm-none-eabi/6.2.1/../../../../arm-none-eabi/lib/thumb/v6-m\libc_nano.a(lib_a-memcpy-stub.o)
                              src/ASF/sam0/drivers/adc/adc_sam_d_r_h/adc.o (memcpy)
c:/program files (x86)/atmel/studio/7.0/toolchain/arm/arm-gnu-toolchain/bin/../lib/gcc/arm-none-eabi/6.2.1/../../../../arm-none-eabi/lib/thumb/v6-m\libc_nano.a(lib_a-memset.o)
                              c:/program files (x86)/atmel/studio/7.0/toolchain/arm/arm-gnu-toolchain/bin/../lib/gcc/arm-none-eabi/6.2.1/../../../../arm-none-eabi/lib/thumb/v6-m/crt0.o (memset)

Allocating common symbols
Common symbol       size              file

Lora_RX_Count_Form_Module
                    0x4               src/WDT.o
NowStatus           0x1               src/WDT.o
user_rx_buffer      0x1               src/WDT.o
usart_instance2     0x24              src/WDT.o
tc_instance2        0x1c              src/WDT.o
LoRa_Rx_Flag        0x1               src/WDT.o
usart_instance1     0x24              src/WDT.o
UserKeyInBuf        0x1e              src/WDT.o
wdt_early_warning_callback
                    0x4               src/ASF/sam0/drivers/wdt/wdt_callback.o
DIP_SW_Value        0x1               src/WDT.o
TEST_CHAR           0x1               src/WDT.o
MyLoRaID            0x4               src/WDT.o
RSSIValue           0x4               src/WDT.o
UserKeyInBufCount   0x1               src/WDT.o
MyBufferCount       0x1               src/WDT.o
LastStatus          0x1               src/WDT.o
flag                0x1               src/WDT.o
Last_DIP_SW_Value   0x1               src/WDT.o
UserKeyInStauts     0x1               src/WDT.o
Lora_Delay_Count    0x4               src/WDT.o
rx_buffer           0x1               src/WDT.o
_tc_instances       0x20              src/ASF/sam0/drivers/tc/tc_interrupt.o
_sercom_instances   0x18              src/ASF/sam0/drivers/sercom/sercom_interrupt.o
NextStatus          0x1               src/WDT.o
_extint_dev         0x40              src/ASF/sam0/drivers/extint/extint_sam_d_r_h/extint.o
adc_result_buffer   0x100             src/WDT.o
tc_instance1        0x1c              src/WDT.o
MyLoRaFW            0x1               src/WDT.o
LoRa_TxRx_Mode_Flag
                    0x1               src/WDT.o
TACT_SW_Value       0x1               src/WDT.o
_current_channel    0x1               src/ASF/sam0/drivers/extint/extint_callback.o
page_buffer         0x40              src/WDT.o
Lora_TimeOut_Count  0x4               src/WDT.o
MyBuffer            0x1e              src/WDT.o
f_count             0x4               src/WDT.o
usart_instance3     0x24              src/WDT.o
LoRa_IRQ_Flag       0x1               src/WDT.o
UserRxCountMax      0x1               src/WDT.o
usart_instance4     0x24              src/WDT.o
adc_instance        0x8               src/WDT.o

Discarded input sections

[...]
Memory Configuration

Name             Origin             Length             Attributes
rom              0x00000000         0x00040000         xr
ram              0x20000000         0x00008000         xrw
*default*        0x00000000         0xffffffff

Linker script and memory map

LOAD c:/program files (x86)/atmel/studio/7.0/toolchain/arm/arm-gnu-toolchain/bin/../lib/gcc/arm-none-eabi/6.2.1/thumb/v6-m/crti.o
LOAD c:/program files (x86)/atmel/studio/7.0/toolchain/arm/arm-gnu-toolchain/bin/../lib/gcc/arm-none-eabi/6.2.1/thumb/v6-m/crtbegin.o
LOAD c:/program files (x86)/atmel/studio/7.0/toolchain/arm/arm-gnu-toolchain/bin/../lib/gcc/arm-none-eabi/6.2.1/../../../../arm-none-eabi/lib/thumb/v6-m/crt0.o
LOAD src/ASF/sam0/drivers/nvm/nvm.o
LOAD src/WDT.o
LOAD src/ADC.o
LOAD src/ASF/sam0/drivers/adc/adc_sam_d_r_h/adc.o
LOAD src/ASF/sam0/drivers/extint/extint_callback.o
LOAD src/ASF/sam0/drivers/extint/extint_sam_d_r_h/extint.o
LOAD src/ASF/sam0/drivers/tc/tc_interrupt.o
LOAD src/ASF/sam0/drivers/tc/tc_sam_d_r_h/tc.o
LOAD src/ASF/sam0/drivers/wdt/wdt.o
LOAD src/ASF/sam0/drivers/wdt/wdt_callback.o
LOAD src/Ext_INT.o
LOAD src/LCM.o
LOAD src/Lora_Func.o
LOAD src/Print_Lora_Msg.o
LOAD src/Timer.o
LOAD src/UART.o
LOAD src/ASF/common2/services/delay/sam0/systick_counter.o
LOAD src/ASF/common/utils/interrupt/interrupt_sam_nvic.o
LOAD src/ASF/sam0/boards/samd20_xplained_pro/board_init.o
LOAD src/ASF/sam0/drivers/port/port.o
LOAD src/ASF/sam0/drivers/sercom/sercom.o
LOAD src/ASF/sam0/drivers/sercom/sercom_interrupt.o
LOAD src/ASF/sam0/drivers/sercom/usart/usart.o
LOAD src/ASF/sam0/drivers/sercom/usart/usart_interrupt.o
LOAD src/ASF/sam0/drivers/system/clock/clock_samd20/clock.o
LOAD src/ASF/sam0/drivers/system/clock/clock_samd20/gclk.o
LOAD src/ASF/sam0/drivers/system/interrupt/system_interrupt.o
LOAD src/ASF/sam0/drivers/system/pinmux/pinmux.o
LOAD src/ASF/sam0/drivers/system/system.o
LOAD src/ASF/sam0/utils/cmsis/samd20/source/gcc/startup_samd20.o
LOAD src/ASF/sam0/utils/cmsis/samd20/source/system_samd20.o
LOAD src/ASF/sam0/utils/syscalls/gcc/syscalls.o
LOAD src/Main.o
START GROUP
LOAD ../src/ASF/thirdparty/CMSIS/Lib/GCC\libarm_cortexM0l_math.a
LOAD c:/program files (x86)/atmel/studio/7.0/toolchain/arm/arm-gnu-toolchain/bin/../lib/gcc/arm-none-eabi/6.2.1/../../../../arm-none-eabi/lib/thumb/v6-m\libm.a
END GROUP
START GROUP
LOAD c:/program files (x86)/atmel/studio/7.0/toolchain/arm/arm-gnu-toolchain/bin/../lib/gcc/arm-none-eabi/6.2.1/thumb/v6-m\libgcc.a
LOAD c:/program files (x86)/atmel/studio/7.0/toolchain/arm/arm-gnu-toolchain/bin/../lib/gcc/arm-none-eabi/6.2.1/../../../../arm-none-eabi/lib/thumb/v6-m\libc_nano.a
END GROUP
START GROUP
LOAD c:/program files (x86)/atmel/studio/7.0/toolchain/arm/arm-gnu-toolchain/bin/../lib/gcc/arm-none-eabi/6.2.1/thumb/v6-m\libgcc.a
LOAD c:/program files (x86)/atmel/studio/7.0/toolchain/arm/arm-gnu-toolchain/bin/../lib/gcc/arm-none-eabi/6.2.1/../../../../arm-none-eabi/lib/thumb/v6-m\libc_nano.a
END GROUP
LOAD c:/program files (x86)/atmel/studio/7.0/toolchain/arm/arm-gnu-toolchain/bin/../lib/gcc/arm-none-eabi/6.2.1/thumb/v6-m/crtend.o
LOAD c:/program files (x86)/atmel/studio/7.0/toolchain/arm/arm-gnu-toolchain/bin/../lib/gcc/arm-none-eabi/6.2.1/thumb/v6-m/crtn.o
                0x00002000                STACK_SIZE = DEFINED (STACK_SIZE)?STACK_SIZE:DEFINED (__stack_size__)?__stack_size__:0x2000

.text           0x00000000     0x38dc
                0x00000000                . = ALIGN (0x4)
                0x00000000                _sfixed = .
 *(.vectors .vectors.*)
 .vectors       0x00000000       0xa4 src/ASF/sam0/utils/cmsis/samd20/source/gcc/startup_samd20.o
                0x00000000                exception_table
 *(.text .text.* .gnu.linkonce.t.*)
 .text          0x000000a4       0x60 c:/program files (x86)/atmel/studio/7.0/toolchain/arm/arm-gnu-toolchain/bin/../lib/gcc/arm-none-eabi/6.2.1/thumb/v6-m/crtbegin.o
 .text.nvm_set_config
                0x00000104       0x88 src/ASF/sam0/drivers/nvm/nvm.o
                0x00000104                nvm_set_config
 .text.nvm_execute_command
                0x0000018c       0xa0 src/ASF/sam0/drivers/nvm/nvm.o
                0x0000018c                nvm_execute_command
 .text.nvm_write_buffer
                0x0000022c       0xa8 src/ASF/sam0/drivers/nvm/nvm.o
                0x0000022c                nvm_write_buffer
 .text.nvm_read_buffer
                0x000002d4       0x6c src/ASF/sam0/drivers/nvm/nvm.o
                0x000002d4                nvm_read_buffer
 .text.nvm_erase_row
                0x00000340       0x5c src/ASF/sam0/drivers/nvm/nvm.o
                0x00000340                nvm_erase_row
 .text.watchdog_early_warning_callback
                0x0000039c        0x2 src/WDT.o
                0x0000039c                watchdog_early_warning_callback
 *fill*         0x0000039e        0x2 
 .text.configure_wdt
                0x000003a0       0x2c src/WDT.o
                0x000003a0                configure_wdt
 .text.configure_wdt_callbacks
                0x000003cc       0x20 src/WDT.o
                0x000003cc                configure_wdt_callbacks
 .text.extint_register_callback
                0x000003ec       0x2c src/ASF/sam0/drivers/extint/extint_callback.o
                0x000003ec                extint_register_callback
 .text.extint_chan_enable_callback
                0x00000418       0x20 src/ASF/sam0/drivers/extint/extint_callback.o
                0x00000418                extint_chan_enable_callback
 .text.EIC_Handler
                0x00000438       0x54 src/ASF/sam0/drivers/extint/extint_callback.o
                0x00000438                EIC_Handler
 .text._extint_enable
                0x0000048c       0x18 src/ASF/sam0/drivers/extint/extint_sam_d_r_h/extint.o
 .text._system_extint_init
                0x000004a4       0x6c src/ASF/sam0/drivers/extint/extint_sam_d_r_h/extint.o
                0x000004a4                _system_extint_init
 .text.extint_chan_get_config_defaults
                0x00000510       0x14 src/ASF/sam0/drivers/extint/extint_sam_d_r_h/extint.o
                0x00000510                extint_chan_get_config_defaults
 .text.extint_chan_set_config
                0x00000524       0x78 src/ASF/sam0/drivers/extint/extint_sam_d_r_h/extint.o
                0x00000524                extint_chan_set_config
 .text.tc_register_callback
                0x0000059c       0x32 src/ASF/sam0/drivers/tc/tc_interrupt.o
                0x0000059c                tc_register_callback
 *fill*         0x000005ce        0x2 
 .text._tc_interrupt_handler
                0x000005d0       0x64 src/ASF/sam0/drivers/tc/tc_interrupt.o
                0x000005d0                _tc_interrupt_handler
 .text.TC0_Handler
                0x00000634       0x10 src/ASF/sam0/drivers/tc/tc_interrupt.o
                0x00000634                TC0_Handler
 .text.TC1_Handler
                0x00000644       0x10 src/ASF/sam0/drivers/tc/tc_interrupt.o
                0x00000644                TC1_Handler
 .text.TC2_Handler
                0x00000654       0x10 src/ASF/sam0/drivers/tc/tc_interrupt.o
                0x00000654                TC2_Handler
 .text.TC3_Handler
                0x00000664       0x10 src/ASF/sam0/drivers/tc/tc_interrupt.o
                0x00000664                TC3_Handler
 .text.TC4_Handler
                0x00000674       0x10 src/ASF/sam0/drivers/tc/tc_interrupt.o
                0x00000674                TC4_Handler
 .text.TC5_Handler
                0x00000684       0x10 src/ASF/sam0/drivers/tc/tc_interrupt.o
                0x00000684                TC5_Handler
 .text.TC6_Handler
                0x00000694       0x10 src/ASF/sam0/drivers/tc/tc_interrupt.o
                0x00000694                TC6_Handler
 .text.TC7_Handler
                0x000006a4       0x10 src/ASF/sam0/drivers/tc/tc_interrupt.o
                0x000006a4                TC7_Handler
 .text._tc_get_inst_index
                0x000006b4       0x3c src/ASF/sam0/drivers/tc/tc_sam_d_r_h/tc.o
                0x000006b4                _tc_get_inst_index
 .text.tc_init  0x000006f0      0x24c src/ASF/sam0/drivers/tc/tc_sam_d_r_h/tc.o
                0x000006f0                tc_init
 .text.wdt_set_config
                0x0000093c      0x100 src/ASF/sam0/drivers/wdt/wdt.o
                0x0000093c                wdt_set_config
 .text.wdt_reset_count
                0x00000a3c       0x18 src/ASF/sam0/drivers/wdt/wdt.o
                0x00000a3c                wdt_reset_count
 .text.wdt_register_callback
                0x00000a54       0x14 src/ASF/sam0/drivers/wdt/wdt_callback.o
                0x00000a54                wdt_register_callback
 .text.wdt_enable_callback
                0x00000a68       0x20 src/ASF/sam0/drivers/wdt/wdt_callback.o
                0x00000a68                wdt_enable_callback
 .text.WDT_Handler
                0x00000a88       0x1c src/ASF/sam0/drivers/wdt/wdt_callback.o
                0x00000a88                WDT_Handler
 .text.extint_detection_callback
                0x00000aa4       0x14 src/Ext_INT.o
                0x00000aa4                extint_detection_callback
 .text.configure_extint_channel
                0x00000ab8       0x30 src/Ext_INT.o
                0x00000ab8                configure_extint_channel
 .text.configure_extint_callbacks
                0x00000ae8       0x24 src/Ext_INT.o
                0x00000ae8                configure_extint_callbacks
 .text.lcd_4bit
                0x00000b0c       0x7c src/LCM.o
                0x00000b0c                lcd_4bit
 .text.lcd_command
                0x00000b88       0x1c src/LCM.o
                0x00000b88                lcd_command
 .text.UartToLora
                0x00000ba4       0xc4 src/Lora_Func.o
                0x00000ba4                UartToLora
 .text.Write_LoRa_TxBuffer
                0x00000c68       0x34 src/Lora_Func.o
                0x00000c68                Write_LoRa_TxBuffer
 .text.Read_LoRa_RxBuffer
                0x00000c9c       0x34 src/Lora_Func.o
                0x00000c9c                Read_LoRa_RxBuffer
 .text.Read_LoRa_RxCount
                0x00000cd0       0x34 src/Lora_Func.o
                0x00000cd0                Read_LoRa_RxCount
 .text.Write_LoRa_Mode_FQ
                0x00000d04       0x40 src/Lora_Func.o
                0x00000d04                Write_LoRa_Mode_FQ
 .text.Write_LoRa_Setting
                0x00000d44       0x34 src/Lora_Func.o
                0x00000d44                Write_LoRa_Setting
 .text.Read_LoRa_Setting
                0x00000d78       0x34 src/Lora_Func.o
                0x00000d78                Read_LoRa_Setting
 .text.Read_LoRa_ID
                0x00000dac       0x34 src/Lora_Func.o
                0x00000dac                Read_LoRa_ID
 .text.Reset_LoRa
                0x00000de0       0x34 src/Lora_Func.o
                0x00000de0                Reset_LoRa
 .text.Catch_Lora_RX_Count_Form_Module
                0x00000e14       0x18 src/Lora_Func.o
                0x00000e14                Catch_Lora_RX_Count_Form_Module
 .text.Lora_CMD_Func
                0x00000e2c      0x424 src/Lora_Func.o
                0x00000e2c                Lora_CMD_Func
 .text.Display_Rssi
                0x00001250       0xac src/Lora_Func.o
                0x00001250                Display_Rssi
 .text.Print_Read_LoRa_ID_Msg
                0x000012fc       0x44 src/Print_Lora_Msg.o
                0x000012fc                Print_Read_LoRa_ID_Msg
 .text.Print_Delay_LoRa_CMD_Msg
                0x00001340       0x5c src/Print_Lora_Msg.o
                0x00001340                Print_Delay_LoRa_CMD_Msg
 .text.Print_Time_Out_Msg
                0x0000139c       0x54 src/Print_Lora_Msg.o
                0x0000139c                Print_Time_Out_Msg
 .text.Print_Reset_LoRa_Msg
                0x000013f0       0x48 src/Print_Lora_Msg.o
                0x000013f0                Print_Reset_LoRa_Msg
 .text.Print_Read_LoRa_Setting_Msg
                0x00001438       0x44 src/Print_Lora_Msg.o
                0x00001438                Print_Read_LoRa_Setting_Msg
 .text.Print_Write_LoRa_Mode_FQ_Msg
                0x0000147c       0x44 src/Print_Lora_Msg.o
                0x0000147c                Print_Write_LoRa_Mode_FQ_Msg
 .text.Print_Write_LoRa_Setting_Msg
                0x000014c0       0x44 src/Print_Lora_Msg.o
                0x000014c0                Print_Write_LoRa_Setting_Msg
 .text.Print_Read_LoRa_RxCount_Msg
                0x00001504       0x44 src/Print_Lora_Msg.o
                0x00001504                Print_Read_LoRa_RxCount_Msg
 .text.Print_Read_LoRa_RxBuffer_Msg
                0x00001548       0x44 src/Print_Lora_Msg.o
                0x00001548                Print_Read_LoRa_RxBuffer_Msg
 .text.Print_Reset_IRQ_Flag_Msg
                0x0000158c       0x50 src/Print_Lora_Msg.o
                0x0000158c                Print_Reset_IRQ_Flag_Msg
 .text.Print_Write_LoRa_TxBuffer_Msg
                0x000015dc       0x44 src/Print_Lora_Msg.o
                0x000015dc                Print_Write_LoRa_TxBuffer_Msg
 .text.Print_Leave_LoRa_Tx_Mode_Msg
                0x00001620       0x48 src/Print_Lora_Msg.o
                0x00001620                Print_Leave_LoRa_Tx_Mode_Msg
 .text.Print_CRC_ERROR
                0x00001668       0x50 src/Print_Lora_Msg.o
                0x00001668                Print_CRC_ERROR
 .text.Print_CRC_OK
                0x000016b8       0x48 src/Print_Lora_Msg.o
                0x000016b8                Print_CRC_OK
 .text.Print_Line_Msg
                0x00001700       0x30 src/Print_Lora_Msg.o
                0x00001700                Print_Line_Msg
 .text.Print_Catch_LoRa_ID_Msg
                0x00001730       0xb0 src/Print_Lora_Msg.o
                0x00001730                Print_Catch_LoRa_ID_Msg
 .text.Print_Start_Msg
                0x000017e0       0xa4 src/Print_Lora_Msg.o
                0x000017e0                Print_Start_Msg
 .text.Print_RSSI_Msg
                0x00001884       0x74 src/Print_Lora_Msg.o
                0x00001884                Print_RSSI_Msg
 .text.Print_Lora_RX_Count_Form_Module_Msg
                0x000018f8       0x7c src/Print_Lora_Msg.o
                0x000018f8                Print_Lora_RX_Count_Form_Module_Msg
 .text.Print_Debug_Mode_ON_Msg
                0x00001974       0x50 src/Print_Lora_Msg.o
                0x00001974                Print_Debug_Mode_ON_Msg
 .text.Print_Debug_Mode_OFF_Msg
                0x000019c4       0x58 src/Print_Lora_Msg.o
                0x000019c4                Print_Debug_Mode_OFF_Msg
 .text.Print_Wait_TX_Finish_Msg
                0x00001a1c       0x68 src/Print_Lora_Msg.o
                0x00001a1c                Print_Wait_TX_Finish_Msg
 .text.tc_callback_to_to_period_100us
                0x00001a84       0x1c src/Timer.o
                0x00001a84                tc_callback_to_to_period_100us
 .text.configure_tc
                0x00001aa0       0x94 src/Timer.o
                0x00001aa0                configure_tc
 .text.configure_tc_callbacks
                0x00001b34       0x4c src/Timer.o
                0x00001b34                configure_tc_callbacks
 .text.timer_configure
                0x00001b80       0x14 src/Timer.o
                0x00001b80                timer_configure
 .text.Uart_Form_SX1272_callback
                0x00001b94       0x2c src/UART.o
                0x00001b94                Uart_Form_SX1272_callback
 .text.usart_read_callback
                0x00001bc0       0x40 src/UART.o
                0x00001bc0                usart_read_callback
 .text.configure_usart
                0x00001c00      0x164 src/UART.o
                0x00001c00                configure_usart
 .text.configure_usart_callbacks
                0x00001d64       0x40 src/UART.o
                0x00001d64                configure_usart_callbacks
 .text.uTXByte  0x00001da4       0x10 src/UART.o
                0x00001da4                uTXByte
 .text.hex_to_ascii
                0x00001db4       0x10 src/UART.o
                0x00001db4                hex_to_ascii
 .text.uart_send_ascii_byte
                0x00001dc4       0x2c src/UART.o
                0x00001dc4                uart_send_ascii_byte
 .text.uart_send_word
                0x00001df0       0x4c src/UART.o
                0x00001df0                uart_send_word
 .text.hex_to_bcd
                0x00001e3c       0x70 src/UART.o
                0x00001e3c                hex_to_bcd
 .text.delay_init
                0x00001eac       0x40 src/ASF/common2/services/delay/sam0/systick_counter.o
                0x00001eac                delay_init
 .text.delay_cycles_us
                0x00001eec       0x2c src/ASF/common2/services/delay/sam0/systick_counter.o
                0x00001eec                delay_cycles_us
 .text.cpu_irq_enter_critical
                0x00001f18       0x40 src/ASF/common/utils/interrupt/interrupt_sam_nvic.o
                0x00001f18                cpu_irq_enter_critical
 .text.cpu_irq_leave_critical
                0x00001f58       0x30 src/ASF/common/utils/interrupt/interrupt_sam_nvic.o
                0x00001f58                cpu_irq_leave_critical
 .text.system_board_init
                0x00001f88       0xdc src/ASF/sam0/boards/samd20_xplained_pro/board_init.o
                0x00001f88                board_init
                0x00001f88                system_board_init
 .text.port_pin_set_config
                0x00002064       0x24 src/ASF/sam0/drivers/port/port.o
                0x00002064                port_pin_set_config
 .text.long_division
                0x00002088       0xba src/ASF/sam0/drivers/sercom/sercom.o
 .text._sercom_get_sync_baud_val
                0x00002142       0x28 src/ASF/sam0/drivers/sercom/sercom.o
                0x00002142                _sercom_get_sync_baud_val
 *fill*         0x0000216a        0x2 
 .text._sercom_get_async_baud_val
                0x0000216c       0x94 src/ASF/sam0/drivers/sercom/sercom.o
                0x0000216c                _sercom_get_async_baud_val
 .text.sercom_set_gclk_generator
                0x00002200       0x4c src/ASF/sam0/drivers/sercom/sercom.o
                0x00002200                sercom_set_gclk_generator
 .text._sercom_get_default_pad
                0x0000224c      0x178 src/ASF/sam0/drivers/sercom/sercom.o
                0x0000224c                _sercom_get_default_pad
 .text._sercom_get_sercom_inst_index
                0x000023c4       0x38 src/ASF/sam0/drivers/sercom/sercom.o
                0x000023c4                _sercom_get_sercom_inst_index
 .text._sercom_default_handler
                0x000023fc        0x2 src/ASF/sam0/drivers/sercom/sercom_interrupt.o
 *fill*         0x000023fe        0x2 
 .text._sercom_set_handler
                0x00002400       0x3c src/ASF/sam0/drivers/sercom/sercom_interrupt.o
                0x00002400                _sercom_set_handler
 .text._sercom_get_interrupt_vector
                0x0000243c       0x30 src/ASF/sam0/drivers/sercom/sercom_interrupt.o
                0x0000243c                _sercom_get_interrupt_vector
 .text.SERCOM0_Handler
                0x0000246c       0x10 src/ASF/sam0/drivers/sercom/sercom_interrupt.o
                0x0000246c                SERCOM0_Handler
 .text.SERCOM1_Handler
                0x0000247c       0x10 src/ASF/sam0/drivers/sercom/sercom_interrupt.o
                0x0000247c                SERCOM1_Handler
 .text.SERCOM2_Handler
                0x0000248c       0x10 src/ASF/sam0/drivers/sercom/sercom_interrupt.o
                0x0000248c                SERCOM2_Handler
 .text.SERCOM3_Handler
                0x0000249c       0x10 src/ASF/sam0/drivers/sercom/sercom_interrupt.o
                0x0000249c                SERCOM3_Handler
 .text.SERCOM4_Handler
                0x000024ac       0x10 src/ASF/sam0/drivers/sercom/sercom_interrupt.o
                0x000024ac                SERCOM4_Handler
 .text.SERCOM5_Handler
                0x000024bc       0x10 src/ASF/sam0/drivers/sercom/sercom_interrupt.o
                0x000024bc                SERCOM5_Handler
 .text.usart_init
                0x000024cc      0x254 src/ASF/sam0/drivers/sercom/usart/usart.o
                0x000024cc                usart_init
 .text.usart_write_wait
                0x00002720       0x2e src/ASF/sam0/drivers/sercom/usart/usart.o
                0x00002720                usart_write_wait
 *fill*         0x0000274e        0x2 
 .text._usart_read_buffer
                0x00002750       0x3c src/ASF/sam0/drivers/sercom/usart/usart_interrupt.o
                0x00002750                _usart_read_buffer
 .text.usart_register_callback
                0x0000278c       0x16 src/ASF/sam0/drivers/sercom/usart/usart_interrupt.o
                0x0000278c                usart_register_callback
 *fill*         0x000027a2        0x2 
 .text.usart_read_buffer_job
                0x000027a4       0x20 src/ASF/sam0/drivers/sercom/usart/usart_interrupt.o
                0x000027a4                usart_read_buffer_job
 .text._usart_interrupt_handler
                0x000027c4      0x124 src/ASF/sam0/drivers/sercom/usart/usart_interrupt.o
                0x000027c4                _usart_interrupt_handler
 .text.system_clock_source_get_hz
                0x000028e8       0x7c src/ASF/sam0/drivers/system/clock/clock_samd20/clock.o
                0x000028e8                system_clock_source_get_hz
 .text.system_clock_source_osc8m_set_config
                0x00002964       0x3c src/ASF/sam0/drivers/system/clock/clock_samd20/clock.o
                0x00002964                system_clock_source_osc8m_set_config
 .text.system_clock_source_enable
                0x000029a0       0x90 src/ASF/sam0/drivers/system/clock/clock_samd20/clock.o
                0x000029a0                system_clock_source_enable
 .text.system_clock_init
                0x00002a30       0xd4 src/ASF/sam0/drivers/system/clock/clock_samd20/clock.o
                0x00002a30                system_clock_init
 .text.system_gclk_init
                0x00002b04       0x24 src/ASF/sam0/drivers/system/clock/clock_samd20/gclk.o
                0x00002b04                system_gclk_init
 .text.system_gclk_gen_set_config
                0x00002b28       0xb8 src/ASF/sam0/drivers/system/clock/clock_samd20/gclk.o
                0x00002b28                system_gclk_gen_set_config
 .text.system_gclk_gen_enable
                0x00002be0       0x44 src/ASF/sam0/drivers/system/clock/clock_samd20/gclk.o
                0x00002be0                system_gclk_gen_enable
 .text.system_gclk_gen_get_hz
                0x00002c24       0x8c src/ASF/sam0/drivers/system/clock/clock_samd20/gclk.o
                0x00002c24                system_gclk_gen_get_hz
 .text.system_gclk_chan_enable
                0x00002cb0       0x30 src/ASF/sam0/drivers/system/clock/clock_samd20/gclk.o
                0x00002cb0                system_gclk_chan_enable
 .text.system_gclk_chan_disable
                0x00002ce0       0x5c src/ASF/sam0/drivers/system/clock/clock_samd20/gclk.o
                0x00002ce0                system_gclk_chan_disable
 .text.system_gclk_chan_set_config
                0x00002d3c       0x1c src/ASF/sam0/drivers/system/clock/clock_samd20/gclk.o
                0x00002d3c                system_gclk_chan_set_config
 .text.system_gclk_chan_lock
                0x00002d58       0x30 src/ASF/sam0/drivers/system/clock/clock_samd20/gclk.o
                0x00002d58                system_gclk_chan_lock
 .text.system_gclk_chan_get_hz
                0x00002d88       0x34 src/ASF/sam0/drivers/system/clock/clock_samd20/gclk.o
                0x00002d88                system_gclk_chan_get_hz
 .text._system_pinmux_config
                0x00002dbc       0xa8 src/ASF/sam0/drivers/system/pinmux/pinmux.o
 .text.system_pinmux_pin_set_config
                0x00002e64       0x30 src/ASF/sam0/drivers/system/pinmux/pinmux.o
                0x00002e64                system_pinmux_pin_set_config
 .text._system_dummy_init
                0x00002e94        0x2 src/ASF/sam0/drivers/system/system.o
                0x00002e94                _system_events_init
                0x00002e94                _system_dummy_init
                0x00002e94                _system_divas_init
 *fill*         0x00002e96        0x2 
 .text.system_init
                0x00002e98       0x2c src/ASF/sam0/drivers/system/system.o
                0x00002e98                system_init
 .text.Dummy_Handler
                0x00002ec4        0x2 src/ASF/sam0/utils/cmsis/samd20/source/gcc/startup_samd20.o
                0x00002ec4                HardFault_Handler
                0x00002ec4                AC_Handler
                0x00002ec4                SysTick_Handler
                0x00002ec4                PendSV_Handler
                0x00002ec4                NMI_Handler
                0x00002ec4                ADC_Handler
                0x00002ec4                RTC_Handler
                0x00002ec4                Dummy_Handler
                0x00002ec4                PM_Handler
                0x00002ec4                SVC_Handler
                0x00002ec4                EVSYS_Handler
                0x00002ec4                NVMCTRL_Handler
                0x00002ec4                DAC_Handler
                0x00002ec4                PTC_Handler
                0x00002ec4                SYSCTRL_Handler
 *fill*         0x00002ec6        0x2 
 .text.Reset_Handler
                0x00002ec8       0x98 src/ASF/sam0/utils/cmsis/samd20/source/gcc/startup_samd20.o
                0x00002ec8                Reset_Handler
 .text.configure_nvm
                0x00002f60       0x30 src/Main.o
                0x00002f60                configure_nvm
 .text.main     0x00002f90      0x404 src/Main.o
                0x00002f90                main
 .text          0x00003394      0x114 c:/program files (x86)/atmel/studio/7.0/toolchain/arm/arm-gnu-toolchain/bin/../lib/gcc/arm-none-eabi/6.2.1/thumb/v6-m\libgcc.a(_udivsi3.o)
                0x00003394                __aeabi_uidiv
                0x00003394                __udivsi3
                0x000034a0                __aeabi_uidivmod
 .text          0x000034a8        0x4 c:/program files (x86)/atmel/studio/7.0/toolchain/arm/arm-gnu-toolchain/bin/../lib/gcc/arm-none-eabi/6.2.1/thumb/v6-m\libgcc.a(_dvmd_tls.o)
                0x000034a8                __aeabi_idiv0
                0x000034a8                __aeabi_ldiv0
 .text          0x000034ac       0x54 c:/program files (x86)/atmel/studio/7.0/toolchain/arm/arm-gnu-toolchain/bin/../lib/gcc/arm-none-eabi/6.2.1/thumb/v6-m\libgcc.a(_muldi3.o)
                0x000034ac                __muldi3
                0x000034ac                __aeabi_lmul
 .text.__libc_init_array
                0x00003500       0x48 c:/program files (x86)/atmel/studio/7.0/toolchain/arm/arm-gnu-toolchain/bin/../lib/gcc/arm-none-eabi/6.2.1/../../../../arm-none-eabi/lib/thumb/v6-m\libc_nano.a(lib_a-init.o)
                0x00003500                __libc_init_array
 .text.memcpy   0x00003548       0x12 c:/program files (x86)/atmel/studio/7.0/toolchain/arm/arm-gnu-toolchain/bin/../lib/gcc/arm-none-eabi/6.2.1/../../../../arm-none-eabi/lib/thumb/v6-m\libc_nano.a(lib_a-memcpy-stub.o)
                0x00003548                memcpy
 *(.glue_7t)
 .glue_7t       0x0000355a        0x0 linker stubs
 *(.glue_7)
 .glue_7        0x0000355a        0x0 linker stubs
 *(.rodata .rodata* .gnu.linkonce.r.*)
 *fill*         0x0000355a        0x2 
 .rodata.nvm_execute_command
                0x0000355c      0x118 src/ASF/sam0/drivers/nvm/nvm.o
 .rodata        0x00003674       0x30 src/ASF/sam0/drivers/tc/tc_sam_d_r_h/tc.o
 .rodata.Lora_CMD_Func
                0x000036a4      0x1b8 src/Lora_Func.o
 .rodata.tc_interrupt_vectors.10637
                0x0000385c        0x8 src/Timer.o
 .rodata        0x00003864       0x18 src/ASF/sam0/drivers/sercom/sercom.o
 .rodata.system_clock_source_get_hz
                0x0000387c       0x20 src/ASF/sam0/drivers/system/clock/clock_samd20/clock.o
 .rodata.system_clock_source_enable
                0x0000389c       0x20 src/ASF/sam0/drivers/system/clock/clock_samd20/clock.o
 *(.ARM.extab* .gnu.linkonce.armextab.*)
                0x000038bc                . = ALIGN (0x4)
 *(.init)
 .init          0x000038bc        0x4 c:/program files (x86)/atmel/studio/7.0/toolchain/arm/arm-gnu-toolchain/bin/../lib/gcc/arm-none-eabi/6.2.1/thumb/v6-m/crti.o
                0x000038bc                _init
 .init          0x000038c0        0x8 c:/program files (x86)/atmel/studio/7.0/toolchain/arm/arm-gnu-toolchain/bin/../lib/gcc/arm-none-eabi/6.2.1/thumb/v6-m/crtn.o
                0x000038c8                . = ALIGN (0x4)
                0x000038c8                __preinit_array_start = .
 *(.preinit_array)
                0x000038c8                __preinit_array_end = .
                0x000038c8                . = ALIGN (0x4)
                0x000038c8                __init_array_start = .
 *(SORT(.init_array.*))
 *(.init_array)
 .init_array    0x000038c8        0x4 c:/program files (x86)/atmel/studio/7.0/toolchain/arm/arm-gnu-toolchain/bin/../lib/gcc/arm-none-eabi/6.2.1/thumb/v6-m/crtbegin.o
                0x000038cc                __init_array_end = .
                0x000038cc                . = ALIGN (0x4)
 *crtbegin.o(.ctors)
 *(EXCLUDE_FILE(*crtend.o) .ctors)
 *(SORT(.ctors.*))
 *crtend.o(.ctors)
                0x000038cc                . = ALIGN (0x4)
 *(.fini)
 .fini          0x000038cc        0x4 c:/program files (x86)/atmel/studio/7.0/toolchain/arm/arm-gnu-toolchain/bin/../lib/gcc/arm-none-eabi/6.2.1/thumb/v6-m/crti.o
                0x000038cc                _fini
 .fini          0x000038d0        0x8 c:/program files (x86)/atmel/studio/7.0/toolchain/arm/arm-gnu-toolchain/bin/../lib/gcc/arm-none-eabi/6.2.1/thumb/v6-m/crtn.o
                0x000038d8                . = ALIGN (0x4)
                0x000038d8                __fini_array_start = .
 *(.fini_array)
 .fini_array    0x000038d8        0x4 c:/program files (x86)/atmel/studio/7.0/toolchain/arm/arm-gnu-toolchain/bin/../lib/gcc/arm-none-eabi/6.2.1/thumb/v6-m/crtbegin.o
 *(SORT(.fini_array.*))
                0x000038dc                __fini_array_end = .
 *crtbegin.o(.dtors)
 *(EXCLUDE_FILE(*crtend.o) .dtors)
 *(SORT(.dtors.*))
 *crtend.o(.dtors)
                0x000038dc                . = ALIGN (0x4)
                0x000038dc                _efixed = .
                [!provide]                PROVIDE (__exidx_start, .)

.vfp11_veneer   0x000038dc        0x0
 .vfp11_veneer  0x000038dc        0x0 linker stubs

.v4_bx          0x000038dc        0x0
 .v4_bx         0x000038dc        0x0 linker stubs

.iplt           0x000038dc        0x0
 .iplt          0x000038dc        0x0 c:/program files (x86)/atmel/studio/7.0/toolchain/arm/arm-gnu-toolchain/bin/../lib/gcc/arm-none-eabi/6.2.1/thumb/v6-m/crtbegin.o

.eh_frame       0x000038dc        0x0
 .eh_frame      0x000038dc        0x0 c:/program files (x86)/atmel/studio/7.0/toolchain/arm/arm-gnu-toolchain/bin/../lib/gcc/arm-none-eabi/6.2.1/thumb/v6-m/crtbegin.o

.rel.dyn        0x000038dc        0x0
 .rel.iplt      0x000038dc        0x0 c:/program files (x86)/atmel/studio/7.0/toolchain/arm/arm-gnu-toolchain/bin/../lib/gcc/arm-none-eabi/6.2.1/thumb/v6-m/crtbegin.o

.jcr            0x000038dc        0x0
 .jcr           0x000038dc        0x0 c:/program files (x86)/atmel/studio/7.0/toolchain/arm/arm-gnu-toolchain/bin/../lib/gcc/arm-none-eabi/6.2.1/thumb/v6-m/crtbegin.o

.igot.plt       0x000038dc        0x0
 .igot.plt      0x000038dc        0x0 c:/program files (x86)/atmel/studio/7.0/toolchain/arm/arm-gnu-toolchain/bin/../lib/gcc/arm-none-eabi/6.2.1/thumb/v6-m/crtbegin.o

.ARM.exidx
 *(.ARM.exidx* .gnu.linkonce.armexidx.*)
                [!provide]                PROVIDE (__exidx_end, .)
                0x000038dc                . = ALIGN (0x4)
                0x000038dc                _etext = .

.relocate       0x20000000      0x1cc load address 0x000038dc
                0x20000000                . = ALIGN (0x4)
                0x20000000                _srelocate = .
 *(.ramfunc .ramfunc.*)
 *(.data .data.*)
 .data.MyLoRaTmp
                0x20000000      0x1b0 src/Lora_Func.o
                0x20000000                MyLoRaTmp
 .data.MyLoRaTmpCount
                0x200001b0       0x10 src/Lora_Func.o
                0x200001b0                MyLoRaTmpCount
 .data.cycles_per_ms
                0x200001c0        0x4 src/ASF/common2/services/delay/sam0/systick_counter.o
 .data.cycles_per_us
                0x200001c4        0x4 src/ASF/common2/services/delay/sam0/systick_counter.o
 .data.g_interrupt_enabled
                0x200001c8        0x1 src/ASF/common/utils/interrupt/interrupt_sam_nvic.o
                0x200001c8                g_interrupt_enabled
                0x200001cc                . = ALIGN (0x4)
 *fill*         0x200001c9        0x3 
                0x200001cc                _erelocate = .

.bss            0x200001cc     0x41e8 load address 0x00003aa8
                0x200001cc                . = ALIGN (0x4)
                0x200001cc                _sbss = .
                0x200001cc                _szero = .
 *(.bss .bss.*)
 .bss           0x200001cc       0x1c c:/program files (x86)/atmel/studio/7.0/toolchain/arm/arm-gnu-toolchain/bin/../lib/gcc/arm-none-eabi/6.2.1/thumb/v6-m/crtbegin.o
 .bss._nvm_dev  0x200001e8        0x6 src/ASF/sam0/drivers/nvm/nvm.o
 *fill*         0x200001ee        0x2 
 .bss.cpu_irq_critical_section_counter
                0x200001f0        0x4 src/ASF/common/utils/interrupt/interrupt_sam_nvic.o
 .bss.cpu_irq_prev_interrupt_state
                0x200001f4        0x1 src/ASF/common/utils/interrupt/interrupt_sam_nvic.o
 *fill*         0x200001f5        0x3 
 .bss._sercom_config
                0x200001f8        0x2 src/ASF/sam0/drivers/sercom/sercom.o
 .bss._handler_table_initialized
                0x200001fa        0x1 src/ASF/sam0/drivers/sercom/sercom_interrupt.o
 *fill*         0x200001fb        0x1 
 .bss._sercom_interrupt_handlers
                0x200001fc       0x18 src/ASF/sam0/drivers/sercom/sercom_interrupt.o
 .bss._system_clock_inst
                0x20000214       0x14 src/ASF/sam0/drivers/system/clock/clock_samd20/clock.o
 .bss.dev       0x20000228     0x3e80 src/Main.o
                0x20000228                dev
 *(COMMON)
 COMMON         0x200040a8      0x28c src/WDT.o
                0x200040a8                Lora_RX_Count_Form_Module
                0x200040ac                NowStatus
                0x200040b0                user_rx_buffer
                0x200040b4                usart_instance2
                0x200040d8                tc_instance2
                0x200040f4                LoRa_Rx_Flag
                0x200040f8                usart_instance1
                0x2000411c                UserKeyInBuf
                0x2000413c                DIP_SW_Value
                0x2000413d                TEST_CHAR
                0x20004140                MyLoRaID
                0x20004144                RSSIValue
                0x20004148                UserKeyInBufCount
                0x20004149                MyBufferCount
                0x2000414a                LastStatus
                0x2000414c                flag
                0x2000414d                Last_DIP_SW_Value
                0x2000414e                UserKeyInStauts
                0x20004150                Lora_Delay_Count
                0x20004154                rx_buffer
                0x20004155                NextStatus
                0x20004158                adc_result_buffer
                0x20004258                tc_instance1
                0x20004274                MyLoRaFW
                0x20004275                LoRa_TxRx_Mode_Flag
                0x20004276                TACT_SW_Value
                0x20004278                page_buffer
                0x200042b8                Lora_TimeOut_Count
                0x200042bc                MyBuffer
                0x200042dc                f_count
                0x200042e0                usart_instance3
                0x20004304                LoRa_IRQ_Flag
                0x20004305                UserRxCountMax
                0x20004308                usart_instance4
                0x2000432c                adc_instance
 COMMON         0x20004334        0x1 src/ASF/sam0/drivers/extint/extint_callback.o
                0x20004334                _current_channel
 *fill*         0x20004335        0x3 
 COMMON         0x20004338       0x40 src/ASF/sam0/drivers/extint/extint_sam_d_r_h/extint.o
                0x20004338                _extint_dev
 COMMON         0x20004378       0x20 src/ASF/sam0/drivers/tc/tc_interrupt.o
                0x20004378                _tc_instances
 COMMON         0x20004398        0x4 src/ASF/sam0/drivers/wdt/wdt_callback.o
                0x20004398                wdt_early_warning_callback
 COMMON         0x2000439c       0x18 src/ASF/sam0/drivers/sercom/sercom_interrupt.o
                0x2000439c                _sercom_instances
                0x200043b4                . = ALIGN (0x4)
                0x200043b4                _ebss = .
                0x200043b4                _ezero = .

.stack          0x200043b4     0x2004 load address 0x00007c90
                0x200043b8                . = ALIGN (0x8)
 *fill*         0x200043b4        0x4 
                0x200043b8                _sstack = .
                0x200063b8                . = (. + STACK_SIZE)
 *fill*         0x200043b8     0x2000 
                0x200063b8                . = ALIGN (0x8)
                0x200063b8                _estack = .
                0x200063b8                . = ALIGN (0x4)
                0x200063b8                _end = .
OUTPUT(SHH_Master_02.elf elf32-littlearm)

.ARM.attributes
                0x00000000       0x28
 .ARM.attributes
                0x00000000       0x1e c:/program files (x86)/atmel/studio/7.0/toolchain/arm/arm-gnu-toolchain/bin/../lib/gcc/arm-none-eabi/6.2.1/thumb/v6-m/crti.o
 .ARM.attributes
                0x0000001e       0x2c c:/program files (x86)/atmel/studio/7.0/toolchain/arm/arm-gnu-toolchain/bin/../lib/gcc/arm-none-eabi/6.2.1/thumb/v6-m/crtbegin.o
 .ARM.attributes
                0x0000004a       0x32 src/ASF/sam0/drivers/nvm/nvm.o
 .ARM.attributes
                0x0000007c       0x32 src/WDT.o
 .ARM.attributes
                0x000000ae       0x32 src/ASF/sam0/drivers/extint/extint_callback.o
 .ARM.attributes
                0x000000e0       0x32 src/ASF/sam0/drivers/extint/extint_sam_d_r_h/extint.o
 .ARM.attributes
                0x00000112       0x32 src/ASF/sam0/drivers/tc/tc_interrupt.o
 .ARM.attributes
                0x00000144       0x32 src/ASF/sam0/drivers/tc/tc_sam_d_r_h/tc.o
 .ARM.attributes
                0x00000176       0x32 src/ASF/sam0/drivers/wdt/wdt.o
 .ARM.attributes
                0x000001a8       0x32 src/ASF/sam0/drivers/wdt/wdt_callback.o
 .ARM.attributes
                0x000001da       0x32 src/Ext_INT.o
 .ARM.attributes
                0x0000020c       0x32 src/LCM.o
 .ARM.attributes
                0x0000023e       0x32 src/Lora_Func.o
 .ARM.attributes
                0x00000270       0x32 src/Print_Lora_Msg.o
 .ARM.attributes
                0x000002a2       0x32 src/Timer.o
 .ARM.attributes
                0x000002d4       0x32 src/UART.o
 .ARM.attributes
                0x00000306       0x32 src/ASF/common2/services/delay/sam0/systick_counter.o
 .ARM.attributes
                0x00000338       0x32 src/ASF/common/utils/interrupt/interrupt_sam_nvic.o
 .ARM.attributes
                0x0000036a       0x32 src/ASF/sam0/boards/samd20_xplained_pro/board_init.o
 .ARM.attributes
                0x0000039c       0x32 src/ASF/sam0/drivers/port/port.o
 .ARM.attributes
                0x000003ce       0x32 src/ASF/sam0/drivers/sercom/sercom.o
 .ARM.attributes
                0x00000400       0x32 src/ASF/sam0/drivers/sercom/sercom_interrupt.o
 .ARM.attributes
                0x00000432       0x32 src/ASF/sam0/drivers/sercom/usart/usart.o
 .ARM.attributes
                0x00000464       0x32 src/ASF/sam0/drivers/sercom/usart/usart_interrupt.o
 .ARM.attributes
                0x00000496       0x32 src/ASF/sam0/drivers/system/clock/clock_samd20/clock.o
 .ARM.attributes
                0x000004c8       0x32 src/ASF/sam0/drivers/system/clock/clock_samd20/gclk.o
 .ARM.attributes
                0x000004fa       0x32 src/ASF/sam0/drivers/system/pinmux/pinmux.o
 .ARM.attributes
                0x0000052c       0x32 src/ASF/sam0/drivers/system/system.o
 .ARM.attributes
                0x0000055e       0x32 src/ASF/sam0/utils/cmsis/samd20/source/gcc/startup_samd20.o
 .ARM.attributes
                0x00000590       0x32 src/Main.o
 .ARM.attributes
                0x000005c2       0x1e c:/program files (x86)/atmel/studio/7.0/toolchain/arm/arm-gnu-toolchain/bin/../lib/gcc/arm-none-eabi/6.2.1/thumb/v6-m\libgcc.a(_udivsi3.o)
 .ARM.attributes
                0x000005e0       0x1e c:/program files (x86)/atmel/studio/7.0/toolchain/arm/arm-gnu-toolchain/bin/../lib/gcc/arm-none-eabi/6.2.1/thumb/v6-m\libgcc.a(_dvmd_tls.o)
 .ARM.attributes
                0x000005fe       0x2c c:/program files (x86)/atmel/studio/7.0/toolchain/arm/arm-gnu-toolchain/bin/../lib/gcc/arm-none-eabi/6.2.1/thumb/v6-m\libgcc.a(_muldi3.o)
 .ARM.attributes
                0x0000062a       0x2c c:/program files (x86)/atmel/studio/7.0/toolchain/arm/arm-gnu-toolchain/bin/../lib/gcc/arm-none-eabi/6.2.1/../../../../arm-none-eabi/lib/thumb/v6-m\libc_nano.a(lib_a-init.o)
 .ARM.attributes
                0x00000656       0x2c c:/program files (x86)/atmel/studio/7.0/toolchain/arm/arm-gnu-toolchain/bin/../lib/gcc/arm-none-eabi/6.2.1/../../../../arm-none-eabi/lib/thumb/v6-m\libc_nano.a(lib_a-memcpy-stub.o)
 .ARM.attributes
                0x00000682       0x1e c:/program files (x86)/atmel/studio/7.0/toolchain/arm/arm-gnu-toolchain/bin/../lib/gcc/arm-none-eabi/6.2.1/thumb/v6-m/crtn.o

.comment        0x00000000       0x59
 .comment       0x00000000       0x59 src/ASF/sam0/drivers/nvm/nvm.o
                                 0x5a (size before relaxing)
 .comment       0x00000059       0x5a src/WDT.o
 .comment       0x00000059       0x5a src/ASF/sam0/drivers/extint/extint_callback.o
 .comment       0x00000059       0x5a src/ASF/sam0/drivers/extint/extint_sam_d_r_h/extint.o
 .comment       0x00000059       0x5a src/ASF/sam0/drivers/tc/tc_interrupt.o
 .comment       0x00000059       0x5a src/ASF/sam0/drivers/tc/tc_sam_d_r_h/tc.o
 .comment       0x00000059       0x5a src/ASF/sam0/drivers/wdt/wdt.o
 .comment       0x00000059       0x5a src/ASF/sam0/drivers/wdt/wdt_callback.o
 .comment       0x00000059       0x5a src/Ext_INT.o
 .comment       0x00000059       0x5a src/LCM.o
 .comment       0x00000059       0x5a src/Lora_Func.o
 .comment       0x00000059       0x5a src/Print_Lora_Msg.o
 .comment       0x00000059       0x5a src/Timer.o
 .comment       0x00000059       0x5a src/UART.o
 .comment       0x00000059       0x5a src/ASF/common2/services/delay/sam0/systick_counter.o
 .comment       0x00000059       0x5a src/ASF/common/utils/interrupt/interrupt_sam_nvic.o
 .comment       0x00000059       0x5a src/ASF/sam0/boards/samd20_xplained_pro/board_init.o
 .comment       0x00000059       0x5a src/ASF/sam0/drivers/port/port.o
 .comment       0x00000059       0x5a src/ASF/sam0/drivers/sercom/sercom.o
 .comment       0x00000059       0x5a src/ASF/sam0/drivers/sercom/sercom_interrupt.o
 .comment       0x00000059       0x5a src/ASF/sam0/drivers/sercom/usart/usart.o
 .comment       0x00000059       0x5a src/ASF/sam0/drivers/sercom/usart/usart_interrupt.o
 .comment       0x00000059       0x5a src/ASF/sam0/drivers/system/clock/clock_samd20/clock.o
 .comment       0x00000059       0x5a src/ASF/sam0/drivers/system/clock/clock_samd20/gclk.o
 .comment       0x00000059       0x5a src/ASF/sam0/drivers/system/pinmux/pinmux.o
 .comment       0x00000059       0x5a src/ASF/sam0/drivers/system/system.o
 .comment       0x00000059       0x5a src/ASF/sam0/utils/cmsis/samd20/source/gcc/startup_samd20.o
 .comment       0x00000059       0x5a src/Main.o

.debug_info     0x00000000    0x4bff4
 .debug_info    0x00000000     0x252b src/ASF/sam0/drivers/nvm/nvm.o
 .debug_info    0x0000252b     0x418b src/WDT.o
 .debug_info    0x000066b6     0x1991 src/ASF/sam0/drivers/extint/extint_callback.o
 .debug_info    0x00008047     0x2a08 src/ASF/sam0/drivers/extint/extint_sam_d_r_h/extint.o
 .debug_info    0x0000aa4f     0x1c0f src/ASF/sam0/drivers/tc/tc_interrupt.o
 .debug_info    0x0000c65e     0x2e8d src/ASF/sam0/drivers/tc/tc_sam_d_r_h/tc.o
 .debug_info    0x0000f4eb     0x1a17 src/ASF/sam0/drivers/wdt/wdt.o
 .debug_info    0x00010f02     0x1278 src/ASF/sam0/drivers/wdt/wdt_callback.o
 .debug_info    0x0001217a     0x4134 src/Ext_INT.o
 .debug_info    0x000162ae     0x4b1d src/LCM.o
 .debug_info    0x0001adcb     0x5101 src/Lora_Func.o
 .debug_info    0x0001fecc     0x581e src/Print_Lora_Msg.o
 .debug_info    0x000256ea     0x47ee src/Timer.o
 .debug_info    0x00029ed8     0x542f src/UART.o
 .debug_info    0x0002f307      0xb81 src/ASF/common2/services/delay/sam0/systick_counter.o
 .debug_info    0x0002fe88      0xafb src/ASF/common/utils/interrupt/interrupt_sam_nvic.o
 .debug_info    0x00030983     0x17a4 src/ASF/sam0/boards/samd20_xplained_pro/board_init.o
 .debug_info    0x00032127     0x12ac src/ASF/sam0/drivers/port/port.o
 .debug_info    0x000333d3     0x265c src/ASF/sam0/drivers/sercom/sercom.o
 .debug_info    0x00035a2f     0x2450 src/ASF/sam0/drivers/sercom/sercom_interrupt.o
 .debug_info    0x00037e7f     0x42ab src/ASF/sam0/drivers/sercom/usart/usart.o
 .debug_info    0x0003c12a     0x287b src/ASF/sam0/drivers/sercom/usart/usart_interrupt.o
 .debug_info    0x0003e9a5     0x3d82 src/ASF/sam0/drivers/system/clock/clock_samd20/clock.o
 .debug_info    0x00042727     0x1ddc src/ASF/sam0/drivers/system/clock/clock_samd20/gclk.o
 .debug_info    0x00044503     0x136a src/ASF/sam0/drivers/system/pinmux/pinmux.o
 .debug_info    0x0004586d      0xa67 src/ASF/sam0/drivers/system/system.o
 .debug_info    0x000462d4      0x9c9 src/ASF/sam0/utils/cmsis/samd20/source/gcc/startup_samd20.o
 .debug_info    0x00046c9d     0x5357 src/Main.o

.debug_abbrev   0x00000000     0x5f72
 .debug_abbrev  0x00000000      0x491 src/ASF/sam0/drivers/nvm/nvm.o
 .debug_abbrev  0x00000491      0x31e src/WDT.o
 .debug_abbrev  0x000007af      0x333 src/ASF/sam0/drivers/extint/extint_callback.o
 .debug_abbrev  0x00000ae2      0x4a7 src/ASF/sam0/drivers/extint/extint_sam_d_r_h/extint.o
 .debug_abbrev  0x00000f89      0x2ff src/ASF/sam0/drivers/tc/tc_interrupt.o
 .debug_abbrev  0x00001288      0x434 src/ASF/sam0/drivers/tc/tc_sam_d_r_h/tc.o
 .debug_abbrev  0x000016bc      0x358 src/ASF/sam0/drivers/wdt/wdt.o
 .debug_abbrev  0x00001a14      0x309 src/ASF/sam0/drivers/wdt/wdt_callback.o
 .debug_abbrev  0x00001d1d      0x2e6 src/Ext_INT.o
 .debug_abbrev  0x00002003      0x377 src/LCM.o
 .debug_abbrev  0x0000237a      0x424 src/Lora_Func.o
 .debug_abbrev  0x0000279e      0x2fd src/Print_Lora_Msg.o
 .debug_abbrev  0x00002a9b      0x3e8 src/Timer.o
 .debug_abbrev  0x00002e83      0x496 src/UART.o
 .debug_abbrev  0x00003319      0x24b src/ASF/common2/services/delay/sam0/systick_counter.o
 .debug_abbrev  0x00003564      0x22c src/ASF/common/utils/interrupt/interrupt_sam_nvic.o
 .debug_abbrev  0x00003790      0x2dc src/ASF/sam0/boards/samd20_xplained_pro/board_init.o
 .debug_abbrev  0x00003a6c      0x298 src/ASF/sam0/drivers/port/port.o
 .debug_abbrev  0x00003d04      0x378 src/ASF/sam0/drivers/sercom/sercom.o
 .debug_abbrev  0x0000407c      0x2d8 src/ASF/sam0/drivers/sercom/sercom_interrupt.o
 .debug_abbrev  0x00004354      0x480 src/ASF/sam0/drivers/sercom/usart/usart.o
 .debug_abbrev  0x000047d4      0x416 src/ASF/sam0/drivers/sercom/usart/usart_interrupt.o
 .debug_abbrev  0x00004bea      0x4a1 src/ASF/sam0/drivers/system/clock/clock_samd20/clock.o
 .debug_abbrev  0x0000508b      0x3f1 src/ASF/sam0/drivers/system/clock/clock_samd20/gclk.o
 .debug_abbrev  0x0000547c      0x332 src/ASF/sam0/drivers/system/pinmux/pinmux.o
 .debug_abbrev  0x000057ae      0x1e1 src/ASF/sam0/drivers/system/system.o
 .debug_abbrev  0x0000598f      0x1e4 src/ASF/sam0/utils/cmsis/samd20/source/gcc/startup_samd20.o
 .debug_abbrev  0x00005b73      0x3ff src/Main.o

.debug_loc      0x00000000     0x7a1e
 .debug_loc     0x00000000     0x10c4 src/ASF/sam0/drivers/nvm/nvm.o
 .debug_loc     0x000010c4       0x5f src/WDT.o
 .debug_loc     0x00001123      0x2ac src/ASF/sam0/drivers/extint/extint_callback.o
 .debug_loc     0x000013cf      0x43d src/ASF/sam0/drivers/extint/extint_sam_d_r_h/extint.o
 .debug_loc     0x0000180c      0x228 src/ASF/sam0/drivers/tc/tc_interrupt.o
 .debug_loc     0x00001a34      0xdf1 src/ASF/sam0/drivers/tc/tc_sam_d_r_h/tc.o
 .debug_loc     0x00002825      0x10d src/ASF/sam0/drivers/wdt/wdt.o
 .debug_loc     0x00002932       0xf3 src/ASF/sam0/drivers/wdt/wdt_callback.o
 .debug_loc     0x00002a25       0x4c src/Ext_INT.o
 .debug_loc     0x00002a71      0x405 src/LCM.o
 .debug_loc     0x00002e76      0x3ca src/Lora_Func.o
 .debug_loc     0x00003240      0x31e src/Print_Lora_Msg.o
 .debug_loc     0x0000355e      0x11a src/Timer.o
 .debug_loc     0x00003678      0x561 src/UART.o
 .debug_loc     0x00003bd9       0xe4 src/ASF/common2/services/delay/sam0/systick_counter.o
 .debug_loc     0x00003cbd      0x417 src/ASF/sam0/boards/samd20_xplained_pro/board_init.o
 .debug_loc     0x000040d4      0x13d src/ASF/sam0/drivers/port/port.o
 .debug_loc     0x00004211      0x9d5 src/ASF/sam0/drivers/sercom/sercom.o
 .debug_loc     0x00004be6      0x161 src/ASF/sam0/drivers/sercom/sercom_interrupt.o
 .debug_loc     0x00004d47      0xc56 src/ASF/sam0/drivers/sercom/usart/usart.o
 .debug_loc     0x0000599d      0x6b6 src/ASF/sam0/drivers/sercom/usart/usart_interrupt.o
 .debug_loc     0x00006053      0xe88 src/ASF/sam0/drivers/system/clock/clock_samd20/clock.o
 .debug_loc     0x00006edb      0x504 src/ASF/sam0/drivers/system/clock/clock_samd20/gclk.o
 .debug_loc     0x000073df      0x322 src/ASF/sam0/drivers/system/pinmux/pinmux.o
 .debug_loc     0x00007701       0x20 src/ASF/sam0/drivers/system/system.o
 .debug_loc     0x00007721       0x40 src/ASF/sam0/utils/cmsis/samd20/source/gcc/startup_samd20.o
 .debug_loc     0x00007761      0x2bd src/Main.o

.debug_aranges  0x00000000      0x848
 .debug_aranges
                0x00000000       0x68 src/ASF/sam0/drivers/nvm/nvm.o
 .debug_aranges
                0x00000068       0x30 src/WDT.o
 .debug_aranges
                0x00000098       0x48 src/ASF/sam0/drivers/extint/extint_callback.o
 .debug_aranges
                0x000000e0       0x50 src/ASF/sam0/drivers/extint/extint_sam_d_r_h/extint.o
 .debug_aranges
                0x00000130       0x70 src/ASF/sam0/drivers/tc/tc_interrupt.o
 .debug_aranges
                0x000001a0       0x58 src/ASF/sam0/drivers/tc/tc_sam_d_r_h/tc.o
 .debug_aranges
                0x000001f8       0x28 src/ASF/sam0/drivers/wdt/wdt.o
 .debug_aranges
                0x00000220       0x40 src/ASF/sam0/drivers/wdt/wdt_callback.o
 .debug_aranges
                0x00000260       0x30 src/Ext_INT.o
 .debug_aranges
                0x00000290       0x30 src/LCM.o
 .debug_aranges
                0x000002c0       0x80 src/Lora_Func.o
 .debug_aranges
                0x00000340       0xd0 src/Print_Lora_Msg.o
 .debug_aranges
                0x00000410       0x38 src/Timer.o
 .debug_aranges
                0x00000448       0x68 src/UART.o
 .debug_aranges
                0x000004b0       0x30 src/ASF/common2/services/delay/sam0/systick_counter.o
 .debug_aranges
                0x000004e0       0x28 src/ASF/common/utils/interrupt/interrupt_sam_nvic.o
 .debug_aranges
                0x00000508       0x20 src/ASF/sam0/boards/samd20_xplained_pro/board_init.o
 .debug_aranges
                0x00000528       0x28 src/ASF/sam0/drivers/port/port.o
 .debug_aranges
                0x00000550       0x48 src/ASF/sam0/drivers/sercom/sercom.o
 .debug_aranges
                0x00000598       0x60 src/ASF/sam0/drivers/sercom/sercom_interrupt.o
 .debug_aranges
                0x000005f8       0x40 src/ASF/sam0/drivers/sercom/usart/usart.o
 .debug_aranges
                0x00000638       0x70 src/ASF/sam0/drivers/sercom/usart/usart_interrupt.o
 .debug_aranges
                0x000006a8       0x70 src/ASF/sam0/drivers/system/clock/clock_samd20/clock.o
 .debug_aranges
                0x00000718       0x80 src/ASF/sam0/drivers/system/clock/clock_samd20/gclk.o
 .debug_aranges
                0x00000798       0x38 src/ASF/sam0/drivers/system/pinmux/pinmux.o
 .debug_aranges
                0x000007d0       0x28 src/ASF/sam0/drivers/system/system.o
 .debug_aranges
                0x000007f8       0x28 src/ASF/sam0/utils/cmsis/samd20/source/gcc/startup_samd20.o
 .debug_aranges
                0x00000820       0x28 src/Main.o

.debug_ranges   0x00000000      0x918
 .debug_ranges  0x00000000      0x118 src/ASF/sam0/drivers/nvm/nvm.o
 .debug_ranges  0x00000118       0x20 src/WDT.o
 .debug_ranges  0x00000138       0x90 src/ASF/sam0/drivers/extint/extint_callback.o
 .debug_ranges  0x000001c8       0x40 src/ASF/sam0/drivers/extint/extint_sam_d_r_h/extint.o
 .debug_ranges  0x00000208       0x60 src/ASF/sam0/drivers/tc/tc_interrupt.o
 .debug_ranges  0x00000268       0x90 src/ASF/sam0/drivers/tc/tc_sam_d_r_h/tc.o
 .debug_ranges  0x000002f8       0x18 src/ASF/sam0/drivers/wdt/wdt.o
 .debug_ranges  0x00000310       0x30 src/ASF/sam0/drivers/wdt/wdt_callback.o
 .debug_ranges  0x00000340       0x20 src/Ext_INT.o
 .debug_ranges  0x00000360       0x20 src/LCM.o
 .debug_ranges  0x00000380       0x70 src/Lora_Func.o
 .debug_ranges  0x000003f0       0xc0 src/Print_Lora_Msg.o
 .debug_ranges  0x000004b0       0x28 src/Timer.o
 .debug_ranges  0x000004d8       0x58 src/UART.o
 .debug_ranges  0x00000530       0x50 src/ASF/common2/services/delay/sam0/systick_counter.o
 .debug_ranges  0x00000580       0x18 src/ASF/common/utils/interrupt/interrupt_sam_nvic.o
 .debug_ranges  0x00000598       0x10 src/ASF/sam0/boards/samd20_xplained_pro/board_init.o
 .debug_ranges  0x000005a8       0x18 src/ASF/sam0/drivers/port/port.o
 .debug_ranges  0x000005c0       0x50 src/ASF/sam0/drivers/sercom/sercom.o
 .debug_ranges  0x00000610       0x50 src/ASF/sam0/drivers/sercom/sercom_interrupt.o
 .debug_ranges  0x00000660      0x100 src/ASF/sam0/drivers/sercom/usart/usart.o
 .debug_ranges  0x00000760       0x60 src/ASF/sam0/drivers/sercom/usart/usart_interrupt.o
 .debug_ranges  0x000007c0       0x60 src/ASF/sam0/drivers/system/clock/clock_samd20/clock.o
 .debug_ranges  0x00000820       0x88 src/ASF/sam0/drivers/system/clock/clock_samd20/gclk.o
 .debug_ranges  0x000008a8       0x28 src/ASF/sam0/drivers/system/pinmux/pinmux.o
 .debug_ranges  0x000008d0       0x18 src/ASF/sam0/drivers/system/system.o
 .debug_ranges  0x000008e8       0x18 src/ASF/sam0/utils/cmsis/samd20/source/gcc/startup_samd20.o
 .debug_ranges  0x00000900       0x18 src/Main.o

.debug_macro    0x00000000    0x17c5b
 .debug_macro   0x00000000      0x540 src/ASF/sam0/drivers/nvm/nvm.o
 .debug_macro   0x00000540      0x8ce src/ASF/sam0/drivers/nvm/nvm.o
 .debug_macro   0x00000e0e      0x16d src/ASF/sam0/drivers/nvm/nvm.o
 .debug_macro   0x00000f7b      0x64b src/ASF/sam0/drivers/nvm/nvm.o
 .debug_macro   0x000015c6       0x22 src/ASF/sam0/drivers/nvm/nvm.o
 .debug_macro   0x000015e8       0x87 src/ASF/sam0/drivers/nvm/nvm.o
 .debug_macro   0x0000166f       0x51 src/ASF/sam0/drivers/nvm/nvm.o
 .debug_macro   0x000016c0       0xef src/ASF/sam0/drivers/nvm/nvm.o
 .debug_macro   0x000017af       0x6a src/ASF/sam0/drivers/nvm/nvm.o
 .debug_macro   0x00001819      0x1df src/ASF/sam0/drivers/nvm/nvm.o
 .debug_macro   0x000019f8       0x10 src/ASF/sam0/drivers/nvm/nvm.o
 .debug_macro   0x00001a08       0x76 src/ASF/sam0/drivers/nvm/nvm.o
 .debug_macro   0x00001a7e       0x16 src/ASF/sam0/drivers/nvm/nvm.o
 .debug_macro   0x00001a94      0x6e5 src/ASF/sam0/drivers/nvm/nvm.o
 .debug_macro   0x00002179      0xde2 src/ASF/sam0/drivers/nvm/nvm.o
 .debug_macro   0x00002f5b       0x22 src/ASF/sam0/drivers/nvm/nvm.o
 .debug_macro   0x00002f7d       0x40 src/ASF/sam0/drivers/nvm/nvm.o
 .debug_macro   0x00002fbd       0x3a src/ASF/sam0/drivers/nvm/nvm.o
 .debug_macro   0x00002ff7       0x1f src/ASF/sam0/drivers/nvm/nvm.o
 .debug_macro   0x00003016      0x250 src/ASF/sam0/drivers/nvm/nvm.o
 .debug_macro   0x00003266      0x682 src/ASF/sam0/drivers/nvm/nvm.o
 .debug_macro   0x000038e8      0x8c1 src/ASF/sam0/drivers/nvm/nvm.o
 .debug_macro   0x000041a9      0x229 src/ASF/sam0/drivers/nvm/nvm.o
 .debug_macro   0x000043d2      0x5bf src/ASF/sam0/drivers/nvm/nvm.o
 .debug_macro   0x00004991      0x9fb src/ASF/sam0/drivers/nvm/nvm.o
 .debug_macro   0x0000538c      0x5b8 src/ASF/sam0/drivers/nvm/nvm.o
 .debug_macro   0x00005944      0x4b6 src/ASF/sam0/drivers/nvm/nvm.o
 .debug_macro   0x00005dfa      0x74c src/ASF/sam0/drivers/nvm/nvm.o
 .debug_macro   0x00006546       0x5e src/ASF/sam0/drivers/nvm/nvm.o
 .debug_macro   0x000065a4      0x5e2 src/ASF/sam0/drivers/nvm/nvm.o
 .debug_macro   0x00006b86      0x3b8 src/ASF/sam0/drivers/nvm/nvm.o
 .debug_macro   0x00006f3e      0xc55 src/ASF/sam0/drivers/nvm/nvm.o
 .debug_macro   0x00007b93      0xd29 src/ASF/sam0/drivers/nvm/nvm.o
 .debug_macro   0x000088bc      0x7b8 src/ASF/sam0/drivers/nvm/nvm.o
 .debug_macro   0x00009074      0x6c2 src/ASF/sam0/drivers/nvm/nvm.o
 .debug_macro   0x00009736      0x351 src/ASF/sam0/drivers/nvm/nvm.o
 .debug_macro   0x00009a87       0x7c src/ASF/sam0/drivers/nvm/nvm.o
 .debug_macro   0x00009b03       0x9a src/ASF/sam0/drivers/nvm/nvm.o
 .debug_macro   0x00009b9d       0x46 src/ASF/sam0/drivers/nvm/nvm.o
 .debug_macro   0x00009be3       0xb2 src/ASF/sam0/drivers/nvm/nvm.o
 .debug_macro   0x00009c95       0x6a src/ASF/sam0/drivers/nvm/nvm.o
 .debug_macro   0x00009cff      0x287 src/ASF/sam0/drivers/nvm/nvm.o
 .debug_macro   0x00009f86       0x82 src/ASF/sam0/drivers/nvm/nvm.o
 .debug_macro   0x0000a008       0xb8 src/ASF/sam0/drivers/nvm/nvm.o
 .debug_macro   0x0000a0c0       0x1c src/ASF/sam0/drivers/nvm/nvm.o
 .debug_macro   0x0000a0dc       0x1c src/ASF/sam0/drivers/nvm/nvm.o
 .debug_macro   0x0000a0f8       0x1c src/ASF/sam0/drivers/nvm/nvm.o
 .debug_macro   0x0000a114       0x82 src/ASF/sam0/drivers/nvm/nvm.o
 .debug_macro   0x0000a196      0x164 src/ASF/sam0/drivers/nvm/nvm.o
 .debug_macro   0x0000a2fa       0xdc src/ASF/sam0/drivers/nvm/nvm.o
 .debug_macro   0x0000a3d6      0x104 src/ASF/sam0/drivers/nvm/nvm.o
 .debug_macro   0x0000a4da      0x104 src/ASF/sam0/drivers/nvm/nvm.o
 .debug_macro   0x0000a5de      0x104 src/ASF/sam0/drivers/nvm/nvm.o
 .debug_macro   0x0000a6e2      0x104 src/ASF/sam0/drivers/nvm/nvm.o
 .debug_macro   0x0000a7e6      0x104 src/ASF/sam0/drivers/nvm/nvm.o
 .debug_macro   0x0000a8ea      0x104 src/ASF/sam0/drivers/nvm/nvm.o
 .debug_macro   0x0000a9ee       0xfa src/ASF/sam0/drivers/nvm/nvm.o
 .debug_macro   0x0000aae8       0xbe src/ASF/sam0/drivers/nvm/nvm.o
 .debug_macro   0x0000aba6       0xbe src/ASF/sam0/drivers/nvm/nvm.o
 .debug_macro   0x0000ac64       0xbe src/ASF/sam0/drivers/nvm/nvm.o
 .debug_macro   0x0000ad22       0xbe src/ASF/sam0/drivers/nvm/nvm.o
 .debug_macro   0x0000ade0       0xbe src/ASF/sam0/drivers/nvm/nvm.o
 .debug_macro   0x0000ae9e       0xbe src/ASF/sam0/drivers/nvm/nvm.o
 .debug_macro   0x0000af5c       0xbe src/ASF/sam0/drivers/nvm/nvm.o
 .debug_macro   0x0000b01a       0xbe src/ASF/sam0/drivers/nvm/nvm.o
 .debug_macro   0x0000b0d8       0x40 src/ASF/sam0/drivers/nvm/nvm.o
 .debug_macro   0x0000b118      0x2e3 src/ASF/sam0/drivers/nvm/nvm.o
 .debug_macro   0x0000b3fb     0x19c4 src/ASF/sam0/drivers/nvm/nvm.o
 .debug_macro   0x0000cdbf       0x4a src/ASF/sam0/drivers/nvm/nvm.o
 .debug_macro   0x0000ce09       0x52 src/ASF/sam0/drivers/nvm/nvm.o
 .debug_macro   0x0000ce5b       0x35 src/ASF/sam0/drivers/nvm/nvm.o
 .debug_macro   0x0000ce90       0x9c src/ASF/sam0/drivers/nvm/nvm.o
 .debug_macro   0x0000cf2c       0x16 src/ASF/sam0/drivers/nvm/nvm.o
 .debug_macro   0x0000cf42       0x35 src/ASF/sam0/drivers/nvm/nvm.o
 .debug_macro   0x0000cf77      0x330 src/ASF/sam0/drivers/nvm/nvm.o
 .debug_macro   0x0000d2a7       0x10 src/ASF/sam0/drivers/nvm/nvm.o
 .debug_macro   0x0000d2b7       0x52 src/ASF/sam0/drivers/nvm/nvm.o
 .debug_macro   0x0000d309       0x1f src/ASF/sam0/drivers/nvm/nvm.o
 .debug_macro   0x0000d328       0x43 src/ASF/sam0/drivers/nvm/nvm.o
 .debug_macro   0x0000d36b       0x20 src/ASF/sam0/drivers/nvm/nvm.o
 .debug_macro   0x0000d38b      0x187 src/ASF/sam0/drivers/nvm/nvm.o
 .debug_macro   0x0000d512       0x10 src/ASF/sam0/drivers/nvm/nvm.o
 .debug_macro   0x0000d522       0x1c src/ASF/sam0/drivers/nvm/nvm.o
 .debug_macro   0x0000d53e       0x52 src/ASF/sam0/drivers/nvm/nvm.o
 .debug_macro   0x0000d590       0x40 src/ASF/sam0/drivers/nvm/nvm.o
 .debug_macro   0x0000d5d0       0x10 src/ASF/sam0/drivers/nvm/nvm.o
 .debug_macro   0x0000d5e0       0x40 src/ASF/sam0/drivers/nvm/nvm.o
 .debug_macro   0x0000d620       0xd7 src/ASF/sam0/drivers/nvm/nvm.o
 .debug_macro   0x0000d6f7       0x16 src/ASF/sam0/drivers/nvm/nvm.o
 .debug_macro   0x0000d70d      0x18b src/ASF/sam0/drivers/nvm/nvm.o
 .debug_macro   0x0000d898       0x16 src/ASF/sam0/drivers/nvm/nvm.o
 .debug_macro   0x0000d8ae       0x16 src/ASF/sam0/drivers/nvm/nvm.o
 .debug_macro   0x0000d8c4       0x29 src/ASF/sam0/drivers/nvm/nvm.o
 .debug_macro   0x0000d8ed       0x51 src/ASF/sam0/drivers/nvm/nvm.o
 .debug_macro   0x0000d93e       0x3f src/ASF/sam0/drivers/nvm/nvm.o
 .debug_macro   0x0000d97d      0x3df src/ASF/sam0/drivers/nvm/nvm.o
 .debug_macro   0x0000dd5c       0x11 src/ASF/sam0/drivers/nvm/nvm.o
 .debug_macro   0x0000dd6d       0x16 src/ASF/sam0/drivers/nvm/nvm.o
 .debug_macro   0x0000dd83       0x2e src/ASF/sam0/drivers/nvm/nvm.o
 .debug_macro   0x0000ddb1       0x16 src/ASF/sam0/drivers/nvm/nvm.o
 .debug_macro   0x0000ddc7      0x60f src/WDT.o
 .debug_macro   0x0000e3d6       0x19 src/WDT.o
 .debug_macro   0x0000e3ef       0x1c src/WDT.o
 .debug_macro   0x0000e40b       0x16 src/WDT.o
 .debug_macro   0x0000e421       0x18 src/WDT.o
 .debug_macro   0x0000e439      0x2c6 src/WDT.o
 .debug_macro   0x0000e6ff      0x80c src/WDT.o
 .debug_macro   0x0000ef0b       0x11 src/WDT.o
 .debug_macro   0x0000ef1c       0x18 src/WDT.o
 .debug_macro   0x0000ef34       0xb2 src/WDT.o
 .debug_macro   0x0000efe6       0x10 src/WDT.o
 .debug_macro   0x0000eff6       0x1f src/WDT.o
 .debug_macro   0x0000f015       0x6c src/WDT.o
 .debug_macro   0x0000f081      0x12b src/WDT.o
 .debug_macro   0x0000f1ac      0x4c9 src/ASF/sam0/drivers/extint/extint_callback.o
 .debug_macro   0x0000f675       0x12 src/ASF/sam0/drivers/extint/extint_callback.o
 .debug_macro   0x0000f687      0x524 src/ASF/sam0/drivers/extint/extint_sam_d_r_h/extint.o
 .debug_macro   0x0000fbab       0x16 src/ASF/sam0/drivers/extint/extint_sam_d_r_h/extint.o
 .debug_macro   0x0000fbc1      0x513 src/ASF/sam0/drivers/tc/tc_interrupt.o
 .debug_macro   0x000100d4       0x19 src/ASF/sam0/drivers/tc/tc_interrupt.o
 .debug_macro   0x000100ed       0x51 src/ASF/sam0/drivers/tc/tc_interrupt.o
 .debug_macro   0x0001013e      0x52e src/ASF/sam0/drivers/tc/tc_sam_d_r_h/tc.o
 .debug_macro   0x0001066c      0x503 src/ASF/sam0/drivers/wdt/wdt.o
 .debug_macro   0x00010b6f      0x51c src/ASF/sam0/drivers/wdt/wdt_callback.o
 .debug_macro   0x0001108b      0x611 src/Ext_INT.o
 .debug_macro   0x0001169c      0x611 src/LCM.o
 .debug_macro   0x00011cad      0x610 src/Lora_Func.o
 .debug_macro   0x000122bd      0x611 src/Print_Lora_Msg.o
 .debug_macro   0x000128ce      0x611 src/Timer.o
 .debug_macro   0x00012edf      0x611 src/UART.o
 .debug_macro   0x000134f0      0x4e0 src/ASF/common2/services/delay/sam0/systick_counter.o
 .debug_macro   0x000139d0       0x16 src/ASF/common2/services/delay/sam0/systick_counter.o
 .debug_macro   0x000139e6      0x4a4 src/ASF/common/utils/interrupt/interrupt_sam_nvic.o
 .debug_macro   0x00013e8a      0x4e0 src/ASF/sam0/boards/samd20_xplained_pro/board_init.o
 .debug_macro   0x0001436a       0x12 src/ASF/sam0/boards/samd20_xplained_pro/board_init.o
 .debug_macro   0x0001437c      0x4be src/ASF/sam0/drivers/port/port.o
 .debug_macro   0x0001483a      0x532 src/ASF/sam0/drivers/sercom/sercom.o
 .debug_macro   0x00014d6c      0x52f src/ASF/sam0/drivers/sercom/sercom_interrupt.o
 .debug_macro   0x0001529b      0x543 src/ASF/sam0/drivers/sercom/usart/usart.o
 .debug_macro   0x000157de       0x19 src/ASF/sam0/drivers/sercom/usart/usart.o
 .debug_macro   0x000157f7      0x543 src/ASF/sam0/drivers/sercom/usart/usart_interrupt.o
 .debug_macro   0x00015d3a      0x5b9 src/ASF/sam0/drivers/system/clock/clock_samd20/clock.o
 .debug_macro   0x000162f3      0x21a src/ASF/sam0/drivers/system/clock/clock_samd20/clock.o
 .debug_macro   0x0001650d      0x4db src/ASF/sam0/drivers/system/clock/clock_samd20/gclk.o
 .debug_macro   0x000169e8      0x4b6 src/ASF/sam0/drivers/system/pinmux/pinmux.o
 .debug_macro   0x00016e9e      0x4e8 src/ASF/sam0/drivers/system/system.o
 .debug_macro   0x00017386      0x28b src/ASF/sam0/utils/cmsis/samd20/source/gcc/startup_samd20.o
 .debug_macro   0x00017611       0x3a src/ASF/sam0/utils/cmsis/samd20/source/gcc/startup_samd20.o
 .debug_macro   0x0001764b      0x610 src/Main.o

.debug_line     0x00000000    0x1435d
 .debug_line    0x00000000      0xd7c src/ASF/sam0/drivers/nvm/nvm.o
 .debug_line    0x00000d7c      0xd31 src/WDT.o
 .debug_line    0x00001aad      0x966 src/ASF/sam0/drivers/extint/extint_callback.o
 .debug_line    0x00002413      0xbbb src/ASF/sam0/drivers/extint/extint_sam_d_r_h/extint.o
 .debug_line    0x00002fce      0xa61 src/ASF/sam0/drivers/tc/tc_interrupt.o
 .debug_line    0x00003a2f      0xd22 src/ASF/sam0/drivers/tc/tc_sam_d_r_h/tc.o
 .debug_line    0x00004751      0xa4f src/ASF/sam0/drivers/wdt/wdt.o
 .debug_line    0x000051a0      0xab7 src/ASF/sam0/drivers/wdt/wdt_callback.o
 .debug_line    0x00005c57      0xd2e src/Ext_INT.o
 .debug_line    0x00006985      0xd79 src/LCM.o
 .debug_line    0x000076fe      0xef7 src/Lora_Func.o
 .debug_line    0x000085f5      0xf9f src/Print_Lora_Msg.o
 .debug_line    0x00009594      0xd92 src/Timer.o
 .debug_line    0x0000a326      0xe83 src/UART.o
 .debug_line    0x0000b1a9      0x94f src/ASF/common2/services/delay/sam0/systick_counter.o
 .debug_line    0x0000baf8      0x864 src/ASF/common/utils/interrupt/interrupt_sam_nvic.o
 .debug_line    0x0000c35c      0x9bb src/ASF/sam0/boards/samd20_xplained_pro/board_init.o
 .debug_line    0x0000cd17      0x890 src/ASF/sam0/drivers/port/port.o
 .debug_line    0x0000d5a7      0xb5f src/ASF/sam0/drivers/sercom/sercom.o
 .debug_line    0x0000e106      0xb02 src/ASF/sam0/drivers/sercom/sercom_interrupt.o
 .debug_line    0x0000ec08      0xc7e src/ASF/sam0/drivers/sercom/usart/usart.o
 .debug_line    0x0000f886      0xc35 src/ASF/sam0/drivers/sercom/usart/usart_interrupt.o
 .debug_line    0x000104bb      0xbc2 src/ASF/sam0/drivers/system/clock/clock_samd20/clock.o
 .debug_line    0x0001107d      0xc01 src/ASF/sam0/drivers/system/clock/clock_samd20/gclk.o
 .debug_line    0x00011c7e      0x8c0 src/ASF/sam0/drivers/system/pinmux/pinmux.o
 .debug_line    0x0001253e      0x97c src/ASF/sam0/drivers/system/system.o
 .debug_line    0x00012eba      0x5dc src/ASF/sam0/utils/cmsis/samd20/source/gcc/startup_samd20.o
 .debug_line    0x00013496      0xec7 src/Main.o

.debug_str      0x00000000    0x63928
 .debug_str     0x00000000    0x58b9d src/ASF/sam0/drivers/nvm/nvm.o
                              0x59179 (size before relaxing)
 .debug_str     0x00058b9d     0x51a2 src/WDT.o
                              0x5d3d3 (size before relaxing)
 .debug_str     0x0005dd3f      0x49a src/ASF/sam0/drivers/extint/extint_callback.o
                              0x58255 (size before relaxing)
 .debug_str     0x0005e1d9      0x8d8 src/ASF/sam0/drivers/extint/extint_sam_d_r_h/extint.o
                              0x591aa (size before relaxing)
 .debug_str     0x0005eab1       0xf3 src/ASF/sam0/drivers/tc/tc_interrupt.o
                              0x587ad (size before relaxing)
 .debug_str     0x0005eba4      0x53e src/ASF/sam0/drivers/tc/tc_sam_d_r_h/tc.o
                              0x5901e (size before relaxing)
 .debug_str     0x0005f0e2      0x112 src/ASF/sam0/drivers/wdt/wdt.o
                              0x583db (size before relaxing)
 .debug_str     0x0005f1f4       0x9a src/ASF/sam0/drivers/wdt/wdt_callback.o
                              0x585f8 (size before relaxing)
 .debug_str     0x0005f28e       0x72 src/Ext_INT.o
                              0x5d34e (size before relaxing)
 .debug_str     0x0005f300      0x229 src/LCM.o
                              0x5d36e (size before relaxing)
 .debug_str     0x0005f529      0x4bd src/Lora_Func.o
                              0x5d802 (size before relaxing)
 .debug_str     0x0005f9e6       0xb8 src/Print_Lora_Msg.o
                              0x5d3a0 (size before relaxing)
 .debug_str     0x0005fa9e      0x162 src/Timer.o
                              0x5dadf (size before relaxing)
 .debug_str     0x0005fc00      0x3f1 src/UART.o
                              0x5dc3e (size before relaxing)
 .debug_str     0x0005fff1       0xa1 src/ASF/common2/services/delay/sam0/systick_counter.o
                              0x57c49 (size before relaxing)
 .debug_str     0x00060092       0x66 src/ASF/common/utils/interrupt/interrupt_sam_nvic.o
                              0x57a54 (size before relaxing)
 .debug_str     0x000600f8      0x126 src/ASF/sam0/boards/samd20_xplained_pro/board_init.o
                              0x5abc2 (size before relaxing)
 .debug_str     0x0006021e       0x5e src/ASF/sam0/drivers/port/port.o
                              0x57e5a (size before relaxing)
 .debug_str     0x0006027c      0x39d src/ASF/sam0/drivers/sercom/sercom.o
                              0x58f7d (size before relaxing)
 .debug_str     0x00060619      0x17b src/ASF/sam0/drivers/sercom/sercom_interrupt.o
                              0x58db6 (size before relaxing)
 .debug_str     0x00060794      0x3ed src/ASF/sam0/drivers/sercom/usart/usart.o
                              0x59964 (size before relaxing)
 .debug_str     0x00060b81      0x164 src/ASF/sam0/drivers/sercom/usart/usart_interrupt.o
                              0x58e1b (size before relaxing)
 .debug_str     0x00060ce5     0x256c src/ASF/sam0/drivers/system/clock/clock_samd20/clock.o
                              0x5ac64 (size before relaxing)
 .debug_str     0x00063251      0x1a1 src/ASF/sam0/drivers/system/clock/clock_samd20/gclk.o
                              0x58687 (size before relaxing)
 .debug_str     0x000633f2       0xf4 src/ASF/sam0/drivers/system/pinmux/pinmux.o
                              0x57e4b (size before relaxing)
 .debug_str     0x000634e6       0x47 src/ASF/sam0/drivers/system/system.o
                              0x57af0 (size before relaxing)
 .debug_str     0x0006352d      0x391 src/ASF/sam0/utils/cmsis/samd20/source/gcc/startup_samd20.o
                              0x42f1e (size before relaxing)
 .debug_str     0x000638be       0x6a src/Main.o
                              0x5d9ce (size before relaxing)

.debug_frame    0x00000000     0x140c
 .debug_frame   0x00000000      0x12c src/ASF/sam0/drivers/nvm/nvm.o
 .debug_frame   0x0000012c       0x50 src/WDT.o
 .debug_frame   0x0000017c       0x7c src/ASF/sam0/drivers/extint/extint_callback.o
 .debug_frame   0x000001f8       0xb8 src/ASF/sam0/drivers/extint/extint_sam_d_r_h/extint.o
 .debug_frame   0x000002b0      0x10c src/ASF/sam0/drivers/tc/tc_interrupt.o
 .debug_frame   0x000003bc       0xb4 src/ASF/sam0/drivers/tc/tc_sam_d_r_h/tc.o
 .debug_frame   0x00000470       0x3c src/ASF/sam0/drivers/wdt/wdt.o
 .debug_frame   0x000004ac       0x68 src/ASF/sam0/drivers/wdt/wdt_callback.o
 .debug_frame   0x00000514       0x54 src/Ext_INT.o
 .debug_frame   0x00000568       0x60 src/LCM.o
 .debug_frame   0x000005c8      0x15c src/Lora_Func.o
 .debug_frame   0x00000724      0x2a0 src/Print_Lora_Msg.o
 .debug_frame   0x000009c4       0x70 src/Timer.o
 .debug_frame   0x00000a34      0x108 src/UART.o
 .debug_frame   0x00000b3c       0x64 src/ASF/common2/services/delay/sam0/systick_counter.o
 .debug_frame   0x00000ba0       0x30 src/ASF/common/utils/interrupt/interrupt_sam_nvic.o
 .debug_frame   0x00000bd0       0x38 src/ASF/sam0/boards/samd20_xplained_pro/board_init.o
 .debug_frame   0x00000c08       0x44 src/ASF/sam0/drivers/port/port.o
 .debug_frame   0x00000c4c       0xbc src/ASF/sam0/drivers/sercom/sercom.o
 .debug_frame   0x00000d08       0xe8 src/ASF/sam0/drivers/sercom/sercom_interrupt.o
 .debug_frame   0x00000df0       0xac src/ASF/sam0/drivers/sercom/usart/usart.o
 .debug_frame   0x00000e9c      0x110 src/ASF/sam0/drivers/sercom/usart/usart_interrupt.o
 .debug_frame   0x00000fac      0x138 src/ASF/sam0/drivers/system/clock/clock_samd20/clock.o
 .debug_frame   0x000010e4      0x148 src/ASF/sam0/drivers/system/clock/clock_samd20/gclk.o
 .debug_frame   0x0000122c       0x74 src/ASF/sam0/drivers/system/pinmux/pinmux.o
 .debug_frame   0x000012a0       0x38 src/ASF/sam0/drivers/system/system.o
 .debug_frame   0x000012d8       0x38 src/ASF/sam0/utils/cmsis/samd20/source/gcc/startup_samd20.o
 .debug_frame   0x00001310       0x54 src/Main.o
 .debug_frame   0x00001364       0x20 c:/program files (x86)/atmel/studio/7.0/toolchain/arm/arm-gnu-toolchain/bin/../lib/gcc/arm-none-eabi/6.2.1/thumb/v6-m\libgcc.a(_udivsi3.o)
 .debug_frame   0x00001384       0x34 c:/program files (x86)/atmel/studio/7.0/toolchain/arm/arm-gnu-toolchain/bin/../lib/gcc/arm-none-eabi/6.2.1/thumb/v6-m\libgcc.a(_muldi3.o)
 .debug_frame   0x000013b8       0x2c c:/program files (x86)/atmel/studio/7.0/toolchain/arm/arm-gnu-toolchain/bin/../lib/gcc/arm-none-eabi/6.2.1/../../../../arm-none-eabi/lib/thumb/v6-m\libc_nano.a(lib_a-init.o)
 .debug_frame   0x000013e4       0x28 c:/program files (x86)/atmel/studio/7.0/toolchain/arm/arm-gnu-toolchain/bin/../lib/gcc/arm-none-eabi/6.2.1/../../../../arm-none-eabi/lib/thumb/v6-m\libc_nano.a(lib_a-memcpy-stub.o)

Cross Reference Table

Symbol                                            File
AC_Handler                                        src/ASF/sam0/utils/cmsis/samd20/source/gcc/startup_samd20.o
ADC_Handler                                       src/ASF/sam0/utils/cmsis/samd20/source/gcc/startup_samd20.o
Catch_Lora_RX_Count_Form_Module                   src/Lora_Func.o
DAC_Handler                                       src/ASF/sam0/utils/cmsis/samd20/source/gcc/startup_samd20.o
DIP_SW_Value                                      src/Main.o
                                                  src/UART.o
                                                  src/Timer.o
                                                  src/Print_Lora_Msg.o
                                                  src/Lora_Func.o
                                                  src/LCM.o
                                                  src/Ext_INT.o
                                                  src/ADC.o
                                                  src/WDT.o
Display_Rssi                                      src/Lora_Func.o
                                                  src/Main.o
Dummy_Handler                                     src/ASF/sam0/utils/cmsis/samd20/source/gcc/startup_samd20.o
EIC_Handler                                       src/ASF/sam0/drivers/extint/extint_callback.o
EVSYS_Handler                                     src/ASF/sam0/utils/cmsis/samd20/source/gcc/startup_samd20.o
HardFault_Handler                                 src/ASF/sam0/utils/cmsis/samd20/source/gcc/startup_samd20.o
LastStatus                                        src/Main.o
                                                  src/UART.o
                                                  src/Timer.o
                                                  src/Print_Lora_Msg.o
                                                  src/Lora_Func.o
                                                  src/LCM.o
                                                  src/Ext_INT.o
                                                  src/ADC.o
                                                  src/WDT.o
Last_DIP_SW_Value                                 src/Main.o
                                                  src/UART.o
                                                  src/Timer.o
                                                  src/Print_Lora_Msg.o
                                                  src/Lora_Func.o
                                                  src/LCM.o
                                                  src/Ext_INT.o
                                                  src/ADC.o
                                                  src/WDT.o
LoRa_IRQ_Flag                                     src/Main.o
                                                  src/UART.o
                                                  src/Timer.o
                                                  src/Print_Lora_Msg.o
                                                  src/Lora_Func.o
                                                  src/LCM.o
                                                  src/Ext_INT.o
                                                  src/ADC.o
                                                  src/WDT.o
LoRa_Rx_Flag                                      src/Main.o
                                                  src/UART.o
                                                  src/Timer.o
                                                  src/Print_Lora_Msg.o
                                                  src/Lora_Func.o
                                                  src/LCM.o
                                                  src/Ext_INT.o
                                                  src/ADC.o
                                                  src/WDT.o
LoRa_TxRx_Mode_Flag                               src/Main.o
                                                  src/UART.o
                                                  src/Timer.o
                                                  src/Print_Lora_Msg.o
                                                  src/Lora_Func.o
                                                  src/LCM.o
                                                  src/Ext_INT.o
                                                  src/ADC.o
                                                  src/WDT.o
Lora_CMD_Func                                     src/Lora_Func.o
                                                  src/Main.o
Lora_Delay_Count                                  src/Main.o
                                                  src/UART.o
                                                  src/Timer.o
                                                  src/Print_Lora_Msg.o
                                                  src/Lora_Func.o
                                                  src/LCM.o
                                                  src/Ext_INT.o
                                                  src/ADC.o
                                                  src/WDT.o
Lora_RX_Count_Form_Module                         src/Main.o
                                                  src/UART.o
                                                  src/Timer.o
                                                  src/Print_Lora_Msg.o
                                                  src/Lora_Func.o
                                                  src/LCM.o
                                                  src/Ext_INT.o
                                                  src/ADC.o
                                                  src/WDT.o
Lora_TimeOut_Count                                src/Main.o
                                                  src/UART.o
                                                  src/Timer.o
                                                  src/Print_Lora_Msg.o
                                                  src/Lora_Func.o
                                                  src/LCM.o
                                                  src/Ext_INT.o
                                                  src/ADC.o
                                                  src/WDT.o
MyBuffer                                          src/Main.o
                                                  src/UART.o
                                                  src/Timer.o
                                                  src/Print_Lora_Msg.o
                                                  src/Lora_Func.o
                                                  src/LCM.o
                                                  src/Ext_INT.o
                                                  src/ADC.o
                                                  src/WDT.o
MyBufferCount                                     src/Main.o
                                                  src/UART.o
                                                  src/Timer.o
                                                  src/Print_Lora_Msg.o
                                                  src/Lora_Func.o
                                                  src/LCM.o
                                                  src/Ext_INT.o
                                                  src/ADC.o
                                                  src/WDT.o
MyLoRaFW                                          src/Main.o
                                                  src/UART.o
                                                  src/Timer.o
                                                  src/Print_Lora_Msg.o
                                                  src/Lora_Func.o
                                                  src/LCM.o
                                                  src/Ext_INT.o
                                                  src/ADC.o
                                                  src/WDT.o
MyLoRaID                                          src/Main.o
                                                  src/UART.o
                                                  src/Timer.o
                                                  src/Print_Lora_Msg.o
                                                  src/Lora_Func.o
                                                  src/LCM.o
                                                  src/Ext_INT.o
                                                  src/ADC.o
                                                  src/WDT.o
MyLoRaTmp                                         src/Lora_Func.o
                                                  src/Main.o
                                                  src/UART.o
                                                  src/Timer.o
                                                  src/Print_Lora_Msg.o
                                                  src/LCM.o
                                                  src/Ext_INT.o
                                                  src/ADC.o
                                                  src/WDT.o
MyLoRaTmpCount                                    src/Lora_Func.o
                                                  src/Main.o
                                                  src/UART.o
                                                  src/Timer.o
                                                  src/Print_Lora_Msg.o
                                                  src/LCM.o
                                                  src/Ext_INT.o
                                                  src/ADC.o
                                                  src/WDT.o
MyXORFunc                                         src/Lora_Func.o
NMI_Handler                                       src/ASF/sam0/utils/cmsis/samd20/source/gcc/startup_samd20.o
NVMCTRL_Handler                                   src/ASF/sam0/utils/cmsis/samd20/source/gcc/startup_samd20.o
NextStatus                                        src/Main.o
                                                  src/UART.o
                                                  src/Timer.o
                                                  src/Print_Lora_Msg.o
                                                  src/Lora_Func.o
                                                  src/LCM.o
                                                  src/Ext_INT.o
                                                  src/ADC.o
                                                  src/WDT.o
NowStatus                                         src/Main.o
                                                  src/UART.o
                                                  src/Timer.o
                                                  src/Print_Lora_Msg.o
                                                  src/Lora_Func.o
                                                  src/LCM.o
                                                  src/Ext_INT.o
                                                  src/ADC.o
                                                  src/WDT.o
PM_Handler                                        src/ASF/sam0/utils/cmsis/samd20/source/gcc/startup_samd20.o
PTC_Handler                                       src/ASF/sam0/utils/cmsis/samd20/source/gcc/startup_samd20.o
PendSV_Handler                                    src/ASF/sam0/utils/cmsis/samd20/source/gcc/startup_samd20.o
Print_CRC_ERROR                                   src/Print_Lora_Msg.o
                                                  src/Lora_Func.o
Print_CRC_OK                                      src/Print_Lora_Msg.o
                                                  src/Lora_Func.o
Print_Catch_LoRa_ID_Msg                           src/Print_Lora_Msg.o
                                                  src/Main.o
                                                  src/Lora_Func.o
Print_Debug_Mode_OFF_Msg                          src/Print_Lora_Msg.o
                                                  src/Main.o
Print_Debug_Mode_ON_Msg                           src/Print_Lora_Msg.o
                                                  src/Main.o
Print_Delay_LoRa_CMD_Msg                          src/Print_Lora_Msg.o
                                                  src/Lora_Func.o
Print_Leave_LoRa_Tx_Mode_Msg                      src/Print_Lora_Msg.o
                                                  src/Lora_Func.o
Print_Line_Msg                                    src/Print_Lora_Msg.o
                                                  src/Main.o
Print_Lora_RX_Count_Form_Module_Msg               src/Print_Lora_Msg.o
                                                  src/Main.o
Print_NOP_Msg                                     src/Print_Lora_Msg.o
Print_RSSI_Msg                                    src/Print_Lora_Msg.o
                                                  src/Main.o
Print_Read_LoRa_ID_Msg                            src/Print_Lora_Msg.o
                                                  src/Lora_Func.o
Print_Read_LoRa_RxBuffer_Msg                      src/Print_Lora_Msg.o
                                                  src/Lora_Func.o
Print_Read_LoRa_RxCount_Msg                       src/Print_Lora_Msg.o
                                                  src/Lora_Func.o
Print_Read_LoRa_Setting_Msg                       src/Print_Lora_Msg.o
                                                  src/Lora_Func.o
Print_Reset_IRQ_Flag_Msg                          src/Print_Lora_Msg.o
                                                  src/Lora_Func.o
Print_Reset_LoRa_Msg                              src/Print_Lora_Msg.o
                                                  src/Lora_Func.o
Print_Start_Msg                                   src/Print_Lora_Msg.o
                                                  src/Main.o
Print_Time_Out_Msg                                src/Print_Lora_Msg.o
                                                  src/Lora_Func.o
Print_Wait_TX_Finish_Msg                          src/Print_Lora_Msg.o
                                                  src/Lora_Func.o
Print_Write_LoRa_Mode_FQ_Msg                      src/Print_Lora_Msg.o
                                                  src/Lora_Func.o
Print_Write_LoRa_Setting_Msg                      src/Print_Lora_Msg.o
                                                  src/Lora_Func.o
Print_Write_LoRa_TxBuffer_Msg                     src/Print_Lora_Msg.o
                                                  src/Lora_Func.o
RSSIValue                                         src/Main.o
                                                  src/UART.o
                                                  src/Timer.o
                                                  src/Print_Lora_Msg.o
                                                  src/Lora_Func.o
                                                  src/LCM.o
                                                  src/Ext_INT.o
                                                  src/ADC.o
                                                  src/WDT.o
RTC_Handler                                       src/ASF/sam0/utils/cmsis/samd20/source/gcc/startup_samd20.o
Read_LoRa_ID                                      src/Lora_Func.o
Read_LoRa_RxBuffer                                src/Lora_Func.o
Read_LoRa_RxCount                                 src/Lora_Func.o
Read_LoRa_Setting                                 src/Lora_Func.o
Reset_Handler                                     src/ASF/sam0/utils/cmsis/samd20/source/gcc/startup_samd20.o
Reset_LoRa                                        src/Lora_Func.o
SERCOM0_Handler                                   src/ASF/sam0/drivers/sercom/sercom_interrupt.o
SERCOM1_Handler                                   src/ASF/sam0/drivers/sercom/sercom_interrupt.o
SERCOM2_Handler                                   src/ASF/sam0/drivers/sercom/sercom_interrupt.o
SERCOM3_Handler                                   src/ASF/sam0/drivers/sercom/sercom_interrupt.o
SERCOM4_Handler                                   src/ASF/sam0/drivers/sercom/sercom_interrupt.o
SERCOM5_Handler                                   src/ASF/sam0/drivers/sercom/sercom_interrupt.o
SVC_Handler                                       src/ASF/sam0/utils/cmsis/samd20/source/gcc/startup_samd20.o
SYSCTRL_Handler                                   src/ASF/sam0/utils/cmsis/samd20/source/gcc/startup_samd20.o
Sensor_Data                                       src/Main.o
SysTick_Handler                                   src/ASF/sam0/utils/cmsis/samd20/source/gcc/startup_samd20.o
SystemCoreClock                                   src/ASF/sam0/utils/cmsis/samd20/source/system_samd20.o
SystemCoreClockUpdate                             src/ASF/sam0/utils/cmsis/samd20/source/system_samd20.o
SystemInit                                        src/ASF/sam0/utils/cmsis/samd20/source/system_samd20.o
TACT_SW_Value                                     src/Main.o
                                                  src/UART.o
                                                  src/Timer.o
                                                  src/Print_Lora_Msg.o
                                                  src/Lora_Func.o
                                                  src/LCM.o
                                                  src/Ext_INT.o
                                                  src/ADC.o
                                                  src/WDT.o
TC0_Handler                                       src/ASF/sam0/drivers/tc/tc_interrupt.o
TC1_Handler                                       src/ASF/sam0/drivers/tc/tc_interrupt.o
TC2_Handler                                       src/ASF/sam0/drivers/tc/tc_interrupt.o
TC3_Handler                                       src/ASF/sam0/drivers/tc/tc_interrupt.o
TC4_Handler                                       src/ASF/sam0/drivers/tc/tc_interrupt.o
TC5_Handler                                       src/ASF/sam0/drivers/tc/tc_interrupt.o
TC6_Handler                                       src/ASF/sam0/drivers/tc/tc_interrupt.o
TC7_Handler                                       src/ASF/sam0/drivers/tc/tc_interrupt.o
TEST_CHAR                                         src/Main.o
                                                  src/UART.o
                                                  src/Timer.o
                                                  src/Print_Lora_Msg.o
                                                  src/Lora_Func.o
                                                  src/LCM.o
                                                  src/Ext_INT.o
                                                  src/ADC.o
                                                  src/WDT.o
UartToLora                                        src/Lora_Func.o
Uart_Form_SX1272_callback                         src/UART.o
UserKeyInBuf                                      src/Main.o
                                                  src/UART.o
                                                  src/Timer.o
                                                  src/Print_Lora_Msg.o
                                                  src/Lora_Func.o
                                                  src/LCM.o
                                                  src/Ext_INT.o
                                                  src/ADC.o
                                                  src/WDT.o
UserKeyInBufCount                                 src/Main.o
                                                  src/UART.o
                                                  src/Timer.o
                                                  src/Print_Lora_Msg.o
                                                  src/Lora_Func.o
                                                  src/LCM.o
                                                  src/Ext_INT.o
                                                  src/ADC.o
                                                  src/WDT.o
UserKeyInStauts                                   src/Main.o
                                                  src/UART.o
                                                  src/Timer.o
                                                  src/Print_Lora_Msg.o
                                                  src/Lora_Func.o
                                                  src/LCM.o
                                                  src/Ext_INT.o
                                                  src/ADC.o