Archive member included to satisfy reference by file (symbol)

c:/program files (x86)/atmel/studio/7.0/toolchain/arm/arm-gnu-toolchain/bin/../lib/gcc/arm-none-eabi/6.2.1/thumb/v6-m\libgcc.a(_udivsi3.o)
                              src/UART.o (__aeabi_uidiv)
c:/program files (x86)/atmel/studio/7.0/toolchain/arm/arm-gnu-toolchain/bin/../lib/gcc/arm-none-eabi/6.2.1/thumb/v6-m\libgcc.a(_dvmd_tls.o)
                              c:/program files (x86)/atmel/studio/7.0/toolchain/arm/arm-gnu-toolchain/bin/../lib/gcc/arm-none-eabi/6.2.1/thumb/v6-m\libgcc.a(_udivsi3.o) (__aeabi_idiv0)
c:/program files (x86)/atmel/studio/7.0/toolchain/arm/arm-gnu-toolchain/bin/../lib/gcc/arm-none-eabi/6.2.1/thumb/v6-m\libgcc.a(_muldi3.o)
                              src/ASF/sam0/drivers/sercom/sercom.o (__aeabi_lmul)
c:/program files (x86)/atmel/studio/7.0/toolchain/arm/arm-gnu-toolchain/bin/../lib/gcc/arm-none-eabi/6.2.1/../../../../arm-none-eabi/lib/thumb/v6-m\libc_nano.a(lib_a-exit.o)
                              c:/program files (x86)/atmel/studio/7.0/toolchain/arm/arm-gnu-toolchain/bin/../lib/gcc/arm-none-eabi/6.2.1/../../../../arm-none-eabi/lib/thumb/v6-m/crt0.o (exit)
c:/program files (x86)/atmel/studio/7.0/toolchain/arm/arm-gnu-toolchain/bin/../lib/gcc/arm-none-eabi/6.2.1/../../../../arm-none-eabi/lib/thumb/v6-m\libc_nano.a(lib_a-impure.o)
                              c:/program files (x86)/atmel/studio/7.0/toolchain/arm/arm-gnu-toolchain/bin/../lib/gcc/arm-none-eabi/6.2.1/../../../../arm-none-eabi/lib/thumb/v6-m\libc_nano.a(lib_a-exit.o) (_global_impure_ptr)
c:/program files (x86)/atmel/studio/7.0/toolchain/arm/arm-gnu-toolchain/bin/../lib/gcc/arm-none-eabi/6.2.1/../../../../arm-none-eabi/lib/thumb/v6-m\libc_nano.a(lib_a-init.o)
                              c:/program files (x86)/atmel/studio/7.0/toolchain/arm/arm-gnu-toolchain/bin/../lib/gcc/arm-none-eabi/6.2.1/../../../../arm-none-eabi/lib/thumb/v6-m/crt0.o (__libc_init_array)
c:/program files (x86)/atmel/studio/7.0/toolchain/arm/arm-gnu-toolchain/bin/../lib/gcc/arm-none-eabi/6.2.1/../../../../arm-none-eabi/lib/thumb/v6-m\libc_nano.a(lib_a-memcpy-stub.o)
                              src/ASF/sam0/drivers/adc/adc_sam_d_r_h/adc.o (memcpy)
c:/program files (x86)/atmel/studio/7.0/toolchain/arm/arm-gnu-toolchain/bin/../lib/gcc/arm-none-eabi/6.2.1/../../../../arm-none-eabi/lib/thumb/v6-m\libc_nano.a(lib_a-memset.o)
                              c:/program files (x86)/atmel/studio/7.0/toolchain/arm/arm-gnu-toolchain/bin/../lib/gcc/arm-none-eabi/6.2.1/../../../../arm-none-eabi/lib/thumb/v6-m/crt0.o (memset)

Allocating common symbols
Common symbol       size              file

NowStatus           0x1               src/ADC.o
usart_instance2     0x24              src/ADC.o
tc_instance2        0x1c              src/ADC.o
LoRa_Rx_Flag        0x1               src/ADC.o
usart_instance1     0x24              src/ADC.o
TEST_CHAR           0x1               src/ADC.o
MyLoRaID            0x4               src/ADC.o
RSSIValue           0x4               src/Main.o
MyBufferCount       0x1               src/ADC.o
LastStatus          0x1               src/ADC.o
flag                0x1               src/ADC.o
Rola_Delay_Count    0x4               src/ADC.o
rx_buffer           0x1               src/ADC.o
_tc_instances       0x20              src/ASF/sam0/drivers/tc/tc_interrupt.o
_sercom_instances   0x18              src/ASF/sam0/drivers/sercom/sercom_interrupt.o
NextStatus          0x1               src/ADC.o
_extint_dev         0x40              src/ASF/sam0/drivers/extint/extint_sam_d_r_h/extint.o
adc_result_buffer   0x100             src/ADC.o
tc_instance1        0x1c              src/ADC.o
MyLoRaFW            0x1               src/ADC.o
LoRa_TxRx_Mode_Flag
                    0x1               src/ADC.o
_current_channel    0x1               src/ASF/sam0/drivers/extint/extint_callback.o
MyBuffer            0x1e              src/ADC.o
f_count             0x4               src/ADC.o
usart_instance3     0x24              src/ADC.o
LoRa_IRQ_Flag       0x1               src/ADC.o
UserRxCountMax      0x1               src/ADC.o
usart_instance4     0x24              src/ADC.o
adc_instance        0x8               src/ADC.o

Discarded input sections

 .text          0x00000000        0x0 c:/program files (x86)/atmel/studio/7.0/toolchain/arm/arm-gnu-toolchain/bin/../lib/gcc/arm-none-eabi/6.2.1/thumb/v6-m/crti.o
 .data          0x00000000        0x0 c:/program files (x86)/atmel/studio/7.0/toolchain/arm/arm-gnu-toolchain/bin/../lib/gcc/arm-none-eabi/6.2.1/thumb/v6-m/crti.o
 .bss           0x00000000        0x0 c:/program files (x86)/atmel/studio/7.0/toolchain/arm/arm-gnu-toolchain/bin/../lib/gcc/arm-none-eabi/6.2.1/thumb/v6-m/crti.o
 .data          0x00000000        0x4 c:/program files (x86)/atmel/studio/7.0/toolchain/arm/arm-gnu-toolchain/bin/../lib/gcc/arm-none-eabi/6.2.1/thumb/v6-m/crtbegin.o
[...]
Memory Configuration

Name             Origin             Length             Attributes
rom              0x00000000         0x00040000         xr
ram              0x20000000         0x00008000         xrw
*default*        0x00000000         0xffffffff

Linker script and memory map

LOAD c:/program files (x86)/atmel/studio/7.0/toolchain/arm/arm-gnu-toolchain/bin/../lib/gcc/arm-none-eabi/6.2.1/thumb/v6-m/crti.o
LOAD c:/program files (x86)/atmel/studio/7.0/toolchain/arm/arm-gnu-toolchain/bin/../lib/gcc/arm-none-eabi/6.2.1/thumb/v6-m/crtbegin.o
LOAD c:/program files (x86)/atmel/studio/7.0/toolchain/arm/arm-gnu-toolchain/bin/../lib/gcc/arm-none-eabi/6.2.1/../../../../arm-none-eabi/lib/thumb/v6-m/crt0.o
LOAD src/ADC.o
LOAD src/ASF/sam0/drivers/adc/adc_sam_d_r_h/adc.o
LOAD src/ASF/sam0/drivers/extint/extint_callback.o
LOAD src/ASF/sam0/drivers/extint/extint_sam_d_r_h/extint.o
LOAD src/ASF/sam0/drivers/tc/tc_interrupt.o
LOAD src/ASF/sam0/drivers/tc/tc_sam_d_r_h/tc.o
LOAD src/Ext_INT.o
LOAD src/Lora_Func.o
LOAD src/Timer.o
LOAD src/UART.o
LOAD src/ASF/common2/services/delay/sam0/systick_counter.o
LOAD src/ASF/common/utils/interrupt/interrupt_sam_nvic.o
LOAD src/ASF/sam0/boards/samd20_xplained_pro/board_init.o
LOAD src/ASF/sam0/drivers/port/port.o
LOAD src/ASF/sam0/drivers/sercom/sercom.o
LOAD src/ASF/sam0/drivers/sercom/sercom_interrupt.o
LOAD src/ASF/sam0/drivers/sercom/usart/usart.o
LOAD src/ASF/sam0/drivers/sercom/usart/usart_interrupt.o
LOAD src/ASF/sam0/drivers/system/clock/clock_samd20/clock.o
LOAD src/ASF/sam0/drivers/system/clock/clock_samd20/gclk.o
LOAD src/ASF/sam0/drivers/system/interrupt/system_interrupt.o
LOAD src/ASF/sam0/drivers/system/pinmux/pinmux.o
LOAD src/ASF/sam0/drivers/system/system.o
LOAD src/ASF/sam0/utils/cmsis/samd20/source/gcc/startup_samd20.o
LOAD src/ASF/sam0/utils/cmsis/samd20/source/system_samd20.o
LOAD src/ASF/sam0/utils/syscalls/gcc/syscalls.o
LOAD src/Main.o
START GROUP
LOAD ../src/ASF/thirdparty/CMSIS/Lib/GCC\libarm_cortexM0l_math.a
LOAD c:/program files (x86)/atmel/studio/7.0/toolchain/arm/arm-gnu-toolchain/bin/../lib/gcc/arm-none-eabi/6.2.1/../../../../arm-none-eabi/lib/thumb/v6-m\libm.a
END GROUP
START GROUP
LOAD c:/program files (x86)/atmel/studio/7.0/toolchain/arm/arm-gnu-toolchain/bin/../lib/gcc/arm-none-eabi/6.2.1/thumb/v6-m\libgcc.a
LOAD c:/program files (x86)/atmel/studio/7.0/toolchain/arm/arm-gnu-toolchain/bin/../lib/gcc/arm-none-eabi/6.2.1/../../../../arm-none-eabi/lib/thumb/v6-m\libc_nano.a
END GROUP
START GROUP
LOAD c:/program files (x86)/atmel/studio/7.0/toolchain/arm/arm-gnu-toolchain/bin/../lib/gcc/arm-none-eabi/6.2.1/thumb/v6-m\libgcc.a
LOAD c:/program files (x86)/atmel/studio/7.0/toolchain/arm/arm-gnu-toolchain/bin/../lib/gcc/arm-none-eabi/6.2.1/../../../../arm-none-eabi/lib/thumb/v6-m\libc_nano.a
END GROUP
LOAD c:/program files (x86)/atmel/studio/7.0/toolchain/arm/arm-gnu-toolchain/bin/../lib/gcc/arm-none-eabi/6.2.1/thumb/v6-m/crtend.o
LOAD c:/program files (x86)/atmel/studio/7.0/toolchain/arm/arm-gnu-toolchain/bin/../lib/gcc/arm-none-eabi/6.2.1/thumb/v6-m/crtn.o
                0x00002000                STACK_SIZE = DEFINED (STACK_SIZE)?STACK_SIZE:DEFINED (__stack_size__)?__stack_size__:0x2000

.text           0x00000000     0x2cac
                0x00000000                . = ALIGN (0x4)
                0x00000000                _sfixed = .
 *(.vectors .vectors.*)
 .vectors       0x00000000       0xa4 src/ASF/sam0/utils/cmsis/samd20/source/gcc/startup_samd20.o
                0x00000000                exception_table
 *(.text .text.* .gnu.linkonce.t.*)
 .text          0x000000a4       0x60 c:/program files (x86)/atmel/studio/7.0/toolchain/arm/arm-gnu-toolchain/bin/../lib/gcc/arm-none-eabi/6.2.1/thumb/v6-m/crtbegin.o
 .text.extint_register_callback
                0x00000104       0x2c src/ASF/sam0/drivers/extint/extint_callback.o
                0x00000104                extint_register_callback
 .text.extint_chan_enable_callback
                0x00000130       0x20 src/ASF/sam0/drivers/extint/extint_callback.o
                0x00000130                extint_chan_enable_callback
 .text.EIC_Handler
                0x00000150       0x54 src/ASF/sam0/drivers/extint/extint_callback.o
                0x00000150                EIC_Handler
 .text._extint_enable
                0x000001a4       0x18 src/ASF/sam0/drivers/extint/extint_sam_d_r_h/extint.o
 .text._system_extint_init
                0x000001bc       0x6c src/ASF/sam0/drivers/extint/extint_sam_d_r_h/extint.o
                0x000001bc                _system_extint_init
 .text.extint_chan_get_config_defaults
                0x00000228       0x14 src/ASF/sam0/drivers/extint/extint_sam_d_r_h/extint.o
                0x00000228                extint_chan_get_config_defaults
 .text.extint_chan_set_config
                0x0000023c       0x78 src/ASF/sam0/drivers/extint/extint_sam_d_r_h/extint.o
                0x0000023c                extint_chan_set_config
 .text.tc_register_callback
                0x000002b4       0x32 src/ASF/sam0/drivers/tc/tc_interrupt.o
                0x000002b4                tc_register_callback
 *fill*         0x000002e6        0x2 
 .text._tc_interrupt_handler
                0x000002e8       0x64 src/ASF/sam0/drivers/tc/tc_interrupt.o
                0x000002e8                _tc_interrupt_handler
 .text.TC0_Handler
                0x0000034c       0x10 src/ASF/sam0/drivers/tc/tc_interrupt.o
                0x0000034c                TC0_Handler
 .text.TC1_Handler
                0x0000035c       0x10 src/ASF/sam0/drivers/tc/tc_interrupt.o
                0x0000035c                TC1_Handler
 .text.TC2_Handler
                0x0000036c       0x10 src/ASF/sam0/drivers/tc/tc_interrupt.o
                0x0000036c                TC2_Handler
 .text.TC3_Handler
                0x0000037c       0x10 src/ASF/sam0/drivers/tc/tc_interrupt.o
                0x0000037c                TC3_Handler
 .text.TC4_Handler
                0x0000038c       0x10 src/ASF/sam0/drivers/tc/tc_interrupt.o
                0x0000038c                TC4_Handler
 .text.TC5_Handler
                0x0000039c       0x10 src/ASF/sam0/drivers/tc/tc_interrupt.o
                0x0000039c                TC5_Handler
 .text.TC6_Handler
                0x000003ac       0x10 src/ASF/sam0/drivers/tc/tc_interrupt.o
                0x000003ac                TC6_Handler
 .text.TC7_Handler
                0x000003bc       0x10 src/ASF/sam0/drivers/tc/tc_interrupt.o
                0x000003bc                TC7_Handler
 .text._tc_get_inst_index
                0x000003cc       0x3c src/ASF/sam0/drivers/tc/tc_sam_d_r_h/tc.o
                0x000003cc                _tc_get_inst_index
 .text.tc_init  0x00000408      0x24c src/ASF/sam0/drivers/tc/tc_sam_d_r_h/tc.o
                0x00000408                tc_init
 .text.extint_detection_callback
                0x00000654       0x14 src/Ext_INT.o
                0x00000654                extint_detection_callback
 .text.configure_extint_channel
                0x00000668       0x30 src/Ext_INT.o
                0x00000668                configure_extint_channel
 .text.configure_extint_callbacks
                0x00000698       0x24 src/Ext_INT.o
                0x00000698                configure_extint_callbacks
 .text.Display_Rola_Debug_Msg
                0x000006bc      0x2a0 src/Lora_Func.o
                0x000006bc                Display_Rola_Debug_Msg
 .text.UartToLora
                0x0000095c       0xa4 src/Lora_Func.o
                0x0000095c                UartToLora
 .text.Write_LoRa_TxBuffer
                0x00000a00       0x2c src/Lora_Func.o
                0x00000a00                Write_LoRa_TxBuffer
 .text.Read_LoRa_RxBuffer
                0x00000a2c       0x2c src/Lora_Func.o
                0x00000a2c                Read_LoRa_RxBuffer
 .text.Read_LoRa_RxCount
                0x00000a58       0x2c src/Lora_Func.o
                0x00000a58                Read_LoRa_RxCount
 .text.Write_LoRa_Mode_FQ
                0x00000a84       0x38 src/Lora_Func.o
                0x00000a84                Write_LoRa_Mode_FQ
 .text.Write_LoRa_Setting
                0x00000abc       0x2c src/Lora_Func.o
                0x00000abc                Write_LoRa_Setting
 .text.Read_LoRa_Setting
                0x00000ae8       0x2c src/Lora_Func.o
                0x00000ae8                Read_LoRa_Setting
 .text.Read_LoRa_ID
                0x00000b14       0x2c src/Lora_Func.o
                0x00000b14                Read_LoRa_ID
 .text.Reset_LoRa
                0x00000b40       0x2c src/Lora_Func.o
                0x00000b40                Reset_LoRa
 .text.Lora_CMD_Func
                0x00000b6c      0x3cc src/Lora_Func.o
                0x00000b6c                Lora_CMD_Func
 .text.tc_callback_to_to_period_100us
                0x00000f38       0x1c src/Timer.o
                0x00000f38                tc_callback_to_to_period_100us
 .text.configure_tc
                0x00000f54       0x94 src/Timer.o
                0x00000f54                configure_tc
 .text.configure_tc_callbacks
                0x00000fe8       0x4c src/Timer.o
                0x00000fe8                configure_tc_callbacks
 .text.timer_configure
                0x00001034       0x14 src/Timer.o
                0x00001034                timer_configure
 .text.Uart_Form_SX1272_callback
                0x00001048       0x2c src/UART.o
                0x00001048                Uart_Form_SX1272_callback
 .text.configure_usart
                0x00001074      0x164 src/UART.o
                0x00001074                configure_usart
 .text.configure_usart_callbacks
                0x000011d8       0x28 src/UART.o
                0x000011d8                configure_usart_callbacks
 .text.uTXByte  0x00001200       0x10 src/UART.o
                0x00001200                uTXByte
 .text.hex_to_ascii
                0x00001210       0x10 src/UART.o
                0x00001210                hex_to_ascii
 .text.uart_send_ascii_byte
                0x00001220       0x2c src/UART.o
                0x00001220                uart_send_ascii_byte
 .text.hex_to_bcd
                0x0000124c       0x70 src/UART.o
                0x0000124c                hex_to_bcd
 .text.delay_init
                0x000012bc       0x40 src/ASF/common2/services/delay/sam0/systick_counter.o
                0x000012bc                delay_init
 .text.delay_cycles_us
                0x000012fc       0x2c src/ASF/common2/services/delay/sam0/systick_counter.o
                0x000012fc                delay_cycles_us
 .text.delay_cycles_ms
                0x00001328       0x2c src/ASF/common2/services/delay/sam0/systick_counter.o
                0x00001328                delay_cycles_ms
 .text.cpu_irq_enter_critical
                0x00001354       0x40 src/ASF/common/utils/interrupt/interrupt_sam_nvic.o
                0x00001354                cpu_irq_enter_critical
 .text.cpu_irq_leave_critical
                0x00001394       0x30 src/ASF/common/utils/interrupt/interrupt_sam_nvic.o
                0x00001394                cpu_irq_leave_critical
 .text.system_board_init
                0x000013c4       0x9c src/ASF/sam0/boards/samd20_xplained_pro/board_init.o
                0x000013c4                board_init
                0x000013c4                system_board_init
 .text.port_pin_set_config
                0x00001460       0x24 src/ASF/sam0/drivers/port/port.o
                0x00001460                port_pin_set_config
 .text.long_division
                0x00001484       0xba src/ASF/sam0/drivers/sercom/sercom.o
 .text._sercom_get_sync_baud_val
                0x0000153e       0x28 src/ASF/sam0/drivers/sercom/sercom.o
                0x0000153e                _sercom_get_sync_baud_val
 *fill*         0x00001566        0x2 
 .text._sercom_get_async_baud_val
                0x00001568       0x94 src/ASF/sam0/drivers/sercom/sercom.o
                0x00001568                _sercom_get_async_baud_val
 .text.sercom_set_gclk_generator
                0x000015fc       0x4c src/ASF/sam0/drivers/sercom/sercom.o
                0x000015fc                sercom_set_gclk_generator
 .text._sercom_get_default_pad
                0x00001648      0x178 src/ASF/sam0/drivers/sercom/sercom.o
                0x00001648                _sercom_get_default_pad
 .text._sercom_get_sercom_inst_index
                0x000017c0       0x38 src/ASF/sam0/drivers/sercom/sercom.o
                0x000017c0                _sercom_get_sercom_inst_index
 .text._sercom_default_handler
                0x000017f8        0x2 src/ASF/sam0/drivers/sercom/sercom_interrupt.o
 *fill*         0x000017fa        0x2 
 .text._sercom_set_handler
                0x000017fc       0x3c src/ASF/sam0/drivers/sercom/sercom_interrupt.o
                0x000017fc                _sercom_set_handler
 .text._sercom_get_interrupt_vector
                0x00001838       0x30 src/ASF/sam0/drivers/sercom/sercom_interrupt.o
                0x00001838                _sercom_get_interrupt_vector
 .text.SERCOM0_Handler
                0x00001868       0x10 src/ASF/sam0/drivers/sercom/sercom_interrupt.o
                0x00001868                SERCOM0_Handler
 .text.SERCOM1_Handler
                0x00001878       0x10 src/ASF/sam0/drivers/sercom/sercom_interrupt.o
                0x00001878                SERCOM1_Handler
 .text.SERCOM2_Handler
                0x00001888       0x10 src/ASF/sam0/drivers/sercom/sercom_interrupt.o
                0x00001888                SERCOM2_Handler
 .text.SERCOM3_Handler
                0x00001898       0x10 src/ASF/sam0/drivers/sercom/sercom_interrupt.o
                0x00001898                SERCOM3_Handler
 .text.SERCOM4_Handler
                0x000018a8       0x10 src/ASF/sam0/drivers/sercom/sercom_interrupt.o
                0x000018a8                SERCOM4_Handler
 .text.SERCOM5_Handler
                0x000018b8       0x10 src/ASF/sam0/drivers/sercom/sercom_interrupt.o
                0x000018b8                SERCOM5_Handler
 .text.usart_init
                0x000018c8      0x254 src/ASF/sam0/drivers/sercom/usart/usart.o
                0x000018c8                usart_init
 .text.usart_write_wait
                0x00001b1c       0x2e src/ASF/sam0/drivers/sercom/usart/usart.o
                0x00001b1c                usart_write_wait
 *fill*         0x00001b4a        0x2 
 .text.usart_write_buffer_wait
                0x00001b4c       0xc4 src/ASF/sam0/drivers/sercom/usart/usart.o
                0x00001b4c                usart_write_buffer_wait
 .text._usart_read_buffer
                0x00001c10       0x3c src/ASF/sam0/drivers/sercom/usart/usart_interrupt.o
                0x00001c10                _usart_read_buffer
 .text.usart_register_callback
                0x00001c4c       0x16 src/ASF/sam0/drivers/sercom/usart/usart_interrupt.o
                0x00001c4c                usart_register_callback
 *fill*         0x00001c62        0x2 
 .text.usart_read_buffer_job
                0x00001c64       0x20 src/ASF/sam0/drivers/sercom/usart/usart_interrupt.o
                0x00001c64                usart_read_buffer_job
 .text._usart_interrupt_handler
                0x00001c84      0x124 src/ASF/sam0/drivers/sercom/usart/usart_interrupt.o
                0x00001c84                _usart_interrupt_handler
 .text.system_clock_source_get_hz
                0x00001da8       0x7c src/ASF/sam0/drivers/system/clock/clock_samd20/clock.o
                0x00001da8                system_clock_source_get_hz
 .text.system_clock_source_osc8m_set_config
                0x00001e24       0x3c src/ASF/sam0/drivers/system/clock/clock_samd20/clock.o
                0x00001e24                system_clock_source_osc8m_set_config
 .text.system_clock_source_enable
                0x00001e60       0x90 src/ASF/sam0/drivers/system/clock/clock_samd20/clock.o
                0x00001e60                system_clock_source_enable
 .text.system_clock_init
                0x00001ef0       0xb8 src/ASF/sam0/drivers/system/clock/clock_samd20/clock.o
                0x00001ef0                system_clock_init
 .text.system_gclk_init
                0x00001fa8       0x24 src/ASF/sam0/drivers/system/clock/clock_samd20/gclk.o
                0x00001fa8                system_gclk_init
 .text.system_gclk_gen_set_config
                0x00001fcc       0xb8 src/ASF/sam0/drivers/system/clock/clock_samd20/gclk.o
                0x00001fcc                system_gclk_gen_set_config
 .text.system_gclk_gen_enable
                0x00002084       0x44 src/ASF/sam0/drivers/system/clock/clock_samd20/gclk.o
                0x00002084                system_gclk_gen_enable
 .text.system_gclk_gen_get_hz
                0x000020c8       0x8c src/ASF/sam0/drivers/system/clock/clock_samd20/gclk.o
                0x000020c8                system_gclk_gen_get_hz
 .text.system_gclk_chan_enable
                0x00002154       0x30 src/ASF/sam0/drivers/system/clock/clock_samd20/gclk.o
                0x00002154                system_gclk_chan_enable
 .text.system_gclk_chan_disable
                0x00002184       0x5c src/ASF/sam0/drivers/system/clock/clock_samd20/gclk.o
                0x00002184                system_gclk_chan_disable
 .text.system_gclk_chan_set_config
                0x000021e0       0x1c src/ASF/sam0/drivers/system/clock/clock_samd20/gclk.o
                0x000021e0                system_gclk_chan_set_config
 .text.system_gclk_chan_get_hz
                0x000021fc       0x34 src/ASF/sam0/drivers/system/clock/clock_samd20/gclk.o
                0x000021fc                system_gclk_chan_get_hz
 .text._system_pinmux_config
                0x00002230       0xa8 src/ASF/sam0/drivers/system/pinmux/pinmux.o
 .text.system_pinmux_pin_set_config
                0x000022d8       0x30 src/ASF/sam0/drivers/system/pinmux/pinmux.o
                0x000022d8                system_pinmux_pin_set_config
 .text._system_dummy_init
                0x00002308        0x2 src/ASF/sam0/drivers/system/system.o
                0x00002308                _system_events_init
                0x00002308                _system_dummy_init
                0x00002308                _system_divas_init
 *fill*         0x0000230a        0x2 
 .text.system_init
                0x0000230c       0x2c src/ASF/sam0/drivers/system/system.o
                0x0000230c                system_init
 .text.Dummy_Handler
                0x00002338        0x2 src/ASF/sam0/utils/cmsis/samd20/source/gcc/startup_samd20.o
                0x00002338                HardFault_Handler
                0x00002338                AC_Handler
                0x00002338                SysTick_Handler
                0x00002338                PendSV_Handler
                0x00002338                NMI_Handler
                0x00002338                ADC_Handler
                0x00002338                RTC_Handler
                0x00002338                WDT_Handler
                0x00002338                Dummy_Handler
                0x00002338                PM_Handler
                0x00002338                SVC_Handler
                0x00002338                EVSYS_Handler
                0x00002338                NVMCTRL_Handler
                0x00002338                DAC_Handler
                0x00002338                PTC_Handler
                0x00002338                SYSCTRL_Handler
 *fill*         0x0000233a        0x2 
 .text.Reset_Handler
                0x0000233c       0x98 src/ASF/sam0/utils/cmsis/samd20/source/gcc/startup_samd20.o
                0x0000233c                Reset_Handler
 .text.lcd_4bit
                0x000023d4       0x7c src/Main.o
                0x000023d4                lcd_4bit
 .text.lcd_command
                0x00002450       0x1c src/Main.o
                0x00002450                lcd_command
 .text.lcd_init
                0x0000246c       0x40 src/Main.o
                0x0000246c                lcd_init
 .text.Display_Rssi
                0x000024ac       0x74 src/Main.o
                0x000024ac                Display_Rssi
 .text.main     0x00002520      0x1b4 src/Main.o
                0x00002520                main
 .text          0x000026d4      0x114 c:/program files (x86)/atmel/studio/7.0/toolchain/arm/arm-gnu-toolchain/bin/../lib/gcc/arm-none-eabi/6.2.1/thumb/v6-m\libgcc.a(_udivsi3.o)
                0x000026d4                __aeabi_uidiv
                0x000026d4                __udivsi3
                0x000027e0                __aeabi_uidivmod
 .text          0x000027e8        0x4 c:/program files (x86)/atmel/studio/7.0/toolchain/arm/arm-gnu-toolchain/bin/../lib/gcc/arm-none-eabi/6.2.1/thumb/v6-m\libgcc.a(_dvmd_tls.o)
                0x000027e8                __aeabi_idiv0
                0x000027e8                __aeabi_ldiv0
 .text          0x000027ec       0x54 c:/program files (x86)/atmel/studio/7.0/toolchain/arm/arm-gnu-toolchain/bin/../lib/gcc/arm-none-eabi/6.2.1/thumb/v6-m\libgcc.a(_muldi3.o)
                0x000027ec                __muldi3
                0x000027ec                __aeabi_lmul
 .text.__libc_init_array
                0x00002840       0x48 c:/program files (x86)/atmel/studio/7.0/toolchain/arm/arm-gnu-toolchain/bin/../lib/gcc/arm-none-eabi/6.2.1/../../../../arm-none-eabi/lib/thumb/v6-m\libc_nano.a(lib_a-init.o)
                0x00002840                __libc_init_array
 .text.memcpy   0x00002888       0x12 c:/program files (x86)/atmel/studio/7.0/toolchain/arm/arm-gnu-toolchain/bin/../lib/gcc/arm-none-eabi/6.2.1/../../../../arm-none-eabi/lib/thumb/v6-m\libc_nano.a(lib_a-memcpy-stub.o)
                0x00002888                memcpy
 *(.glue_7t)
 .glue_7t       0x0000289a        0x0 linker stubs
 *(.glue_7)
 .glue_7        0x0000289a        0x0 linker stubs
 *(.rodata .rodata* .gnu.linkonce.r.*)
 *fill*         0x0000289a        0x2 
 .rodata        0x0000289c       0x30 src/ASF/sam0/drivers/tc/tc_sam_d_r_h/tc.o
 .rodata.Display_Rola_Debug_Msg
                0x000028cc      0x1a8 src/Lora_Func.o
 .rodata.Lora_CMD_Func
                0x00002a74      0x1a8 src/Lora_Func.o
 .rodata.tc_interrupt_vectors.10500
                0x00002c1c        0x8 src/Timer.o
 .rodata        0x00002c24       0x18 src/ASF/sam0/drivers/sercom/sercom.o
 .rodata.system_clock_source_get_hz
                0x00002c3c       0x20 src/ASF/sam0/drivers/system/clock/clock_samd20/clock.o
 .rodata.system_clock_source_enable
                0x00002c5c       0x20 src/ASF/sam0/drivers/system/clock/clock_samd20/clock.o
 .rodata.main.str1.4
                0x00002c7c       0x10 src/Main.o
                                  0xe (size before relaxing)
 *(.ARM.extab* .gnu.linkonce.armextab.*)
                0x00002c8c                . = ALIGN (0x4)
 *(.init)
 .init          0x00002c8c        0x4 c:/program files (x86)/atmel/studio/7.0/toolchain/arm/arm-gnu-toolchain/bin/../lib/gcc/arm-none-eabi/6.2.1/thumb/v6-m/crti.o
                0x00002c8c                _init
 .init          0x00002c90        0x8 c:/program files (x86)/atmel/studio/7.0/toolchain/arm/arm-gnu-toolchain/bin/../lib/gcc/arm-none-eabi/6.2.1/thumb/v6-m/crtn.o
                0x00002c98                . = ALIGN (0x4)
                0x00002c98                __preinit_array_start = .
 *(.preinit_array)
                0x00002c98                __preinit_array_end = .
                0x00002c98                . = ALIGN (0x4)
                0x00002c98                __init_array_start = .
 *(SORT(.init_array.*))
 *(.init_array)
 .init_array    0x00002c98        0x4 c:/program files (x86)/atmel/studio/7.0/toolchain/arm/arm-gnu-toolchain/bin/../lib/gcc/arm-none-eabi/6.2.1/thumb/v6-m/crtbegin.o
                0x00002c9c                __init_array_end = .
                0x00002c9c                . = ALIGN (0x4)
 *crtbegin.o(.ctors)
 *(EXCLUDE_FILE(*crtend.o) .ctors)
 *(SORT(.ctors.*))
 *crtend.o(.ctors)
                0x00002c9c                . = ALIGN (0x4)
 *(.fini)
 .fini          0x00002c9c        0x4 c:/program files (x86)/atmel/studio/7.0/toolchain/arm/arm-gnu-toolchain/bin/../lib/gcc/arm-none-eabi/6.2.1/thumb/v6-m/crti.o
                0x00002c9c                _fini
 .fini          0x00002ca0        0x8 c:/program files (x86)/atmel/studio/7.0/toolchain/arm/arm-gnu-toolchain/bin/../lib/gcc/arm-none-eabi/6.2.1/thumb/v6-m/crtn.o
                0x00002ca8                . = ALIGN (0x4)
                0x00002ca8                __fini_array_start = .
 *(.fini_array)
 .fini_array    0x00002ca8        0x4 c:/program files (x86)/atmel/studio/7.0/toolchain/arm/arm-gnu-toolchain/bin/../lib/gcc/arm-none-eabi/6.2.1/thumb/v6-m/crtbegin.o
 *(SORT(.fini_array.*))
                0x00002cac                __fini_array_end = .
 *crtbegin.o(.dtors)
 *(EXCLUDE_FILE(*crtend.o) .dtors)
 *(SORT(.dtors.*))
 *crtend.o(.dtors)
                0x00002cac                . = ALIGN (0x4)
                0x00002cac                _efixed = .
                [!provide]                PROVIDE (__exidx_start, .)

.vfp11_veneer   0x00002cac        0x0
 .vfp11_veneer  0x00002cac        0x0 linker stubs

.v4_bx          0x00002cac        0x0
 .v4_bx         0x00002cac        0x0 linker stubs

.iplt           0x00002cac        0x0
 .iplt          0x00002cac        0x0 c:/program files (x86)/atmel/studio/7.0/toolchain/arm/arm-gnu-toolchain/bin/../lib/gcc/arm-none-eabi/6.2.1/thumb/v6-m/crtbegin.o

.eh_frame       0x00002cac        0x0
 .eh_frame      0x00002cac        0x0 c:/program files (x86)/atmel/studio/7.0/toolchain/arm/arm-gnu-toolchain/bin/../lib/gcc/arm-none-eabi/6.2.1/thumb/v6-m/crtbegin.o

.rel.dyn        0x00002cac        0x0
 .rel.iplt      0x00002cac        0x0 c:/program files (x86)/atmel/studio/7.0/toolchain/arm/arm-gnu-toolchain/bin/../lib/gcc/arm-none-eabi/6.2.1/thumb/v6-m/crtbegin.o

.jcr            0x00002cac        0x0
 .jcr           0x00002cac        0x0 c:/program files (x86)/atmel/studio/7.0/toolchain/arm/arm-gnu-toolchain/bin/../lib/gcc/arm-none-eabi/6.2.1/thumb/v6-m/crtbegin.o

.igot.plt       0x00002cac        0x0
 .igot.plt      0x00002cac        0x0 c:/program files (x86)/atmel/studio/7.0/toolchain/arm/arm-gnu-toolchain/bin/../lib/gcc/arm-none-eabi/6.2.1/thumb/v6-m/crtbegin.o

.ARM.exidx
 *(.ARM.exidx* .gnu.linkonce.armexidx.*)
                [!provide]                PROVIDE (__exidx_end, .)
                0x00002cac                . = ALIGN (0x4)
                0x00002cac                _etext = .

.relocate       0x20000000      0x15c load address 0x00002cac
                0x20000000                . = ALIGN (0x4)
                0x20000000                _srelocate = .
 *(.ramfunc .ramfunc.*)
 *(.data .data.*)
 .data.MyLoRaTmp
                0x20000000      0x140 src/Lora_Func.o
                0x20000000                MyLoRaTmp
 .data.MyLoRaTmpCount
                0x20000140       0x10 src/Lora_Func.o
                0x20000140                MyLoRaTmpCount
 .data.cycles_per_ms
                0x20000150        0x4 src/ASF/common2/services/delay/sam0/systick_counter.o
 .data.cycles_per_us
                0x20000154        0x4 src/ASF/common2/services/delay/sam0/systick_counter.o
 .data.g_interrupt_enabled
                0x20000158        0x1 src/ASF/common/utils/interrupt/interrupt_sam_nvic.o
                0x20000158                g_interrupt_enabled
                0x2000015c                . = ALIGN (0x4)
 *fill*         0x20000159        0x3 
                0x2000015c                _erelocate = .

.bss            0x2000015c     0x4170 load address 0x00002e08
                0x2000015c                . = ALIGN (0x4)
                0x2000015c                _sbss = .
                0x2000015c                _szero = .
 *(.bss .bss.*)
 .bss           0x2000015c       0x1c c:/program files (x86)/atmel/studio/7.0/toolchain/arm/arm-gnu-toolchain/bin/../lib/gcc/arm-none-eabi/6.2.1/thumb/v6-m/crtbegin.o
 .bss.cpu_irq_critical_section_counter
                0x20000178        0x4 src/ASF/common/utils/interrupt/interrupt_sam_nvic.o
 .bss.cpu_irq_prev_interrupt_state
                0x2000017c        0x1 src/ASF/common/utils/interrupt/interrupt_sam_nvic.o
 *fill*         0x2000017d        0x3 
 .bss._sercom_config
                0x20000180        0x2 src/ASF/sam0/drivers/sercom/sercom.o
 .bss._handler_table_initialized
                0x20000182        0x1 src/ASF/sam0/drivers/sercom/sercom_interrupt.o
 *fill*         0x20000183        0x1 
 .bss._sercom_interrupt_handlers
                0x20000184       0x18 src/ASF/sam0/drivers/sercom/sercom_interrupt.o
 .bss._system_clock_inst
                0x2000019c       0x14 src/ASF/sam0/drivers/system/clock/clock_samd20/clock.o
 .bss.dev       0x200001b0     0x3e80 src/Main.o
                0x200001b0                dev
 *(COMMON)
 COMMON         0x20004030      0x21c src/ADC.o
                0x20004030                NowStatus
                0x20004034                usart_instance2
                0x20004058                tc_instance2
                0x20004074                LoRa_Rx_Flag
                0x20004078                usart_instance1
                0x2000409c                TEST_CHAR
                0x200040a0                MyLoRaID
                0x200040a4                MyBufferCount
                0x200040a5                LastStatus
                0x200040a8                flag
                0x200040ac                Rola_Delay_Count
                0x200040b0                rx_buffer
                0x200040b1                NextStatus
                0x200040b4                adc_result_buffer
                0x200041b4                tc_instance1
                0x200041d0                MyLoRaFW
                0x200041d1                LoRa_TxRx_Mode_Flag
                0x200041d4                MyBuffer
                0x200041f4                f_count
                0x200041f8                usart_instance3
                0x2000421c                LoRa_IRQ_Flag
                0x2000421d                UserRxCountMax
                0x20004220                usart_instance4
                0x20004244                adc_instance
 COMMON         0x2000424c        0x1 src/ASF/sam0/drivers/extint/extint_callback.o
                0x2000424c                _current_channel
 *fill*         0x2000424d        0x3 
 COMMON         0x20004250       0x40 src/ASF/sam0/drivers/extint/extint_sam_d_r_h/extint.o
                0x20004250                _extint_dev
 COMMON         0x20004290       0x20 src/ASF/sam0/drivers/tc/tc_interrupt.o
                0x20004290                _tc_instances
 COMMON         0x200042b0       0x18 src/ASF/sam0/drivers/sercom/sercom_interrupt.o
                0x200042b0                _sercom_instances
 COMMON         0x200042c8        0x4 src/Main.o
                0x200042c8                RSSIValue
                0x200042cc                . = ALIGN (0x4)
                0x200042cc                _ebss = .
                0x200042cc                _ezero = .

.stack          0x200042cc     0x2004 load address 0x00006f78
                0x200042d0                . = ALIGN (0x8)
 *fill*         0x200042cc        0x4 
                0x200042d0                _sstack = .
                0x200062d0                . = (. + STACK_SIZE)
 *fill*         0x200042d0     0x2000 
                0x200062d0                . = ALIGN (0x8)
                0x200062d0                _estack = .
                0x200062d0                . = ALIGN (0x4)
                0x200062d0                _end = .
OUTPUT(SHH_RSSI.elf elf32-littlearm)

.ARM.attributes
                0x00000000       0x28
 .ARM.attributes
                0x00000000       0x1e c:/program files (x86)/atmel/studio/7.0/toolchain/arm/arm-gnu-toolchain/bin/../lib/gcc/arm-none-eabi/6.2.1/thumb/v6-m/crti.o
 .ARM.attributes
                0x0000001e       0x2c c:/program files (x86)/atmel/studio/7.0/toolchain/arm/arm-gnu-toolchain/bin/../lib/gcc/arm-none-eabi/6.2.1/thumb/v6-m/crtbegin.o
 .ARM.attributes
                0x0000004a       0x32 src/ADC.o
 .ARM.attributes
                0x0000007c       0x32 src/ASF/sam0/drivers/extint/extint_callback.o
 .ARM.attributes
                0x000000ae       0x32 src/ASF/sam0/drivers/extint/extint_sam_d_r_h/extint.o
 .ARM.attributes
                0x000000e0       0x32 src/ASF/sam0/drivers/tc/tc_interrupt.o
 .ARM.attributes
                0x00000112       0x32 src/ASF/sam0/drivers/tc/tc_sam_d_r_h/tc.o
 .ARM.attributes
                0x00000144       0x32 src/Ext_INT.o
 .ARM.attributes
                0x00000176       0x32 src/Lora_Func.o
 .ARM.attributes
                0x000001a8       0x32 src/Timer.o
 .ARM.attributes
                0x000001da       0x32 src/UART.o
 .ARM.attributes
                0x0000020c       0x32 src/ASF/common2/services/delay/sam0/systick_counter.o
 .ARM.attributes
                0x0000023e       0x32 src/ASF/common/utils/interrupt/interrupt_sam_nvic.o
 .ARM.attributes
                0x00000270       0x32 src/ASF/sam0/boards/samd20_xplained_pro/board_init.o
 .ARM.attributes
                0x000002a2       0x32 src/ASF/sam0/drivers/port/port.o
 .ARM.attributes
                0x000002d4       0x32 src/ASF/sam0/drivers/sercom/sercom.o
 .ARM.attributes
                0x00000306       0x32 src/ASF/sam0/drivers/sercom/sercom_interrupt.o
 .ARM.attributes
                0x00000338       0x32 src/ASF/sam0/drivers/sercom/usart/usart.o
 .ARM.attributes
                0x0000036a       0x32 src/ASF/sam0/drivers/sercom/usart/usart_interrupt.o
 .ARM.attributes
                0x0000039c       0x32 src/ASF/sam0/drivers/system/clock/clock_samd20/clock.o
 .ARM.attributes
                0x000003ce       0x32 src/ASF/sam0/drivers/system/clock/clock_samd20/gclk.o
 .ARM.attributes
                0x00000400       0x32 src/ASF/sam0/drivers/system/pinmux/pinmux.o
 .ARM.attributes
                0x00000432       0x32 src/ASF/sam0/drivers/system/system.o
 .ARM.attributes
                0x00000464       0x32 src/ASF/sam0/utils/cmsis/samd20/source/gcc/startup_samd20.o
 .ARM.attributes
                0x00000496       0x32 src/Main.o
 .ARM.attributes
                0x000004c8       0x1e c:/program files (x86)/atmel/studio/7.0/toolchain/arm/arm-gnu-toolchain/bin/../lib/gcc/arm-none-eabi/6.2.1/thumb/v6-m\libgcc.a(_udivsi3.o)
 .ARM.attributes
                0x000004e6       0x1e c:/program files (x86)/atmel/studio/7.0/toolchain/arm/arm-gnu-toolchain/bin/../lib/gcc/arm-none-eabi/6.2.1/thumb/v6-m\libgcc.a(_dvmd_tls.o)
 .ARM.attributes
                0x00000504       0x2c c:/program files (x86)/atmel/studio/7.0/toolchain/arm/arm-gnu-toolchain/bin/../lib/gcc/arm-none-eabi/6.2.1/thumb/v6-m\libgcc.a(_muldi3.o)
 .ARM.attributes
                0x00000530       0x2c c:/program files (x86)/atmel/studio/7.0/toolchain/arm/arm-gnu-toolchain/bin/../lib/gcc/arm-none-eabi/6.2.1/../../../../arm-none-eabi/lib/thumb/v6-m\libc_nano.a(lib_a-init.o)
 .ARM.attributes
                0x0000055c       0x2c c:/program files (x86)/atmel/studio/7.0/toolchain/arm/arm-gnu-toolchain/bin/../lib/gcc/arm-none-eabi/6.2.1/../../../../arm-none-eabi/lib/thumb/v6-m\libc_nano.a(lib_a-memcpy-stub.o)
 .ARM.attributes
                0x00000588       0x1e c:/program files (x86)/atmel/studio/7.0/toolchain/arm/arm-gnu-toolchain/bin/../lib/gcc/arm-none-eabi/6.2.1/thumb/v6-m/crtn.o

.comment        0x00000000       0x59
 .comment       0x00000000       0x59 src/ADC.o
                                 0x5a (size before relaxing)
 .comment       0x00000059       0x5a src/ASF/sam0/drivers/extint/extint_callback.o
 .comment       0x00000059       0x5a src/ASF/sam0/drivers/extint/extint_sam_d_r_h/extint.o
 .comment       0x00000059       0x5a src/ASF/sam0/drivers/tc/tc_interrupt.o
 .comment       0x00000059       0x5a src/ASF/sam0/drivers/tc/tc_sam_d_r_h/tc.o
 .comment       0x00000059       0x5a src/Ext_INT.o
 .comment       0x00000059       0x5a src/Lora_Func.o
 .comment       0x00000059       0x5a src/Timer.o
 .comment       0x00000059       0x5a src/UART.o
 .comment       0x00000059       0x5a src/ASF/common2/services/delay/sam0/systick_counter.o
 .comment       0x00000059       0x5a src/ASF/common/utils/interrupt/interrupt_sam_nvic.o
 .comment       0x00000059       0x5a src/ASF/sam0/boards/samd20_xplained_pro/board_init.o
 .comment       0x00000059       0x5a src/ASF/sam0/drivers/port/port.o
 .comment       0x00000059       0x5a src/ASF/sam0/drivers/sercom/sercom.o
 .comment       0x00000059       0x5a src/ASF/sam0/drivers/sercom/sercom_interrupt.o
 .comment       0x00000059       0x5a src/ASF/sam0/drivers/sercom/usart/usart.o
 .comment       0x00000059       0x5a src/ASF/sam0/drivers/sercom/usart/usart_interrupt.o
 .comment       0x00000059       0x5a src/ASF/sam0/drivers/system/clock/clock_samd20/clock.o
 .comment       0x00000059       0x5a src/ASF/sam0/drivers/system/clock/clock_samd20/gclk.o
 .comment       0x00000059       0x5a src/ASF/sam0/drivers/system/pinmux/pinmux.o
 .comment       0x00000059       0x5a src/ASF/sam0/drivers/system/system.o
 .comment       0x00000059       0x5a src/ASF/sam0/utils/cmsis/samd20/source/gcc/startup_samd20.o
 .comment       0x00000059       0x5a src/Main.o

.debug_info     0x00000000    0x3cb25
 .debug_info    0x00000000     0x4808 src/ADC.o
 .debug_info    0x00004808     0x1991 src/ASF/sam0/drivers/extint/extint_callback.o
 .debug_info    0x00006199     0x2a08 src/ASF/sam0/drivers/extint/extint_sam_d_r_h/extint.o
 .debug_info    0x00008ba1     0x1c0f src/ASF/sam0/drivers/tc/tc_interrupt.o
 .debug_info    0x0000a7b0     0x2e8d src/ASF/sam0/drivers/tc/tc_sam_d_r_h/tc.o
 .debug_info    0x0000d63d     0x4052 src/Ext_INT.o
 .debug_info    0x0001168f     0x50bd src/Lora_Func.o
 .debug_info    0x0001674c     0x470c src/Timer.o
 .debug_info    0x0001ae58     0x5316 src/UART.o
 .debug_info    0x0002016e      0xb81 src/ASF/common2/services/delay/sam0/systick_counter.o
 .debug_info    0x00020cef      0xafb src/ASF/common/utils/interrupt/interrupt_sam_nvic.o
 .debug_info    0x000217ea     0x15ef src/ASF/sam0/boards/samd20_xplained_pro/board_init.o
 .debug_info    0x00022dd9     0x12ac src/ASF/sam0/drivers/port/port.o
 .debug_info    0x00024085     0x265c src/ASF/sam0/drivers/sercom/sercom.o
 .debug_info    0x000266e1     0x2450 src/ASF/sam0/drivers/sercom/sercom_interrupt.o
 .debug_info    0x00028b31     0x42ab src/ASF/sam0/drivers/sercom/usart/usart.o
 .debug_info    0x0002cddc     0x287b src/ASF/sam0/drivers/sercom/usart/usart_interrupt.o
 .debug_info    0x0002f657     0x3d31 src/ASF/sam0/drivers/system/clock/clock_samd20/clock.o
 .debug_info    0x00033388     0x1ddc src/ASF/sam0/drivers/system/clock/clock_samd20/gclk.o
 .debug_info    0x00035164     0x136a src/ASF/sam0/drivers/system/pinmux/pinmux.o
 .debug_info    0x000364ce      0xa67 src/ASF/sam0/drivers/system/system.o
 .debug_info    0x00036f35      0x9c9 src/ASF/sam0/utils/cmsis/samd20/source/gcc/startup_samd20.o
 .debug_info    0x000378fe     0x5227 src/Main.o

.debug_abbrev   0x00000000     0x4dc6
 .debug_abbrev  0x00000000      0x3b2 src/ADC.o
 .debug_abbrev  0x000003b2      0x333 src/ASF/sam0/drivers/extint/extint_callback.o
 .debug_abbrev  0x000006e5      0x4a7 src/ASF/sam0/drivers/extint/extint_sam_d_r_h/extint.o
 .debug_abbrev  0x00000b8c      0x2ff src/ASF/sam0/drivers/tc/tc_interrupt.o
 .debug_abbrev  0x00000e8b      0x434 src/ASF/sam0/drivers/tc/tc_sam_d_r_h/tc.o
 .debug_abbrev  0x000012bf      0x2d5 src/Ext_INT.o
 .debug_abbrev  0x00001594      0x390 src/Lora_Func.o
 .debug_abbrev  0x00001924      0x3d7 src/Timer.o
 .debug_abbrev  0x00001cfb      0x46d src/UART.o
 .debug_abbrev  0x00002168      0x24b src/ASF/common2/services/delay/sam0/systick_counter.o
 .debug_abbrev  0x000023b3      0x22c src/ASF/common/utils/interrupt/interrupt_sam_nvic.o
 .debug_abbrev  0x000025df      0x2dc src/ASF/sam0/boards/samd20_xplained_pro/board_init.o
 .debug_abbrev  0x000028bb      0x298 src/ASF/sam0/drivers/port/port.o
 .debug_abbrev  0x00002b53      0x378 src/ASF/sam0/drivers/sercom/sercom.o
 .debug_abbrev  0x00002ecb      0x2d8 src/ASF/sam0/drivers/sercom/sercom_interrupt.o
 .debug_abbrev  0x000031a3      0x480 src/ASF/sam0/drivers/sercom/usart/usart.o
 .debug_abbrev  0x00003623      0x416 src/ASF/sam0/drivers/sercom/usart/usart_interrupt.o
 .debug_abbrev  0x00003a39      0x4a1 src/ASF/sam0/drivers/system/clock/clock_samd20/clock.o
 .debug_abbrev  0x00003eda      0x3f1 src/ASF/sam0/drivers/system/clock/clock_samd20/gclk.o
 .debug_abbrev  0x000042cb      0x332 src/ASF/sam0/drivers/system/pinmux/pinmux.o
 .debug_abbrev  0x000045fd      0x1e1 src/ASF/sam0/drivers/system/system.o
 .debug_abbrev  0x000047de      0x1e4 src/ASF/sam0/utils/cmsis/samd20/source/gcc/startup_samd20.o
 .debug_abbrev  0x000049c2      0x404 src/Main.o

.debug_loc      0x00000000     0x647b
 .debug_loc     0x00000000      0x2f1 src/ADC.o
 .debug_loc     0x000002f1      0x2ac src/ASF/sam0/drivers/extint/extint_callback.o
 .debug_loc     0x0000059d      0x43d src/ASF/sam0/drivers/extint/extint_sam_d_r_h/extint.o
 .debug_loc     0x000009da      0x228 src/ASF/sam0/drivers/tc/tc_interrupt.o
 .debug_loc     0x00000c02      0xdf1 src/ASF/sam0/drivers/tc/tc_sam_d_r_h/tc.o
 .debug_loc     0x000019f3       0x4c src/Ext_INT.o
 .debug_loc     0x00001a3f      0x405 src/Lora_Func.o
 .debug_loc     0x00001e44      0x11a src/Timer.o
 .debug_loc     0x00001f5e      0x576 src/UART.o
 .debug_loc     0x000024d4       0xe4 src/ASF/common2/services/delay/sam0/systick_counter.o
 .debug_loc     0x000025b8      0x2ed src/ASF/sam0/boards/samd20_xplained_pro/board_init.o
 .debug_loc     0x000028a5      0x13d src/ASF/sam0/drivers/port/port.o
 .debug_loc     0x000029e2      0x9d5 src/ASF/sam0/drivers/sercom/sercom.o
 .debug_loc     0x000033b7      0x161 src/ASF/sam0/drivers/sercom/sercom_interrupt.o
 .debug_loc     0x00003518      0xc56 src/ASF/sam0/drivers/sercom/usart/usart.o
 .debug_loc     0x0000416e      0x6b6 src/ASF/sam0/drivers/sercom/usart/usart_interrupt.o
 .debug_loc     0x00004824      0xe75 src/ASF/sam0/drivers/system/clock/clock_samd20/clock.o
 .debug_loc     0x00005699      0x504 src/ASF/sam0/drivers/system/clock/clock_samd20/gclk.o
 .debug_loc     0x00005b9d      0x322 src/ASF/sam0/drivers/system/pinmux/pinmux.o
 .debug_loc     0x00005ebf       0x20 src/ASF/sam0/drivers/system/system.o
 .debug_loc     0x00005edf       0x40 src/ASF/sam0/utils/cmsis/samd20/source/gcc/startup_samd20.o
 .debug_loc     0x00005f1f      0x55c src/Main.o

.debug_aranges  0x00000000      0x688
 .debug_aranges
                0x00000000       0x28 src/ADC.o
 .debug_aranges
                0x00000028       0x48 src/ASF/sam0/drivers/extint/extint_callback.o
 .debug_aranges
                0x00000070       0x50 src/ASF/sam0/drivers/extint/extint_sam_d_r_h/extint.o
 .debug_aranges
                0x000000c0       0x70 src/ASF/sam0/drivers/tc/tc_interrupt.o
 .debug_aranges
                0x00000130       0x58 src/ASF/sam0/drivers/tc/tc_sam_d_r_h/tc.o
 .debug_aranges
                0x00000188       0x30 src/Ext_INT.o
 .debug_aranges
                0x000001b8       0x80 src/Lora_Func.o
 .debug_aranges
                0x00000238       0x38 src/Timer.o
 .debug_aranges
                0x00000270       0x68 src/UART.o
 .debug_aranges
                0x000002d8       0x30 src/ASF/common2/services/delay/sam0/systick_counter.o
 .debug_aranges
                0x00000308       0x28 src/ASF/common/utils/interrupt/interrupt_sam_nvic.o
 .debug_aranges
                0x00000330       0x20 src/ASF/sam0/boards/samd20_xplained_pro/board_init.o
 .debug_aranges
                0x00000350       0x28 src/ASF/sam0/drivers/port/port.o
 .debug_aranges
                0x00000378       0x48 src/ASF/sam0/drivers/sercom/sercom.o
 .debug_aranges
                0x000003c0       0x60 src/ASF/sam0/drivers/sercom/sercom_interrupt.o
 .debug_aranges
                0x00000420       0x40 src/ASF/sam0/drivers/sercom/usart/usart.o
 .debug_aranges
                0x00000460       0x70 src/ASF/sam0/drivers/sercom/usart/usart_interrupt.o
 .debug_aranges
                0x000004d0       0x70 src/ASF/sam0/drivers/system/clock/clock_samd20/clock.o
 .debug_aranges
                0x00000540       0x80 src/ASF/sam0/drivers/system/clock/clock_samd20/gclk.o
 .debug_aranges
                0x000005c0       0x38 src/ASF/sam0/drivers/system/pinmux/pinmux.o
 .debug_aranges
                0x000005f8       0x28 src/ASF/sam0/drivers/system/system.o
 .debug_aranges
                0x00000620       0x28 src/ASF/sam0/utils/cmsis/samd20/source/gcc/startup_samd20.o
 .debug_aranges
                0x00000648       0x40 src/Main.o

.debug_ranges   0x00000000      0x700
 .debug_ranges  0x00000000       0x30 src/ADC.o
 .debug_ranges  0x00000030       0x90 src/ASF/sam0/drivers/extint/extint_callback.o
 .debug_ranges  0x000000c0       0x40 src/ASF/sam0/drivers/extint/extint_sam_d_r_h/extint.o
 .debug_ranges  0x00000100       0x60 src/ASF/sam0/drivers/tc/tc_interrupt.o
 .debug_ranges  0x00000160       0x90 src/ASF/sam0/drivers/tc/tc_sam_d_r_h/tc.o
 .debug_ranges  0x000001f0       0x20 src/Ext_INT.o
 .debug_ranges  0x00000210       0x70 src/Lora_Func.o
 .debug_ranges  0x00000280       0x28 src/Timer.o
 .debug_ranges  0x000002a8       0x58 src/UART.o
 .debug_ranges  0x00000300       0x50 src/ASF/common2/services/delay/sam0/systick_counter.o
 .debug_ranges  0x00000350       0x18 src/ASF/common/utils/interrupt/interrupt_sam_nvic.o
 .debug_ranges  0x00000368       0x10 src/ASF/sam0/boards/samd20_xplained_pro/board_init.o
 .debug_ranges  0x00000378       0x18 src/ASF/sam0/drivers/port/port.o
 .debug_ranges  0x00000390       0x50 src/ASF/sam0/drivers/sercom/sercom.o
 .debug_ranges  0x000003e0       0x50 src/ASF/sam0/drivers/sercom/sercom_interrupt.o
 .debug_ranges  0x00000430      0x100 src/ASF/sam0/drivers/sercom/usart/usart.o
 .debug_ranges  0x00000530       0x60 src/ASF/sam0/drivers/sercom/usart/usart_interrupt.o
 .debug_ranges  0x00000590       0x60 src/ASF/sam0/drivers/system/clock/clock_samd20/clock.o
 .debug_ranges  0x000005f0       0x88 src/ASF/sam0/drivers/system/clock/clock_samd20/gclk.o
 .debug_ranges  0x00000678       0x28 src/ASF/sam0/drivers/system/pinmux/pinmux.o
 .debug_ranges  0x000006a0       0x18 src/ASF/sam0/drivers/system/system.o
 .debug_ranges  0x000006b8       0x18 src/ASF/sam0/utils/cmsis/samd20/source/gcc/startup_samd20.o
 .debug_ranges  0x000006d0       0x30 src/Main.o

.debug_macro    0x00000000    0x15f84
 .debug_macro   0x00000000      0x5e6 src/ADC.o
 .debug_macro   0x000005e6      0x8c8 src/ADC.o
 .debug_macro   0x00000eae      0x16d src/ADC.o
 .debug_macro   0x0000101b      0x64b src/ADC.o
 .debug_macro   0x00001666       0x22 src/ADC.o
 .debug_macro   0x00001688       0x87 src/ADC.o
 .debug_macro   0x0000170f       0x51 src/ADC.o
 .debug_macro   0x00001760       0xef src/ADC.o
 .debug_macro   0x0000184f       0x6a src/ADC.o
 .debug_macro   0x000018b9      0x1df src/ADC.o
 .debug_macro   0x00001a98       0x10 src/ADC.o
 .debug_macro   0x00001aa8       0x76 src/ADC.o
 .debug_macro   0x00001b1e       0x16 src/ADC.o
 .debug_macro   0x00001b34      0x6e5 src/ADC.o
 .debug_macro   0x00002219      0xde2 src/ADC.o
 .debug_macro   0x00002ffb       0x22 src/ADC.o
 .debug_macro   0x0000301d       0x40 src/ADC.o
 .debug_macro   0x0000305d       0x3a src/ADC.o
 .debug_macro   0x00003097       0x1f src/ADC.o
 .debug_macro   0x000030b6      0x250 src/ADC.o
 .debug_macro   0x00003306      0x682 src/ADC.o
 .debug_macro   0x00003988      0x8c1 src/ADC.o
 .debug_macro   0x00004249      0x229 src/ADC.o
 .debug_macro   0x00004472      0x5bf src/ADC.o
 .debug_macro   0x00004a31      0x9fb src/ADC.o
 .debug_macro   0x0000542c      0x5b8 src/ADC.o
 .debug_macro   0x000059e4      0x4b6 src/ADC.o
 .debug_macro   0x00005e9a      0x74c src/ADC.o
 .debug_macro   0x000065e6       0x5e src/ADC.o
 .debug_macro   0x00006644      0x5e2 src/ADC.o
 .debug_macro   0x00006c26      0x3b8 src/ADC.o
 .debug_macro   0x00006fde      0xc55 src/ADC.o
 .debug_macro   0x00007c33      0xd29 src/ADC.o
 .debug_macro   0x0000895c      0x7b8 src/ADC.o
 .debug_macro   0x00009114      0x6c2 src/ADC.o
 .debug_macro   0x000097d6      0x351 src/ADC.o
 .debug_macro   0x00009b27       0x7c src/ADC.o
 .debug_macro   0x00009ba3       0x9a src/ADC.o
 .debug_macro   0x00009c3d       0x46 src/ADC.o
 .debug_macro   0x00009c83       0xb2 src/ADC.o
 .debug_macro   0x00009d35       0x6a src/ADC.o
 .debug_macro   0x00009d9f      0x287 src/ADC.o
 .debug_macro   0x0000a026       0x82 src/ADC.o
 .debug_macro   0x0000a0a8       0xb8 src/ADC.o
 .debug_macro   0x0000a160       0x1c src/ADC.o
 .debug_macro   0x0000a17c       0x1c src/ADC.o
 .debug_macro   0x0000a198       0x1c src/ADC.o
 .debug_macro   0x0000a1b4       0x82 src/ADC.o
 .debug_macro   0x0000a236      0x164 src/ADC.o
 .debug_macro   0x0000a39a       0xdc src/ADC.o
 .debug_macro   0x0000a476      0x104 src/ADC.o
 .debug_macro   0x0000a57a      0x104 src/ADC.o
 .debug_macro   0x0000a67e      0x104 src/ADC.o
 .debug_macro   0x0000a782      0x104 src/ADC.o
 .debug_macro   0x0000a886      0x104 src/ADC.o
 .debug_macro   0x0000a98a      0x104 src/ADC.o
 .debug_macro   0x0000aa8e       0xfa src/ADC.o
 .debug_macro   0x0000ab88       0xbe src/ADC.o
 .debug_macro   0x0000ac46       0xbe src/ADC.o
 .debug_macro   0x0000ad04       0xbe src/ADC.o
 .debug_macro   0x0000adc2       0xbe src/ADC.o
 .debug_macro   0x0000ae80       0xbe src/ADC.o
 .debug_macro   0x0000af3e       0xbe src/ADC.o
 .debug_macro   0x0000affc       0xbe src/ADC.o
 .debug_macro   0x0000b0ba       0xbe src/ADC.o
 .debug_macro   0x0000b178       0x40 src/ADC.o
 .debug_macro   0x0000b1b8      0x2e3 src/ADC.o
 .debug_macro   0x0000b49b     0x19c4 src/ADC.o
 .debug_macro   0x0000ce5f       0x4a src/ADC.o
 .debug_macro   0x0000cea9       0x52 src/ADC.o
 .debug_macro   0x0000cefb       0x35 src/ADC.o
 .debug_macro   0x0000cf30       0x9c src/ADC.o
 .debug_macro   0x0000cfcc       0x16 src/ADC.o
 .debug_macro   0x0000cfe2       0x35 src/ADC.o
 .debug_macro   0x0000d017      0x330 src/ADC.o
 .debug_macro   0x0000d347       0x10 src/ADC.o
 .debug_macro   0x0000d357       0x52 src/ADC.o
 .debug_macro   0x0000d3a9       0x1f src/ADC.o
 .debug_macro   0x0000d3c8       0x43 src/ADC.o
 .debug_macro   0x0000d40b       0x20 src/ADC.o
 .debug_macro   0x0000d42b      0x187 src/ADC.o
 .debug_macro   0x0000d5b2       0x10 src/ADC.o
 .debug_macro   0x0000d5c2       0x1c src/ADC.o
 .debug_macro   0x0000d5de       0x52 src/ADC.o
 .debug_macro   0x0000d630       0x40 src/ADC.o
 .debug_macro   0x0000d670       0x10 src/ADC.o
 .debug_macro   0x0000d680       0x40 src/ADC.o
 .debug_macro   0x0000d6c0       0xd7 src/ADC.o
 .debug_macro   0x0000d797       0x16 src/ADC.o
 .debug_macro   0x0000d7ad      0x18b src/ADC.o
 .debug_macro   0x0000d938       0x16 src/ADC.o
 .debug_macro   0x0000d94e       0x16 src/ADC.o
 .debug_macro   0x0000d964       0x29 src/ADC.o
 .debug_macro   0x0000d98d       0x51 src/ADC.o
 .debug_macro   0x0000d9de       0x3f src/ADC.o
 .debug_macro   0x0000da1d      0x3df src/ADC.o
 .debug_macro   0x0000ddfc       0x11 src/ADC.o
 .debug_macro   0x0000de0d       0x16 src/ADC.o
 .debug_macro   0x0000de23       0x19 src/ADC.o
 .debug_macro   0x0000de3c       0x1c src/ADC.o
 .debug_macro   0x0000de58       0x16 src/ADC.o
 .debug_macro   0x0000de6e       0x18 src/ADC.o
 .debug_macro   0x0000de86      0x2c6 src/ADC.o
 .debug_macro   0x0000e14c      0x80c src/ADC.o
 .debug_macro   0x0000e958       0x18 src/ADC.o
 .debug_macro   0x0000e970       0x2e src/ADC.o
 .debug_macro   0x0000e99e       0xb2 src/ADC.o
 .debug_macro   0x0000ea50       0x10 src/ADC.o
 .debug_macro   0x0000ea60       0x1f src/ADC.o
 .debug_macro   0x0000ea7f       0x6c src/ADC.o
 .debug_macro   0x0000eaeb      0x100 src/ADC.o
 .debug_macro   0x0000ebeb      0x4c9 src/ASF/sam0/drivers/extint/extint_callback.o
 .debug_macro   0x0000f0b4       0x12 src/ASF/sam0/drivers/extint/extint_callback.o
 .debug_macro   0x0000f0c6      0x524 src/ASF/sam0/drivers/extint/extint_sam_d_r_h/extint.o
 .debug_macro   0x0000f5ea       0x16 src/ASF/sam0/drivers/extint/extint_sam_d_r_h/extint.o
 .debug_macro   0x0000f600      0x513 src/ASF/sam0/drivers/tc/tc_interrupt.o
 .debug_macro   0x0000fb13       0x19 src/ASF/sam0/drivers/tc/tc_interrupt.o
 .debug_macro   0x0000fb2c       0x51 src/ASF/sam0/drivers/tc/tc_interrupt.o
 .debug_macro   0x0000fb7d      0x52e src/ASF/sam0/drivers/tc/tc_sam_d_r_h/tc.o
 .debug_macro   0x000100ab      0x5e6 src/Ext_INT.o
 .debug_macro   0x00010691      0x5e6 src/Lora_Func.o
 .debug_macro   0x00010c77      0x5e6 src/Timer.o
 .debug_macro   0x0001125d      0x5e6 src/UART.o
 .debug_macro   0x00011843      0x4e0 src/ASF/common2/services/delay/sam0/systick_counter.o
 .debug_macro   0x00011d23       0x16 src/ASF/common2/services/delay/sam0/systick_counter.o
 .debug_macro   0x00011d39      0x4a4 src/ASF/common/utils/interrupt/interrupt_sam_nvic.o
 .debug_macro   0x000121dd      0x4e0 src/ASF/sam0/boards/samd20_xplained_pro/board_init.o
 .debug_macro   0x000126bd       0x12 src/ASF/sam0/boards/samd20_xplained_pro/board_init.o
 .debug_macro   0x000126cf      0x4be src/ASF/sam0/drivers/port/port.o
 .debug_macro   0x00012b8d      0x532 src/ASF/sam0/drivers/sercom/sercom.o
 .debug_macro   0x000130bf      0x52f src/ASF/sam0/drivers/sercom/sercom_interrupt.o
 .debug_macro   0x000135ee      0x543 src/ASF/sam0/drivers/sercom/usart/usart.o
 .debug_macro   0x00013b31       0x19 src/ASF/sam0/drivers/sercom/usart/usart.o
 .debug_macro   0x00013b4a      0x543 src/ASF/sam0/drivers/sercom/usart/usart_interrupt.o
 .debug_macro   0x0001408d      0x5b9 src/ASF/sam0/drivers/system/clock/clock_samd20/clock.o
 .debug_macro   0x00014646      0x21a src/ASF/sam0/drivers/system/clock/clock_samd20/clock.o
 .debug_macro   0x00014860      0x4db src/ASF/sam0/drivers/system/clock/clock_samd20/gclk.o
 .debug_macro   0x00014d3b      0x4b6 src/ASF/sam0/drivers/system/pinmux/pinmux.o
 .debug_macro   0x000151f1      0x4e8 src/ASF/sam0/drivers/system/system.o
 .debug_macro   0x000156d9      0x28b src/ASF/sam0/utils/cmsis/samd20/source/gcc/startup_samd20.o
 .debug_macro   0x00015964       0x3a src/ASF/sam0/utils/cmsis/samd20/source/gcc/startup_samd20.o
 .debug_macro   0x0001599e      0x5e6 src/Main.o

.debug_line     0x00000000    0x1014a
 .debug_line    0x00000000      0xd43 src/ADC.o
 .debug_line    0x00000d43      0x966 src/ASF/sam0/drivers/extint/extint_callback.o
 .debug_line    0x000016a9      0xbbb src/ASF/sam0/drivers/extint/extint_sam_d_r_h/extint.o
 .debug_line    0x00002264      0xa61 src/ASF/sam0/drivers/tc/tc_interrupt.o
 .debug_line    0x00002cc5      0xd22 src/ASF/sam0/drivers/tc/tc_sam_d_r_h/tc.o
 .debug_line    0x000039e7      0xcd2 src/Ext_INT.o
 .debug_line    0x000046b9      0xee2 src/Lora_Func.o
 .debug_line    0x0000559b      0xd36 src/Timer.o
 .debug_line    0x000062d1      0xe22 src/UART.o
 .debug_line    0x000070f3      0x94f src/ASF/common2/services/delay/sam0/systick_counter.o
 .debug_line    0x00007a42      0x864 src/ASF/common/utils/interrupt/interrupt_sam_nvic.o
 .debug_line    0x000082a6      0x97f src/ASF/sam0/boards/samd20_xplained_pro/board_init.o
 .debug_line    0x00008c25      0x890 src/ASF/sam0/drivers/port/port.o
 .debug_line    0x000094b5      0xb5f src/ASF/sam0/drivers/sercom/sercom.o
 .debug_line    0x0000a014      0xb02 src/ASF/sam0/drivers/sercom/sercom_interrupt.o
 .debug_line    0x0000ab16      0xc7e src/ASF/sam0/drivers/sercom/usart/usart.o
 .debug_line    0x0000b794      0xc35 src/ASF/sam0/drivers/sercom/usart/usart_interrupt.o
 .debug_line    0x0000c3c9      0xbb4 src/ASF/sam0/drivers/system/clock/clock_samd20/clock.o
 .debug_line    0x0000cf7d      0xc01 src/ASF/sam0/drivers/system/clock/clock_samd20/gclk.o
 .debug_line    0x0000db7e      0x8c0 src/ASF/sam0/drivers/system/pinmux/pinmux.o
 .debug_line    0x0000e43e      0x97c src/ASF/sam0/drivers/system/system.o
 .debug_line    0x0000edba      0x5dc src/ASF/sam0/utils/cmsis/samd20/source/gcc/startup_samd20.o
 .debug_line    0x0000f396      0xdb4 src/Main.o

.debug_str      0x00000000    0x62fd2
 .debug_str     0x00000000    0x5d3fd src/ADC.o
                              0x5db3d (size before relaxing)
 .debug_str     0x0005d3fd      0x4c9 src/ASF/sam0/drivers/extint/extint_callback.o
                              0x5822b (size before relaxing)
 .debug_str     0x0005d8c6      0xb7b src/ASF/sam0/drivers/extint/extint_sam_d_r_h/extint.o
                              0x59180 (size before relaxing)
 .debug_str     0x0005e441       0xf3 src/ASF/sam0/drivers/tc/tc_interrupt.o
                              0x58783 (size before relaxing)
 .debug_str     0x0005e534      0x52a src/ASF/sam0/drivers/tc/tc_sam_d_r_h/tc.o
                              0x58ff4 (size before relaxing)
 .debug_str     0x0005ea5e       0x72 src/Ext_INT.o
                              0x5d176 (size before relaxing)
 .debug_str     0x0005ead0      0x287 src/Lora_Func.o
                              0x5d1c0 (size before relaxing)
 .debug_str     0x0005ed57      0x162 src/Timer.o
                              0x5d907 (size before relaxing)
 .debug_str     0x0005eeb9      0x5fc src/UART.o
                              0x5da5a (size before relaxing)
 .debug_str     0x0005f4b5       0xa6 src/ASF/common2/services/delay/sam0/systick_counter.o
                              0x57c1f (size before relaxing)
 .debug_str     0x0005f55b       0x94 src/ASF/common/utils/interrupt/interrupt_sam_nvic.o
                              0x57a2a (size before relaxing)
 .debug_str     0x0005f5ef      0x140 src/ASF/sam0/boards/samd20_xplained_pro/board_init.o
                              0x5aba6 (size before relaxing)
 .debug_str     0x0005f72f       0x5e src/ASF/sam0/drivers/port/port.o
                              0x57e30 (size before relaxing)
 .debug_str     0x0005f78d      0x39f src/ASF/sam0/drivers/sercom/sercom.o
                              0x58f53 (size before relaxing)
 .debug_str     0x0005fb2c      0x17b src/ASF/sam0/drivers/sercom/sercom_interrupt.o
                              0x58d8c (size before relaxing)
 .debug_str     0x0005fca7      0x3f8 src/ASF/sam0/drivers/sercom/usart/usart.o
                              0x5993a (size before relaxing)
 .debug_str     0x0006009f      0x19d src/ASF/sam0/drivers/sercom/usart/usart_interrupt.o
                              0x58df1 (size before relaxing)
 .debug_str     0x0006023c     0x2694 src/ASF/sam0/drivers/system/clock/clock_samd20/clock.o
                              0x5ac39 (size before relaxing)
 .debug_str     0x000628d0      0x1b7 src/ASF/sam0/drivers/system/clock/clock_samd20/gclk.o
                              0x5865d (size before relaxing)
 .debug_str     0x00062a87       0xf4 src/ASF/sam0/drivers/system/pinmux/pinmux.o
                              0x57e21 (size before relaxing)
 .debug_str     0x00062b7b       0x47 src/ASF/sam0/drivers/system/system.o
                              0x57ac6 (size before relaxing)
 .debug_str     0x00062bc2      0x391 src/ASF/sam0/utils/cmsis/samd20/source/gcc/startup_samd20.o
                              0x42ef4 (size before relaxing)
 .debug_str     0x00062f53       0x7f src/Main.o
                              0x5d448 (size before relaxing)

.debug_frame    0x00000000      0xf90
 .debug_frame   0x00000000       0x48 src/ADC.o
 .debug_frame   0x00000048       0x7c src/ASF/sam0/drivers/extint/extint_callback.o
 .debug_frame   0x000000c4       0xb8 src/ASF/sam0/drivers/extint/extint_sam_d_r_h/extint.o
 .debug_frame   0x0000017c      0x10c src/ASF/sam0/drivers/tc/tc_interrupt.o
 .debug_frame   0x00000288       0xb4 src/ASF/sam0/drivers/tc/tc_sam_d_r_h/tc.o
 .debug_frame   0x0000033c       0x54 src/Ext_INT.o
 .debug_frame   0x00000390      0x170 src/Lora_Func.o
 .debug_frame   0x00000500       0x70 src/Timer.o
 .debug_frame   0x00000570      0x10c src/UART.o
 .debug_frame   0x0000067c       0x64 src/ASF/common2/services/delay/sam0/systick_counter.o
 .debug_frame   0x000006e0       0x30 src/ASF/common/utils/interrupt/interrupt_sam_nvic.o
 .debug_frame   0x00000710       0x30 src/ASF/sam0/boards/samd20_xplained_pro/board_init.o
 .debug_frame   0x00000740       0x44 src/ASF/sam0/drivers/port/port.o
 .debug_frame   0x00000784       0xbc src/ASF/sam0/drivers/sercom/sercom.o
 .debug_frame   0x00000840       0xe8 src/ASF/sam0/drivers/sercom/sercom_interrupt.o
 .debug_frame   0x00000928       0xac src/ASF/sam0/drivers/sercom/usart/usart.o
 .debug_frame   0x000009d4      0x110 src/ASF/sam0/drivers/sercom/usart/usart_interrupt.o
 .debug_frame   0x00000ae4      0x138 src/ASF/sam0/drivers/system/clock/clock_samd20/clock.o
 .debug_frame   0x00000c1c      0x148 src/ASF/sam0/drivers/system/clock/clock_samd20/gclk.o
 .debug_frame   0x00000d64       0x74 src/ASF/sam0/drivers/system/pinmux/pinmux.o
 .debug_frame   0x00000dd8       0x38 src/ASF/sam0/drivers/system/system.o
 .debug_frame   0x00000e10       0x38 src/ASF/sam0/utils/cmsis/samd20/source/gcc/startup_samd20.o
 .debug_frame   0x00000e48       0xa0 src/Main.o
 .debug_frame   0x00000ee8       0x20 c:/program files (x86)/atmel/studio/7.0/toolchain/arm/arm-gnu-toolchain/bin/../lib/gcc/arm-none-eabi/6.2.1/thumb/v6-m\libgcc.a(_udivsi3.o)
 .debug_frame   0x00000f08       0x34 c:/program files (x86)/atmel/studio/7.0/toolchain/arm/arm-gnu-toolchain/bin/../lib/gcc/arm-none-eabi/6.2.1/thumb/v6-m\libgcc.a(_muldi3.o)
 .debug_frame   0x00000f3c       0x2c c:/program files (x86)/atmel/studio/7.0/toolchain/arm/arm-gnu-toolchain/bin/../lib/gcc/arm-none-eabi/6.2.1/../../../../arm-none-eabi/lib/thumb/v6-m\libc_nano.a(lib_a-init.o)
 .debug_frame   0x00000f68       0x28 c:/program files (x86)/atmel/studio/7.0/toolchain/arm/arm-gnu-toolchain/bin/../lib/gcc/arm-none-eabi/6.2.1/../../../../arm-none-eabi/lib/thumb/v6-m\libc_nano.a(lib_a-memcpy-stub.o)

Cross Reference Table

Symbol                                            File
AC_Handler                                        src/ASF/sam0/utils/cmsis/samd20/source/gcc/startup_samd20.o
ADC_Handler                                       src/ASF/sam0/utils/cmsis/samd20/source/gcc/startup_samd20.o
DAC_Handler                                       src/ASF/sam0/utils/cmsis/samd20/source/gcc/startup_samd20.o
Display_Rola_Debug_Msg                            src/Lora_Func.o
Display_Rssi                                      src/Main.o
Dummy_Handler                                     src/ASF/sam0/utils/cmsis/samd20/source/gcc/startup_samd20.o
EIC_Handler                                       src/ASF/sam0/drivers/extint/extint_callback.o
EVSYS_Handler                                     src/ASF/sam0/utils/cmsis/samd20/source/gcc/startup_samd20.o
HardFault_Handler                                 src/ASF/sam0/utils/cmsis/samd20/source/gcc/startup_samd20.o
LastStatus                                        src/Main.o
                                                  src/UART.o
                                                  src/Timer.o
                                                  src/Lora_Func.o
                                                  src/Ext_INT.o
                                                  src/ADC.o
LoRa_IRQ_Flag                                     src/Main.o
                                                  src/UART.o
                                                  src/Timer.o
                                                  src/Lora_Func.o
                                                  src/Ext_INT.o
                                                  src/ADC.o
LoRa_Rx_Flag                                      src/Main.o
                                                  src/UART.o
                                                  src/Timer.o
                                                  src/Lora_Func.o
                                                  src/Ext_INT.o
                                                  src/ADC.o
LoRa_TxRx_Mode_Flag                               src/Main.o
                                                  src/UART.o
                                                  src/Timer.o
                                                  src/Lora_Func.o
                                                  src/Ext_INT.o
                                                  src/ADC.o
Lora_CMD_Func                                     src/Lora_Func.o
                                                  src/Main.o
MyBuffer                                          src/Main.o
                                                  src/UART.o
                                                  src/Timer.o
                                                  src/Lora_Func.o
                                                  src/Ext_INT.o
                                                  src/ADC.o
MyBufferCount                                     src/Main.o
                                                  src/UART.o
                                                  src/Timer.o
                                                  src/Lora_Func.o
                                                  src/Ext_INT.o
                                                  src/ADC.o
MyLoRaFW                                          src/Main.o
                                                  src/UART.o
                                                  src/Timer.o
                                                  src/Lora_Func.o
                                                  src/Ext_INT.o
                                                  src/ADC.o
MyLoRaID                                          src/Main.o
                                                  src/UART.o
                                                  src/Timer.o
                                                  src/Lora_Func.o
                                                  src/Ext_INT.o
                                                  src/ADC.o
MyLoRaTmp                                         src/Lora_Func.o
                                                  src/Main.o
                                                  src/UART.o
                                                  src/Timer.o
                                                  src/Ext_INT.o
                                                  src/ADC.o
MyLoRaTmpCount                                    src/Lora_Func.o
                                                  src/Main.o
                                                  src/UART.o
                                                  src/Timer.o
                                                  src/Ext_INT.o
                                                  src/ADC.o
MyXORFunc                                         src/Lora_Func.o
NMI_Handler                                       src/ASF/sam0/utils/cmsis/samd20/source/gcc/startup_samd20.o
NVMCTRL_Handler                                   src/ASF/sam0/utils/cmsis/samd20/source/gcc/startup_samd20.o
NextStatus                                        src/Main.o
                                                  src/UART.o
                                                  src/Timer.o
                                                  src/Lora_Func.o
                                                  src/Ext_INT.o
                                                  src/ADC.o
NowStatus                                         src/Main.o
                                                  src/UART.o
                                                  src/Timer.o
                                                  src/Lora_Func.o
                                                  src/Ext_INT.o
                                                  src/ADC.o
PM_Handler                                        src/ASF/sam0/utils/cmsis/samd20/source/gcc/startup_samd20.o
PTC_Handler                                       src/ASF/sam0/utils/cmsis/samd20/source/gcc/startup_samd20.o
PendSV_Handler                                    src/ASF/sam0/utils/cmsis/samd20/source/gcc/startup_samd20.o
Print_LoRa_Feedback                               src/Lora_Func.o
RSSIValue                                         src/Main.o
RTC_Handler                                       src/ASF/sam0/utils/cmsis/samd20/source/gcc/startup_samd20.o
Read_LoRa_ID                                      src/Lora_Func.o
Read_LoRa_RxBuffer                                src/Lora_Func.o
Read_LoRa_RxCount                                 src/Lora_Func.o
Read_LoRa_Setting                                 src/Lora_Func.o
Reset_Handler                                     src/ASF/sam0/utils/cmsis/samd20/source/gcc/startup_samd20.o
Reset_LoRa                                        src/Lora_Func.o
Rola_Delay_Count                                  src/Main.o
                                                  src/UART.o
                                                  src/Timer.o
                                                  src/Lora_Func.o
                                                  src/Ext_INT.o
                                                  src/ADC.o
SERCOM0_Handler                                   src/ASF/sam0/drivers/sercom/sercom_interrupt.o
SERCOM1_Handler                                   src/ASF/sam0/drivers/sercom/sercom_interrupt.o
SERCOM2_Handler                                   src/ASF/sam0/drivers/sercom/sercom_interrupt.o
SERCOM3_Handler                                   src/ASF/sam0/drivers/sercom/sercom_interrupt.o
SERCOM4_Handler                                   src/ASF/sam0/drivers/sercom/sercom_interrupt.o
SERCOM5_Handler                                   src/ASF/sam0/drivers/sercom/sercom_interrupt.o
SVC_Handler                                       src/ASF/sam0/utils/cmsis/samd20/source/gcc/startup_samd20.o
SYSCTRL_Handler                                   src/ASF/sam0/utils/cmsis/samd20/source/gcc/startup_samd20.o
Sensor_Data                                       src/Main.o
SysTick_Handler                                   src/ASF/sam0/utils/cmsis/samd20/source/gcc/startup_samd20.o
SystemCoreClock                                   src/ASF/sam0/utils/cmsis/samd20/source/system_samd20.o
SystemCoreClockUpdate                             src/ASF/sam0/utils/cmsis/samd20/source/system_samd20.o
SystemInit                                        src/ASF/sam0/utils/cmsis/samd20/source/system_samd20.o
TC0_Handler                                       src/ASF/sam0/drivers/tc/tc_interrupt.o
TC1_Handler                                       src/ASF/sam0/drivers/tc/tc_interrupt.o
TC2_Handler                                       src/ASF/sam0/drivers/tc/tc_interrupt.o
TC3_Handler                                       src/ASF/sam0/drivers/tc/tc_interrupt.o
TC4_Handler                                       src/ASF/sam0/drivers/tc/tc_interrupt.o
TC5_Handler                                       src/ASF/sam0/drivers/tc/tc_interrupt.o
TC6_Handler                                       src/ASF/sam0/drivers/tc/tc_interrupt.o
TC7_Handler                                       src/ASF/sam0/drivers/tc/tc_interrupt.o
TEST_CHAR                                         src/Main.o
                                                  src/UART.o
                                                  src/Timer.o
                                                  src/Lora_Func.o
                                                  src/Ext_INT.o
                                                  src/ADC.o
UartToLora                                        src/Lora_Func.o
Uart_Form_SX1272_callback                         src/UART.o
UserRxCountMax                                    src/Main.o
                                                  src/UART.o
                                                  src/Timer.o
                                                  src/Lora_Func.o
                                                  src/Ext_INT.o
                                                  src/ADC.o
WDT_Handler                                       src/ASF/sam0/utils/cmsis/samd20/source/gcc/startup_samd20.o
Write_LoRa_Mode_FQ                                src/Lora_Func.o
Write_LoRa_Setting                                src/Lora_Func.o
Write_LoRa_TxBuffer                               src/Lora_Func.o
_Jv_RegisterClasses                               c:/program files (x86)/atmel/studio/7.0/toolchain/arm/arm-gnu-toolchain/bin/../lib/gcc/arm-none-eabi/6.2.1/thumb/v6-m/crtbegin.o
__aeabi_idiv0                                     c:/program files (x86)/atmel/studio/7.0/toolchain/arm/arm-gnu-toolchain/bin/../lib/gcc/arm-none-eabi/6.2.1/thumb/v6-m\libgcc.a(_dvmd_tls.o)
                                                  c:/program files (x86)/atmel/studio/7.0/toolchain/arm/arm-gnu-toolchain/bin/../lib/gcc/arm-none-eabi/6.2.1/thumb/v6-m\libgcc.a(_udivsi3.o)
__aeabi_ldiv0                                     c:/program files (x86)/atmel/studio/7.0/toolchain/arm/arm-gnu-toolchain/bin/../lib/gcc/arm-none-eabi/6.2.1/thumb/v6-m\libgcc.a(_dvmd_tls.o)
__aeabi_lmul                                      c:/program files (x86)/atmel/studio/7.0/toolchain/arm/arm-gnu-toolchain/bin/../lib/gcc/arm-none-eabi/6.2.1/thumb/v6-m\libgcc.a(_muldi3.o)
                                                  src/ASF/sam0/drivers/sercom/sercom.o
__aeabi_uidiv                                     c:/program files (x86)/atmel/studio/7.0/toolchain/arm/arm-gnu-toolchain/bin/../lib/gcc/arm-none-eabi/6.2.1/thumb/v6-m\libgcc.a(_udivsi3.o)
                                                  src/ASF/sam0/drivers/system/clock/clock_samd20/gclk.o
                                                  src/ASF/common2/services/delay/sam0/systick_counter.o
                                                  src/UART.o
__aeabi_uidivmod                                  c:/program files (x86)/atmel/studio/7.0/toolchain/arm/arm-gnu-toolchain/bin/../lib/gcc/arm-none-eabi/6.2.1/thumb/v6-m\libgcc.a(_udivsi3.o)
                                                  src/UART.o
__bss_end__                                       c:/program files (x86)/atmel/studio/7.0/toolchain/arm/arm-gnu-toolchain/bin/../lib/gcc/arm-none-eabi/6.2.1/../../../../arm-none-eabi/lib/thumb/v6-m/crt0.o
__bss_start__                                     c:/program files (x86)/atmel/studio/7.0/toolchain/arm/arm-gnu-toolchain/bin/../lib/gcc/arm-none-eabi/6.2.1/../../../../arm-none-eabi/lib/thumb/v6-m/crt0.o
__call_exitprocs                                  c:/program files (x86)/atmel/studio/7.0/toolchain/arm/arm-gnu-toolchain/bin/../lib/gcc/arm-none-eabi/6.2.1/../../../../arm-none-eabi/lib/thumb/v6-m\libc_nano.a(lib_a-exit.o)
__deregister_frame_info                           c:/program files (x86)/atmel/studio/7.0/toolchain/arm/arm-gnu-toolchain/bin/../lib/gcc/arm-none-eabi/6.2.1/thumb/v6-m/crtbegin.o
__dso_handle                                      c:/program files (x86)/atmel/studio/7.0/toolchain/arm/arm-gnu-toolchain/bin/../lib/gcc/arm-none-eabi/6.2.1/thumb/v6-m/crtbegin.o
__init_array_end                                  c:/program files (x86)/atmel/studio/7.0/toolchain/arm/arm-gnu-toolchain/bin/../lib/gcc/arm-none-eabi/6.2.1/../../../../arm-none-eabi/lib/thumb/v6-m\libc_nano.a(lib_a-init.o)
__init_array_start                                c:/program files (x86)/atmel/studio/7.0/toolchain/arm/arm-gnu-toolchain/bin/../lib/gcc/arm-none-eabi/6.2.1/../../../../arm-none-eabi/lib/thumb/v6-m\libc_nano.a(lib_a-init.o)
__libc_fini_array                                 c:/program files (x86)/atmel/studio/7.0/toolchain/arm/arm-gnu-toolchain/bin/../lib/gcc/arm-none-eabi/6.2.1/../../../../arm-none-eabi/lib/thumb/v6-m/crt0.o
__libc_init_array                                 c:/program files (x86)/atmel/studio/7.0/toolchain/arm/arm-gnu-toolchain/bin/../lib/gcc/arm-none-eabi/6.2.1/../../../../arm-none-eabi/lib/thumb/v6-m\libc_nano.a(lib_a-init.o)
                                                  src/ASF/sam0/utils/cmsis/samd20/source/gcc/startup_samd20.o
                                                  c:/program files (x86)/atmel/studio/7.0/toolchain/arm/arm-gnu-toolchain/bin/../lib/gcc/arm-none-eabi/6.2.1/../../../../arm-none-eabi/lib/thumb/v6-m/crt0.o
__muldi3                                          c:/program files (x86)/atmel/studio/7.0/toolchain/arm/arm-gnu-toolchain/bin/../lib/gcc/arm-none-eabi/6.2.1/thumb/v6-m\libgcc.a(_muldi3.o)
__preinit_array_end                               c:/program files (x86)/atmel/studio/7.0/toolchain/arm/arm-gnu-toolchain/bin/../lib/gcc/arm-none-eabi/6.2.1/../../../../arm-none-eabi/lib/thumb/v6-m\libc_nano.a(lib_a-init.o)
__preinit_array_start                             c:/program files (x86)/atmel/studio/7.0/toolchain/arm/arm-gnu-toolchain/bin/../lib/gcc/arm-none-eabi/6.2.1/../../../../arm-none-eabi/lib/thumb/v6-m\libc_nano.a(lib_a-init.o)
__register_frame_info                             c:/program files (x86)/atmel/studio/7.0/toolchain/arm/arm-gnu-toolchain/bin/../lib/gcc/arm-none-eabi/6.2.1/thumb/v6-m/crtbegin.o
__sf_fake_stderr                                  c:/program files (x86)/atmel/studio/7.0/toolchain/arm/arm-gnu-toolchain/bin/../lib/gcc/arm-none-eabi/6.2.1/../../../../arm-none-eabi/lib/thumb/v6-m\libc_nano.a(lib_a-impure.o)
__sf_fake_stdin                                   c:/program files (x86)/atmel/studio/7.0/toolchain/arm/arm-gnu-toolchain/bin/../lib/gcc/arm-none-eabi/6.2.1/../../../../arm-none-eabi/lib/thumb/v6-m\libc_nano.a(lib_a-impure.o)
__sf_fake_stdout                                  c:/program files (x86)/atmel/studio/7.0/toolchain/arm/arm-gnu-toolchain/bin/../lib/gcc/arm-none-eabi/6.2.1/../../../../arm-none-eabi/lib/thumb/v6-m\libc_nano.a(lib_a-impure.o)
__stack                                           c:/program files (x86)/atmel/studio/7.0/toolchain/arm/arm-gnu-toolchain/bin/../lib/gcc/arm-none-eabi/6.2.1/../../../../arm-none-eabi/lib/thumb/v6-m/crt0.o
__udivsi3                                         c:/program files (x86)/atmel/studio/7.0/toolchain/arm/arm-gnu-toolchain/bin/../lib/gcc/arm-none-eabi/6.2.1/thumb/v6-m\libgcc.a(_udivsi3.o)
_close                                            src/ASF/sam0/utils/syscalls/gcc/syscalls.o
_current_channel                                  src/ASF/sam0/drivers/extint/extint_callback.o
_end                                              src/ASF/sam0/utils/syscalls/gcc/syscalls.o
_erelocate                                        src/ASF/sam0/utils/cmsis/samd20/source/gcc/startup_samd20.o
_estack                                           src/ASF/sam0/utils/cmsis/samd20/source/gcc/startup_samd20.o
_etext                                            src/ASF/sam0/utils/cmsis/samd20/source/gcc/startup_samd20.o
_exit                                             src/ASF/sam0/utils/syscalls/gcc/syscalls.o
                                                  c:/program files (x86)/atmel/studio/7.0/toolchain/arm/arm-gnu-toolchain/bin/../lib/gcc/arm-none-eabi/6.2.1/../../../../arm-none-eabi/lib/thumb/v6-m\libc_nano.a(lib_a-exit.o)
_extint_dev                                       src/ASF/sam0/drivers/extint/extint_sam_d_r_h/extint.o
                                                  src/ASF/sam0/drivers/extint/extint_callback.o
_ezero                                            src/ASF/sam0/utils/cmsis/samd20/source/gcc/startup_samd20.o
_fini                                             c:/program files (x86)/atmel/studio/7.0/toolchain/arm/arm-gnu-toolchain/bin/../lib/gcc/arm-none-eabi/6.2.1/thumb/v6-m/crti.o
_fstat                                            src/ASF/sam0/utils/syscalls/gcc/syscalls.o
_getpid                                           src/ASF/sam0/utils/syscalls/gcc/syscalls.o
_global_impure_ptr                                c:/program files (x86)/atmel/studio/7.0/toolchain/arm/arm-gnu-toolchain/bin/../lib/gcc/arm-none-eabi/6.2.1/../../../../arm-none-eabi/lib/thumb/v6-m\libc_nano.a(lib_a-impure.o)
                                                  c:/program files (x86)/atmel/studio/7.0/toolchain/arm/arm-gnu-toolchain/bin/../lib/gcc/arm-none-eabi/6.2.1/../../../../arm-none-eabi/lib/thumb/v6-m\libc_nano.a(lib_a-exit.o)
_impure_ptr                                       c:/program files (x86)/atmel/studio/7.0/toolchain/arm/arm-gnu-toolchain/bin/../lib/gcc/arm-none-eabi/6.2.1/../../../../arm-none-eabi/lib/thumb/v6-m\libc_nano.a(lib_a-impure.o)
_init                                             c:/program files (x86)/atmel/studio/7.0/toolchain/arm/arm-gnu-toolchain/bin/../lib/gcc/arm-none-eabi/6.2.1/thumb/v6-m/crti.o
                                                  c:/program files (x86)/atmel/studio/7.0/toolchain/arm/arm-gnu-toolchain/bin/../lib/gcc/arm-none-eabi/6.2.1/../../../../arm-none-eabi/lib/thumb/v6-m\libc_nano.a(lib_a-init.o)
_isatty                                           src/ASF/sam0/utils/syscalls/gcc/syscalls.o
_kill                                             src/ASF/sam0/utils/syscalls/gcc/syscalls.o
_lseek                                            src/ASF/sam0/utils/syscalls/gcc/syscalls.o
_mainCRTStartup                                   c:/program files (x86)/atmel/studio/7.0/toolchain/arm/arm-gnu-toolchain/bin/../lib/gcc/arm-none-eabi/6.2.1/../../../../arm-none-eabi/lib/thumb/v6-m/crt0.o
_sbrk                                             src/ASF/sam0/utils/syscalls/gcc/syscalls.o
_sercom_get_async_baud_val                        src/ASF/sam0/drivers/sercom/sercom.o
                                                  src/ASF/sam0/drivers/sercom/usart/usart.o
_sercom_get_default_pad                           src/ASF/sam0/drivers/sercom/sercom.o
                                                  src/ASF/sam0/drivers/sercom/usart/usart.o
_sercom_get_interrupt_vector                      src/ASF/sam0/drivers/sercom/sercom_interrupt.o
                                                  src/UART.o
_sercom_get_sercom_inst_index                     src/ASF/sam0/drivers/sercom/sercom.o
                                                  src/ASF/sam0/drivers/sercom/usart/usart.o
                                                  src/ASF/sam0/drivers/sercom/sercom_interrupt.o
_sercom_get_sync_baud_val                         src/ASF/sam0/drivers/sercom/sercom.o
                                                  src/ASF/sam0/drivers/sercom/usart/usart.o
_sercom_instances                                 src/ASF/sam0/drivers/sercom/sercom_interrupt.o
                                                  src/ASF/sam0/drivers/sercom/usart/usart_interrupt.o
                                                  src/ASF/sam0/drivers/sercom/usart/usart.o
_sercom_set_handler                               src/ASF/sam0/drivers/sercom/sercom_interrupt.o
                                                  src/ASF/sam0/drivers/sercom/usart/usart.o
_sfixed                                           src/ASF/sam0/utils/cmsis/samd20/source/gcc/startup_samd20.o
_srelocate                                        src/ASF/sam0/utils/cmsis/samd20/source/gcc/startup_samd20.o
_start                                            c:/program files (x86)/atmel/studio/7.0/toolchain/arm/arm-gnu-toolchain/bin/../lib/gcc/arm-none-eabi/6.2.1/../../../../arm-none-eabi/lib/thumb/v6-m/crt0.o
_system_divas_init                                src/ASF/sam0/drivers/system/system.o
_system_dummy_init                                src/ASF/sam0/drivers/system/system.o
_system_events_init                               src/ASF/sam0/drivers/system/system.o
_system_extint_init                               src/ASF/sam0/drivers/extint/extint_sam_d_r_h/extint.o
_szero                                            src/ASF/sam0/utils/cmsis/samd20/source/gcc/startup_samd20.o
_tc_get_inst_index                                src/ASF/sam0/drivers/tc/tc_sam_d_r_h/tc.o
                                                  src/Timer.o
_tc_instances                                     src/ASF/sam0/drivers/tc/tc_interrupt.o
                                                  src/ASF/sam0/drivers/tc/tc_sam_d_r_h/tc.o
_tc_interrupt_handler                             src/ASF/sam0/drivers/tc/tc_interrupt.o
_usart_interrupt_handler                          src/ASF/sam0/drivers/sercom/usart/usart_interrupt.o
                                                  src/ASF/sam0/drivers/sercom/usart/usart.o
_usart_read_buffer                                src/ASF/sam0/drivers/sercom/usart/usart_interrupt.o
_usart_write_buffer                               src/ASF/sam0/drivers/sercom/usart/usart_interrupt.o
adc_get_config_defaults                           src/ASF/sam0/drivers/adc/adc_sam_d_r_h/adc.o
                                                  src/ADC.o
adc_get_val                                       src/ADC.o
adc_init                                          src/ASF/sam0/drivers/adc/adc_sam_d_r_h/adc.o
                                                  src/ADC.o
adc_instance                                      src/Main.o
                                                  src/UART.o
                                                  src/Timer.o
                                                  src/Lora_Func.o
                                                  src/Ext_INT.o
                                                  src/ADC.o
adc_regular_ain_channel                           src/ASF/sam0/drivers/adc/adc_sam_d_r_h/adc.o
adc_result_buffer                                 src/Main.o
                                                  src/UART.o
                                                  src/Timer.o
                                                  src/Lora_Func.o
                                                  src/Ext_INT.o
                                                  src/ADC.o
adc_set_window_mode                               src/ASF/sam0/drivers/adc/adc_sam_d_r_h/adc.o
atexit                                            c:/program files (x86)/atmel/studio/7.0/toolchain/arm/arm-gnu-toolchain/bin/../lib/gcc/arm-none-eabi/6.2.1/../../../../arm-none-eabi/lib/thumb/v6-m/crt0.o
board_init                                        src/ASF/sam0/boards/samd20_xplained_pro/board_init.o
configure_adc                                     src/ADC.o
configure_extint_callbacks                        src/Ext_INT.o
                                                  src/Main.o
configure_extint_channel                          src/Ext_INT.o
                                                  src/Main.o
configure_tc                                      src/Timer.o
configure_tc_callbacks                            src/Timer.o
configure_usart                                   src/UART.o
                                                  src/Main.o
configure_usart_callbacks                         src/UART.o
                                                  src/Main.o
cpu_irq_enter_critical                            src/ASF/common/utils/interrupt/interrupt_sam_nvic.o
                                                  src/ASF/sam0/drivers/system/clock/clock_samd20/gclk.o
                                                  src/ASF/sam0/drivers/sercom/usart/usart_interrupt.o
cpu_irq_leave_critical                            src/ASF/common/utils/interrupt/interrupt_sam_nvic.o
                                                  src/ASF/sam0/drivers/system/clock/clock_samd20/gclk.o
                                                  src/ASF/sam0/drivers/sercom/usart/usart_interrupt.o
delay_cycles_ms                                   src/ASF/common2/services/delay/sam0/systick_counter.o
                                                  src/Main.o
delay_cycles_us                                   src/ASF/common2/services/delay/sam0/systick_counter.o
                                                  src/Lora_Func.o
delay_init                                        src/ASF/common2/services/delay/sam0/systick_counter.o
                                                  src/Main.o
dev                                               src/Main.o
exception_table                                   src/ASF/sam0/utils/cmsis/samd20/source/gcc/startup_samd20.o
exit                                              c:/program files (x86)/atmel/studio/7.0/toolchain/arm/arm-gnu-toolchain/bin/../lib/gcc/arm-none-eabi/6.2.1/../../../../arm-none-eabi/lib/thumb/v6-m\libc_nano.a(lib_a-exit.o)
                                                  c:/program files (x86)/atmel/studio/7.0/toolchain/arm/arm-gnu-toolchain/bin/../lib/gcc/arm-none-eabi/6.2.1/../../../../arm-none-eabi/lib/thumb/v6-m/crt0.o
extint_chan_disable_callback                      src/ASF/sam0/drivers/extint/extint_callback.o
extint_chan_enable_callback                       src/ASF/sam0/drivers/extint/extint_callback.o
                                                  src/Ext_INT.o
extint_chan_get_config_defaults                   src/ASF/sam0/drivers/extint/extint_sam_d_r_h/extint.o
                                                  src/Ext_INT.o
extint_chan_set_config                            src/ASF/sam0/drivers/extint/extint_sam_d_r_h/extint.o
                                                  src/Ext_INT.o
extint_detection_callback                         src/Ext_INT.o
extint_disable_events                             src/ASF/sam0/drivers/extint/extint_sam_d_r_h/extint.o
extint_enable_events                              src/ASF/sam0/drivers/extint/extint_sam_d_r_h/extint.o
extint_get_current_channel                        src/ASF/sam0/drivers/extint/extint_callback.o
extint_nmi_set_config                             src/ASF/sam0/drivers/extint/extint_sam_d_r_h/extint.o
extint_register_callback                          src/ASF/sam0/drivers/extint/extint_callback.o
                                                  src/Ext_INT.o
extint_unregister_callback                        src/ASF/sam0/drivers/extint/extint_callback.o
f_count                                           src/Main.o
                                                  src/UART.o
                                                  src/Timer.o
                                                  src/Lora_Func.o
                                                  src/Ext_INT.o
                                                  src/ADC.o
flag                                              src/Main.o
                                                  src/UART.o
                                                  src/Timer.o
                                                  src/Lora_Func.o
                                                  src/Ext_INT.o
                                                  src/ADC.o
g_interrupt_enabled                               src/ASF/common/utils/interrupt/interrupt_sam_nvic.o
                                                  src/Main.o
hardware_init_hook                                c:/program files (x86)/atmel/studio/7.0/toolchain/arm/arm-gnu-toolchain/bin/../lib/gcc/arm-none-eabi/6.2.1/../../../../arm-none-eabi/lib/thumb/v6-m/crt0.o
hex_to_ascii                                      src/UART.o
                                                  src/Main.o
hex_to_bcd                                        src/UART.o
                                                  src/Main.o
lcd_4bit                                          src/Main.o
lcd_command                                       src/Main.o
lcd_init                                          src/Main.o
link                                              src/ASF/sam0/utils/syscalls/gcc/syscalls.o
main                                              src/Main.o
                                                  src/ASF/sam0/utils/cmsis/samd20/source/gcc/startup_samd20.o
                                                  c:/program files (x86)/atmel/studio/7.0/toolchain/arm/arm-gnu-toolchain/bin/../lib/gcc/arm-none-eabi/6.2.1/../../../../arm-none-eabi/lib/thumb/v6-m/crt0.o
memcpy                                            c:/program files (x86)/atmel/studio/7.0/toolchain/arm/arm-gnu-toolchain/bin/../lib/gcc/arm-none-eabi/6.2.1/../../../../arm-none-eabi/lib/thumb/v6-m\libc_nano.a(lib_a-memcpy-stub.o)
                                                  src/ASF/sam0/drivers/tc/tc_sam_d_r_h/tc.o
                                                  src/ASF/sam0/drivers/adc/adc_sam_d_r_h/adc.o
memset                                            c:/program files (x86)/atmel/studio/7.0/toolchain/arm/arm-gnu-toolchain/bin/../lib/gcc/arm-none-eabi/6.2.1/../../../../arm-none-eabi/lib/thumb/v6-m\libc_nano.a(lib_a-memset.o)
                                                  c:/program files (x86)/atmel/studio/7.0/toolchain/arm/arm-gnu-toolchain/bin/../lib/gcc/arm-none-eabi/6.2.1/../../../../arm-none-eabi/lib/thumb/v6-m/crt0.o
port_group_set_config                             src/ASF/sam0/drivers/port/port.o
port_pin_set_config                               src/ASF/sam0/drivers/port/port.o
                                                  src/ASF/sam0/boards/samd20_xplained_pro/board_init.o
rx_buffer                                         src/Main.o
                                                  src/UART.o
                                                  src/Timer.o
                                                  src/Lora_Func.o
                                                  src/Ext_INT.o
                                                  src/ADC.o
sercom_set_gclk_generator                         src/ASF/sam0/drivers/sercom/sercom.o
                                                  src/ASF/sam0/drivers/sercom/usart/usart.o
software_init_hook                                c:/program files (x86)/atmel/studio/7.0/toolchain/arm/arm-gnu-toolchain/bin/../lib/gcc/arm-none-eabi/6.2.1/../../../../arm-none-eabi/lib/thumb/v6-m/crt0.o
system_board_init                                 src/ASF/sam0/boards/samd20_xplained_pro/board_init.o
system_clock_init                                 src/ASF/sam0/drivers/system/clock/clock_samd20/clock.o
system_clock_source_dfll_set_config               src/ASF/sam0/drivers/system/clock/clock_samd20/clock.o
system_clock_source_disable                       src/ASF/sam0/drivers/system/clock/clock_samd20/clock.o
system_clock_source_enable                        src/ASF/sam0/drivers/system/clock/clock_samd20/clock.o
system_clock_source_get_hz                        src/ASF/sam0/drivers/system/clock/clock_samd20/clock.o
                                                  src/ASF/sam0/drivers/system/clock/clock_samd20/gclk.o
system_clock_source_is_ready                      src/ASF/sam0/drivers/system/clock/clock_samd20/clock.o
system_clock_source_osc32k_set_config             src/ASF/sam0/drivers/system/clock/clock_samd20/clock.o
system_clock_source_osc8m_set_config              src/ASF/sam0/drivers/system/clock/clock_samd20/clock.o
system_clock_source_write_calibration             src/ASF/sam0/drivers/system/clock/clock_samd20/clock.o